Archive member included to satisfy reference by file (symbol)

/Applications/STM32CubeIDE.app/Contents/Eclipse/plugins/com.st.stm32cube.ide.mcu.externaltools.gnu-tools-for-stm32.13.3.rel1.macos64_1.0.0.202411102158/tools/bin/../lib/gcc/arm-none-eabi/13.3.1/../../../../arm-none-eabi/lib/thumb/v7-m/nofp/libc_nano.a(libc_a-exit.o)
                              /Applications/STM32CubeIDE.app/Contents/Eclipse/plugins/com.st.stm32cube.ide.mcu.externaltools.gnu-tools-for-stm32.13.3.rel1.macos64_1.0.0.202411102158/tools/bin/../lib/gcc/arm-none-eabi/13.3.1/../../../../arm-none-eabi/lib/thumb/v7-m/nofp/crt0.o (exit)
/Applications/STM32CubeIDE.app/Contents/Eclipse/plugins/com.st.stm32cube.ide.mcu.externaltools.gnu-tools-for-stm32.13.3.rel1.macos64_1.0.0.202411102158/tools/bin/../lib/gcc/arm-none-eabi/13.3.1/../../../../arm-none-eabi/lib/thumb/v7-m/nofp/libc_nano.a(libc_a-snprintf.o)
                              ./Core/Src/main.o (snprintf)
/Applications/STM32CubeIDE.app/Contents/Eclipse/plugins/com.st.stm32cube.ide.mcu.externaltools.gnu-tools-for-stm32.13.3.rel1.macos64_1.0.0.202411102158/tools/bin/../lib/gcc/arm-none-eabi/13.3.1/../../../../arm-none-eabi/lib/thumb/v7-m/nofp/libc_nano.a(libc_a-findfp.o)
                              /Applications/STM32CubeIDE.app/Contents/Eclipse/plugins/com.st.stm32cube.ide.mcu.externaltools.gnu-tools-for-stm32.13.3.rel1.macos64_1.0.0.202411102158/tools/bin/../lib/gcc/arm-none-eabi/13.3.1/../../../../arm-none-eabi/lib/thumb/v7-m/nofp/libc_nano.a(libc_a-exit.o) (__stdio_exit_handler)
/Applications/STM32CubeIDE.app/Contents/Eclipse/plugins/com.st.stm32cube.ide.mcu.externaltools.gnu-tools-for-stm32.13.3.rel1.macos64_1.0.0.202411102158/tools/bin/../lib/gcc/arm-none-eabi/13.3.1/../../../../arm-none-eabi/lib/thumb/v7-m/nofp/libc_nano.a(libc_a-fwalk.o)
                              /Applications/STM32CubeIDE.app/Contents/Eclipse/plugins/com.st.stm32cube.ide.mcu.externaltools.gnu-tools-for-stm32.13.3.rel1.macos64_1.0.0.202411102158/tools/bin/../lib/gcc/arm-none-eabi/13.3.1/../../../../arm-none-eabi/lib/thumb/v7-m/nofp/libc_nano.a(libc_a-findfp.o) (_fwalk_sglue)
/Applications/STM32CubeIDE.app/Contents/Eclipse/plugins/com.st.stm32cube.ide.mcu.externaltools.gnu-tools-for-stm32.13.3.rel1.macos64_1.0.0.202411102158/tools/bin/../lib/gcc/arm-none-eabi/13.3.1/../../../../arm-none-eabi/lib/thumb/v7-m/nofp/libc_nano.a(libc_a-memset.o)
                              /Applications/STM32CubeIDE.app/Contents/Eclipse/plugins/com.st.stm32cube.ide.mcu.externaltools.gnu-tools-for-stm32.13.3.rel1.macos64_1.0.0.202411102158/tools/bin/../lib/gcc/arm-none-eabi/13.3.1/../../../../arm-none-eabi/lib/thumb/v7-m/nofp/crt0.o (memset)
/Applications/STM32CubeIDE.app/Contents/Eclipse/plugins/com.st.stm32cube.ide.mcu.externaltools.gnu-tools-for-stm32.13.3.rel1.macos64_1.0.0.202411102158/tools/bin/../lib/gcc/arm-none-eabi/13.3.1/../../../../arm-none-eabi/lib/thumb/v7-m/nofp/libc_nano.a(libc_a-errno.o)
                              ./Core/Src/syscalls.o (__errno)
/Applications/STM32CubeIDE.app/Contents/Eclipse/plugins/com.st.stm32cube.ide.mcu.externaltools.gnu-tools-for-stm32.13.3.rel1.macos64_1.0.0.202411102158/tools/bin/../lib/gcc/arm-none-eabi/13.3.1/../../../../arm-none-eabi/lib/thumb/v7-m/nofp/libc_nano.a(libc_a-init.o)
                              /Applications/STM32CubeIDE.app/Contents/Eclipse/plugins/com.st.stm32cube.ide.mcu.externaltools.gnu-tools-for-stm32.13.3.rel1.macos64_1.0.0.202411102158/tools/bin/../lib/gcc/arm-none-eabi/13.3.1/../../../../arm-none-eabi/lib/thumb/v7-m/nofp/crt0.o (__libc_init_array)
/Applications/STM32CubeIDE.app/Contents/Eclipse/plugins/com.st.stm32cube.ide.mcu.externaltools.gnu-tools-for-stm32.13.3.rel1.macos64_1.0.0.202411102158/tools/bin/../lib/gcc/arm-none-eabi/13.3.1/../../../../arm-none-eabi/lib/thumb/v7-m/nofp/libc_nano.a(libc_a-lock.o)
                              /Applications/STM32CubeIDE.app/Contents/Eclipse/plugins/com.st.stm32cube.ide.mcu.externaltools.gnu-tools-for-stm32.13.3.rel1.macos64_1.0.0.202411102158/tools/bin/../lib/gcc/arm-none-eabi/13.3.1/../../../../arm-none-eabi/lib/thumb/v7-m/nofp/libc_nano.a(libc_a-findfp.o) (__retarget_lock_init_recursive)
/Applications/STM32CubeIDE.app/Contents/Eclipse/plugins/com.st.stm32cube.ide.mcu.externaltools.gnu-tools-for-stm32.13.3.rel1.macos64_1.0.0.202411102158/tools/bin/../lib/gcc/arm-none-eabi/13.3.1/../../../../arm-none-eabi/lib/thumb/v7-m/nofp/libc_nano.a(libc_a-impure.o)
                              /Applications/STM32CubeIDE.app/Contents/Eclipse/plugins/com.st.stm32cube.ide.mcu.externaltools.gnu-tools-for-stm32.13.3.rel1.macos64_1.0.0.202411102158/tools/bin/../lib/gcc/arm-none-eabi/13.3.1/../../../../arm-none-eabi/lib/thumb/v7-m/nofp/libc_nano.a(libc_a-snprintf.o) (_impure_ptr)
[...]
Memory Configuration

Name             Origin             Length             Attributes
RAM              0x20000000         0x00005000         xrw
FLASH            0x08000000         0x00010000         xr
*default*        0x00000000         0xffffffff

Linker script and memory map

LOAD /Applications/STM32CubeIDE.app/Contents/Eclipse/plugins/com.st.stm32cube.ide.mcu.externaltools.gnu-tools-for-stm32.13.3.rel1.macos64_1.0.0.202411102158/tools/bin/../lib/gcc/arm-none-eabi/13.3.1/thumb/v7-m/nofp/crti.o
LOAD /Applications/STM32CubeIDE.app/Contents/Eclipse/plugins/com.st.stm32cube.ide.mcu.externaltools.gnu-tools-for-stm32.13.3.rel1.macos64_1.0.0.202411102158/tools/bin/../lib/gcc/arm-none-eabi/13.3.1/thumb/v7-m/nofp/crtbegin.o
LOAD /Applications/STM32CubeIDE.app/Contents/Eclipse/plugins/com.st.stm32cube.ide.mcu.externaltools.gnu-tools-for-stm32.13.3.rel1.macos64_1.0.0.202411102158/tools/bin/../lib/gcc/arm-none-eabi/13.3.1/../../../../arm-none-eabi/lib/thumb/v7-m/nofp/crt0.o
LOAD ./Core/Src/fonts.o
LOAD ./Core/Src/main.o
LOAD ./Core/Src/ssd1306.o
LOAD ./Core/Src/stm32f1xx_hal_msp.o
LOAD ./Core/Src/stm32f1xx_it.o
LOAD ./Core/Src/syscalls.o
LOAD ./Core/Src/sysmem.o
LOAD ./Core/Src/system_stm32f1xx.o
LOAD ./Core/Startup/startup_stm32f103c8tx.o
LOAD ./Drivers/STM32F1xx_HAL_Driver/Src/stm32f1xx_hal.o
LOAD ./Drivers/STM32F1xx_HAL_Driver/Src/stm32f1xx_hal_adc.o
LOAD ./Drivers/STM32F1xx_HAL_Driver/Src/stm32f1xx_hal_adc_ex.o
LOAD ./Drivers/STM32F1xx_HAL_Driver/Src/stm32f1xx_hal_cortex.o
LOAD ./Drivers/STM32F1xx_HAL_Driver/Src/stm32f1xx_hal_dma.o
LOAD ./Drivers/STM32F1xx_HAL_Driver/Src/stm32f1xx_hal_exti.o
LOAD ./Drivers/STM32F1xx_HAL_Driver/Src/stm32f1xx_hal_flash.o
LOAD ./Drivers/STM32F1xx_HAL_Driver/Src/stm32f1xx_hal_flash_ex.o
LOAD ./Drivers/STM32F1xx_HAL_Driver/Src/stm32f1xx_hal_gpio.o
LOAD ./Drivers/STM32F1xx_HAL_Driver/Src/stm32f1xx_hal_gpio_ex.o
LOAD ./Drivers/STM32F1xx_HAL_Driver/Src/stm32f1xx_hal_i2c.o
LOAD ./Drivers/STM32F1xx_HAL_Driver/Src/stm32f1xx_hal_pwr.o
LOAD ./Drivers/STM32F1xx_HAL_Driver/Src/stm32f1xx_hal_rcc.o
LOAD ./Drivers/STM32F1xx_HAL_Driver/Src/stm32f1xx_hal_rcc_ex.o
LOAD ./Drivers/STM32F1xx_HAL_Driver/Src/stm32f1xx_hal_spi.o
LOAD ./Drivers/STM32F1xx_HAL_Driver/Src/stm32f1xx_hal_tim.o
LOAD ./Drivers/STM32F1xx_HAL_Driver/Src/stm32f1xx_hal_tim_ex.o
LOAD ./Drivers/STM32F1xx_HAL_Driver/Src/stm32f1xx_hal_uart.o
LOAD ./FATFS/App/fatfs.o
LOAD ./FATFS/Target/user_diskio.o
LOAD ./Middlewares/Third_Party/FatFs/src/diskio.o
LOAD ./Middlewares/Third_Party/FatFs/src/ff.o
LOAD ./Middlewares/Third_Party/FatFs/src/ff_gen_drv.o
LOAD ./Middlewares/Third_Party/FatFs/src/option/syscall.o
START GROUP
LOAD /Applications/STM32CubeIDE.app/Contents/Eclipse/plugins/com.st.stm32cube.ide.mcu.externaltools.gnu-tools-for-stm32.13.3.rel1.macos64_1.0.0.202411102158/tools/bin/../lib/gcc/arm-none-eabi/13.3.1/../../../../arm-none-eabi/lib/thumb/v7-m/nofp/libc_nano.a
LOAD /Applications/STM32CubeIDE.app/Contents/Eclipse/plugins/com.st.stm32cube.ide.mcu.externaltools.gnu-tools-for-stm32.13.3.rel1.macos64_1.0.0.202411102158/tools/bin/../lib/gcc/arm-none-eabi/13.3.1/../../../../arm-none-eabi/lib/thumb/v7-m/nofp/libm.a
END GROUP
START GROUP
LOAD /Applications/STM32CubeIDE.app/Contents/Eclipse/plugins/com.st.stm32cube.ide.mcu.externaltools.gnu-tools-for-stm32.13.3.rel1.macos64_1.0.0.202411102158/tools/bin/../lib/gcc/arm-none-eabi/13.3.1/thumb/v7-m/nofp/libgcc.a
LOAD /Applications/STM32CubeIDE.app/Contents/Eclipse/plugins/com.st.stm32cube.ide.mcu.externaltools.gnu-tools-for-stm32.13.3.rel1.macos64_1.0.0.202411102158/tools/bin/../lib/gcc/arm-none-eabi/13.3.1/../../../../arm-none-eabi/lib/thumb/v7-m/nofp/libc_nano.a
END GROUP
START GROUP
LOAD /Applications/STM32CubeIDE.app/Contents/Eclipse/plugins/com.st.stm32cube.ide.mcu.externaltools.gnu-tools-for-stm32.13.3.rel1.macos64_1.0.0.202411102158/tools/bin/../lib/gcc/arm-none-eabi/13.3.1/thumb/v7-m/nofp/libgcc.a
LOAD /Applications/STM32CubeIDE.app/Contents/Eclipse/plugins/com.st.stm32cube.ide.mcu.externaltools.gnu-tools-for-stm32.13.3.rel1.macos64_1.0.0.202411102158/tools/bin/../lib/gcc/arm-none-eabi/13.3.1/../../../../arm-none-eabi/lib/thumb/v7-m/nofp/libc_nano.a
LOAD /Applications/STM32CubeIDE.app/Contents/Eclipse/plugins/com.st.stm32cube.ide.mcu.externaltools.gnu-tools-for-stm32.13.3.rel1.macos64_1.0.0.202411102158/tools/bin/../lib/gcc/arm-none-eabi/13.3.1/../../../../arm-none-eabi/lib/thumb/v7-m/nofp/libnosys.a
END GROUP
START GROUP
LOAD /Applications/STM32CubeIDE.app/Contents/Eclipse/plugins/com.st.stm32cube.ide.mcu.externaltools.gnu-tools-for-stm32.13.3.rel1.macos64_1.0.0.202411102158/tools/bin/../lib/gcc/arm-none-eabi/13.3.1/thumb/v7-m/nofp/libgcc.a
LOAD /Applications/STM32CubeIDE.app/Contents/Eclipse/plugins/com.st.stm32cube.ide.mcu.externaltools.gnu-tools-for-stm32.13.3.rel1.macos64_1.0.0.202411102158/tools/bin/../lib/gcc/arm-none-eabi/13.3.1/../../../../arm-none-eabi/lib/thumb/v7-m/nofp/libc_nano.a
LOAD /Applications/STM32CubeIDE.app/Contents/Eclipse/plugins/com.st.stm32cube.ide.mcu.externaltools.gnu-tools-for-stm32.13.3.rel1.macos64_1.0.0.202411102158/tools/bin/../lib/gcc/arm-none-eabi/13.3.1/../../../../arm-none-eabi/lib/thumb/v7-m/nofp/libnosys.a
END GROUP
LOAD /Applications/STM32CubeIDE.app/Contents/Eclipse/plugins/com.st.stm32cube.ide.mcu.externaltools.gnu-tools-for-stm32.13.3.rel1.macos64_1.0.0.202411102158/tools/bin/../lib/gcc/arm-none-eabi/13.3.1/thumb/v7-m/nofp/crtend.o
LOAD /Applications/STM32CubeIDE.app/Contents/Eclipse/plugins/com.st.stm32cube.ide.mcu.externaltools.gnu-tools-for-stm32.13.3.rel1.macos64_1.0.0.202411102158/tools/bin/../lib/gcc/arm-none-eabi/13.3.1/thumb/v7-m/nofp/crtn.o
                0x20005000                        _estack = (ORIGIN (RAM) + LENGTH (RAM))
                0x00000200                        _Min_Heap_Size = 0x200
                0x00000400                        _Min_Stack_Size = 0x400

.isr_vector     0x08000000      0x10c
                0x08000000                        . = ALIGN (0x4)
 *(.isr_vector)
 .isr_vector    0x08000000      0x10c ./Core/Startup/startup_stm32f103c8tx.o
                0x08000000                g_pfnVectors
                0x0800010c                        . = ALIGN (0x4)

.text           0x0800010c     0xbe78
                0x0800010c                        . = ALIGN (0x4)
 *(.text)
 .text          0x0800010c       0x40 /Applications/STM32CubeIDE.app/Contents/Eclipse/plugins/com.st.stm32cube.ide.mcu.externaltools.gnu-tools-for-stm32.13.3.rel1.macos64_1.0.0.202411102158/tools/bin/../lib/gcc/arm-none-eabi/13.3.1/thumb/v7-m/nofp/crtbegin.o
 .text          0x0800014c       0x10 /Applications/STM32CubeIDE.app/Contents/Eclipse/plugins/com.st.stm32cube.ide.mcu.externaltools.gnu-tools-for-stm32.13.3.rel1.macos64_1.0.0.202411102158/tools/bin/../lib/gcc/arm-none-eabi/13.3.1/../../../../arm-none-eabi/lib/thumb/v7-m/nofp/libc_nano.a(libc_a-strlen.o)
                0x0800014c                strlen
 .text          0x0800015c      0x21c /Applications/STM32CubeIDE.app/Contents/Eclipse/plugins/com.st.stm32cube.ide.mcu.externaltools.gnu-tools-for-stm32.13.3.rel1.macos64_1.0.0.202411102158/tools/bin/../lib/gcc/arm-none-eabi/13.3.1/thumb/v7-m/nofp/libgcc.a(_arm_addsubsf3.o)
                0x0800015c                __aeabi_frsub
                0x08000164                __aeabi_fsub
                0x08000164                __subsf3
                0x08000168                __aeabi_fadd
                0x08000168                __addsf3
                0x080002c8                __aeabi_ui2f
                0x080002c8                __floatunsisf
                0x080002d0                __floatsisf
                0x080002d0                __aeabi_i2f
                0x080002ec                __aeabi_ul2f
                0x080002ec                __floatundisf
                0x080002fc                __aeabi_l2f
                0x080002fc                __floatdisf
 .text          0x08000378      0x2a0 /Applications/STM32CubeIDE.app/Contents/Eclipse/plugins/com.st.stm32cube.ide.mcu.externaltools.gnu-tools-for-stm32.13.3.rel1.macos64_1.0.0.202411102158/tools/bin/../lib/gcc/arm-none-eabi/13.3.1/thumb/v7-m/nofp/libgcc.a(_arm_muldivsf3.o)
                0x08000378                __mulsf3
                0x08000378                __aeabi_fmul
                0x080004e0                __divsf3
                0x080004e0                __aeabi_fdiv
 .text          0x08000618       0xec /Applications/STM32CubeIDE.app/Contents/Eclipse/plugins/com.st.stm32cube.ide.mcu.externaltools.gnu-tools-for-stm32.13.3.rel1.macos64_1.0.0.202411102158/tools/bin/../lib/gcc/arm-none-eabi/13.3.1/thumb/v7-m/nofp/libgcc.a(_arm_cmpsf2.o)
                0x08000618                __gesf2
                0x08000618                __gtsf2
                0x08000620                __ltsf2
                0x08000620                __lesf2
                0x08000628                __nesf2
                0x08000628                __eqsf2
                0x08000628                __cmpsf2
                0x08000688                __aeabi_cfrcmple
                0x08000690                __aeabi_cfcmpeq
                0x08000690                __aeabi_cfcmple
                0x080006a0                __aeabi_fcmpeq
                0x080006b4                __aeabi_fcmplt
                0x080006c8                __aeabi_fcmple
                0x080006dc                __aeabi_fcmpge
                0x080006f0                __aeabi_fcmpgt
 .text          0x08000704       0x2c /Applications/STM32CubeIDE.app/Contents/Eclipse/plugins/com.st.stm32cube.ide.mcu.externaltools.gnu-tools-for-stm32.13.3.rel1.macos64_1.0.0.202411102158/tools/bin/../lib/gcc/arm-none-eabi/13.3.1/thumb/v7-m/nofp/libgcc.a(_arm_unordsf2.o)
                0x08000704                __aeabi_fcmpun
                0x08000704                __unordsf2
 *(.text*)
 .text.starter_model_tree_predict
                0x08000730       0x84 ./Core/Src/main.o
 .text.starter_model_predict_class
                0x080007b4      0x100 ./Core/Src/main.o
 .text.starter_model_class_name
                0x080008b4       0x34 ./Core/Src/main.o
 .text.bcd_to_dec
                0x080008e8       0x30 ./Core/Src/main.o
 .text.read_ds3231_timestamp
                0x08000918       0xd4 ./Core/Src/main.o
 .text.dir_short
                0x080009ec       0x38 ./Core/Src/main.o
 .text.dir_long
                0x08000a24       0x38 ./Core/Src/main.o
 .text.event_short
                0x08000a5c       0x38 ./Core/Src/main.o
 .text.event_long
                0x08000a94       0x38 ./Core/Src/main.o
 .text.threat_long
                0x08000acc       0x28 ./Core/Src/main.o
 .text.ai_event_reset
                0x08000af4       0x18 ./Core/Src/main.o
 .text.ai_event_capture_block
                0x08000b0c      0x134 ./Core/Src/main.o
 .text.ai_compute_spectral_features
                0x08000c40      0x334 ./Core/Src/main.o
 .text.ai_build_feature_vector
                0x08000f74      0x1c0 ./Core/Src/main.o
 .text.ai_sound_name
                0x08001134       0x2c ./Core/Src/main.o
 .text.event_type_from_duration
                0x08001160       0x20 ./Core/Src/main.o
 .text.ai_is_knock_like
                0x08001180       0x6c ./Core/Src/main.o
 .text.ai_is_glass_like
                0x080011ec       0x9c ./Core/Src/main.o
 .text.ai_is_clap_like
                0x08001288       0x9c ./Core/Src/main.o
 .text.ai_refine_sound_class
                0x08001324      0x184 ./Core/Src/main.o
 .text.ai_guess_live_sound_class
                0x080014a8       0x94 ./Core/Src/main.o
 .text.update_live_sound_lock
                0x0800153c       0xa8 ./Core/Src/main.o
 .text.direction_to_pulse
                0x080015e4       0x30 ./Core/Src/main.o
 .text.weighted_level_for_channel
                0x08001614       0x64 ./Core/Src/main.o
 .text.select_capture_channel_from_levels
                0x08001678       0xb0 ./Core/Src/main.o
 .text.sd_log_init
                0x08001728      0x124 ./Core/Src/main.o
 .text.log_event_to_sd
                0x0800184c       0xf4 ./Core/Src/main.o
 .text.sd_log_service
                0x08001940       0xa4 ./Core/Src/main.o
 .text.update_direction_from_levels
                0x080019e4      0x1b8 ./Core/Src/main.o
 .text.accumulate_event_direction
                0x08001b9c       0xfc ./Core/Src/main.o
 .text.resolve_event_direction
                0x08001c98      0x3ac ./Core/Src/main.o
 .text.finalize_event
                0x08002044      0x1e8 ./Core/Src/main.o
 .text.update_event_engine
                0x0800222c      0x11c ./Core/Src/main.o
 .text.process_audio_block
                0x08002348      0x374 ./Core/Src/main.o
 .text.level_to_bar
                0x080026bc       0x34 ./Core/Src/main.o
 .text.update_servo_direction
                0x080026f0       0xa4 ./Core/Src/main.o
 .text.draw_mic_ui
                0x08002794      0x344 ./Core/Src/main.o
 .text.HAL_ADC_ConvHalfCpltCallback
                0x08002ad8       0x2c ./Core/Src/main.o
                0x08002ad8                HAL_ADC_ConvHalfCpltCallback
 .text.HAL_ADC_ConvCpltCallback
                0x08002b04       0x2c ./Core/Src/main.o
                0x08002b04                HAL_ADC_ConvCpltCallback
 .text.main     0x08002b30      0x158 ./Core/Src/main.o
                0x08002b30                main
 .text.SystemClock_Config
                0x08002c88       0xa0 ./Core/Src/main.o
                0x08002c88                SystemClock_Config
 .text.MX_ADC1_Init
                0x08002d28       0xb8 ./Core/Src/main.o
 .text.MX_I2C1_Init
                0x08002de0       0x5c ./Core/Src/main.o
 .text.MX_SPI1_Init
                0x08002e3c       0x6c ./Core/Src/main.o
 .text.MX_TIM3_Init
                0x08002ea8       0xb4 ./Core/Src/main.o
 .text.MX_USART1_UART_Init
                0x08002f5c       0x54 ./Core/Src/main.o
 .text.MX_DMA_Init
                0x08002fb0       0x3c ./Core/Src/main.o
 .text.MX_GPIO_Init
                0x08002fec       0x7c ./Core/Src/main.o
 .text.Error_Handler
                0x08003068        0xc ./Core/Src/main.o
                0x08003068                Error_Handler
 .text.SSD1306_Init
                0x08003074      0x188 ./Core/Src/ssd1306.o
                0x08003074                SSD1306_Init
 .text.SSD1306_UpdateScreen
                0x080031fc       0x5c ./Core/Src/ssd1306.o
                0x080031fc                SSD1306_UpdateScreen
 .text.SSD1306_Fill
                0x08003258       0x30 ./Core/Src/ssd1306.o
                0x08003258                SSD1306_Fill
 .text.SSD1306_DrawPixel
                0x08003288       0xbc ./Core/Src/ssd1306.o
                0x08003288                SSD1306_DrawPixel
 .text.SSD1306_GotoXY
                0x08003344       0x2c ./Core/Src/ssd1306.o
                0x08003344                SSD1306_GotoXY
 .text.SSD1306_Putc
                0x08003370       0xfc ./Core/Src/ssd1306.o
                0x08003370                SSD1306_Putc
 .text.SSD1306_Puts
                0x0800346c       0x4a ./Core/Src/ssd1306.o
                0x0800346c                SSD1306_Puts
 .text.SSD1306_DrawLine
                0x080034b6      0x1f6 ./Core/Src/ssd1306.o
                0x080034b6                SSD1306_DrawLine
 .text.SSD1306_DrawRectangle
                0x080036ac       0xd4 ./Core/Src/ssd1306.o
                0x080036ac                SSD1306_DrawRectangle
 .text.SSD1306_DrawFilledRectangle
                0x08003780       0x9a ./Core/Src/ssd1306.o
                0x08003780                SSD1306_DrawFilledRectangle
 *fill*         0x0800381a        0x2 
 .text.ssd1306_I2C_Init
                0x0800381c       0x28 ./Core/Src/ssd1306.o
                0x0800381c                ssd1306_I2C_Init
 .text.ssd1306_I2C_WriteMulti
                0x08003844       0xcc ./Core/Src/ssd1306.o
                0x08003844                ssd1306_I2C_WriteMulti
 .text.ssd1306_I2C_Write
                0x08003910       0x3c ./Core/Src/ssd1306.o
                0x08003910                ssd1306_I2C_Write
 .text.HAL_MspInit
                0x0800394c       0x64 ./Core/Src/stm32f1xx_hal_msp.o
                0x0800394c                HAL_MspInit
 .text.HAL_ADC_MspInit
                0x080039b0       0xd4 ./Core/Src/stm32f1xx_hal_msp.o
                0x080039b0                HAL_ADC_MspInit
 .text.HAL_I2C_MspInit
                0x08003a84       0x7c ./Core/Src/stm32f1xx_hal_msp.o
                0x08003a84                HAL_I2C_MspInit
 .text.HAL_SPI_MspInit
                0x08003b00       0x94 ./Core/Src/stm32f1xx_hal_msp.o
                0x08003b00                HAL_SPI_MspInit
 .text.HAL_TIM_PWM_MspInit
                0x08003b94       0x3c ./Core/Src/stm32f1xx_hal_msp.o
                0x08003b94                HAL_TIM_PWM_MspInit
 .text.HAL_TIM_MspPostInit
                0x08003bd0       0x64 ./Core/Src/stm32f1xx_hal_msp.o
                0x08003bd0                HAL_TIM_MspPostInit
 .text.HAL_UART_MspInit
                0x08003c34       0x98 ./Core/Src/stm32f1xx_hal_msp.o
                0x08003c34                HAL_UART_MspInit
 .text.NMI_Handler
                0x08003ccc        0x8 ./Core/Src/stm32f1xx_it.o
                0x08003ccc                NMI_Handler
 .text.HardFault_Handler
                0x08003cd4        0x8 ./Core/Src/stm32f1xx_it.o
                0x08003cd4                HardFault_Handler
 .text.MemManage_Handler
                0x08003cdc        0x8 ./Core/Src/stm32f1xx_it.o
                0x08003cdc                MemManage_Handler
 .text.BusFault_Handler
                0x08003ce4        0x8 ./Core/Src/stm32f1xx_it.o
                0x08003ce4                BusFault_Handler
 .text.UsageFault_Handler
                0x08003cec        0x8 ./Core/Src/stm32f1xx_it.o
                0x08003cec                UsageFault_Handler
 .text.SVC_Handler
                0x08003cf4        0xc ./Core/Src/stm32f1xx_it.o
                0x08003cf4                SVC_Handler
 .text.DebugMon_Handler
                0x08003d00        0xc ./Core/Src/stm32f1xx_it.o
                0x08003d00                DebugMon_Handler
 .text.PendSV_Handler
                0x08003d0c        0xc ./Core/Src/stm32f1xx_it.o
                0x08003d0c                PendSV_Handler
 .text.SysTick_Handler
                0x08003d18        0xc ./Core/Src/stm32f1xx_it.o
                0x08003d18                SysTick_Handler
 .text.DMA1_Channel1_IRQHandler
                0x08003d24       0x14 ./Core/Src/stm32f1xx_it.o
                0x08003d24                DMA1_Channel1_IRQHandler
 .text._sbrk    0x08003d38       0x6c ./Core/Src/sysmem.o
                0x08003d38                _sbrk
 .text.SystemInit
                0x08003da4        0xc ./Core/Src/system_stm32f1xx.o
                0x08003da4                SystemInit
 .text.Reset_Handler
                0x08003db0       0x48 ./Core/Startup/startup_stm32f103c8tx.o
                0x08003db0                Reset_Handler
 .text.Default_Handler
                0x08003df8        0x2 ./Core/Startup/startup_stm32f103c8tx.o
                0x08003df8                USBWakeUp_IRQHandler
                0x08003df8                EXTI2_IRQHandler
                0x08003df8                TIM1_CC_IRQHandler
                0x08003df8                PVD_IRQHandler
                0x08003df8                EXTI3_IRQHandler
                0x08003df8                EXTI0_IRQHandler
                0x08003df8                I2C2_EV_IRQHandler
                0x08003df8                ADC1_2_IRQHandler
                0x08003df8                SPI1_IRQHandler
                0x08003df8                TAMPER_IRQHandler
                0x08003df8                DMA1_Channel4_IRQHandler
                0x08003df8                USART3_IRQHandler
                0x08003df8                RTC_IRQHandler
                0x08003df8                DMA1_Channel7_IRQHandler
                0x08003df8                CAN1_RX1_IRQHandler
                0x08003df8                TIM4_IRQHandler
                0x08003df8                I2C1_EV_IRQHandler
                0x08003df8                DMA1_Channel6_IRQHandler
                0x08003df8                TIM3_IRQHandler
                0x08003df8                RCC_IRQHandler
                0x08003df8                TIM1_TRG_COM_IRQHandler
                0x08003df8                Default_Handler
                0x08003df8                EXTI15_10_IRQHandler
                0x08003df8                EXTI9_5_IRQHandler
                0x08003df8                SPI2_IRQHandler
                0x08003df8                DMA1_Channel5_IRQHandler
                0x08003df8                EXTI4_IRQHandler
                0x08003df8                USB_LP_CAN1_RX0_IRQHandler
                0x08003df8                USB_HP_CAN1_TX_IRQHandler
                0x08003df8                DMA1_Channel3_IRQHandler
                0x08003df8                TIM1_UP_IRQHandler
                0x08003df8                WWDG_IRQHandler
                0x08003df8                TIM2_IRQHandler
                0x08003df8                TIM1_BRK_IRQHandler
                0x08003df8                EXTI1_IRQHandler
                0x08003df8                USART2_IRQHandler
                0x08003df8                I2C2_ER_IRQHandler
                0x08003df8                DMA1_Channel2_IRQHandler
                0x08003df8                CAN1_SCE_IRQHandler
                0x08003df8                FLASH_IRQHandler
                0x08003df8                USART1_IRQHandler
                0x08003df8                I2C1_ER_IRQHandler
                0x08003df8                RTC_Alarm_IRQHandler
 *fill*         0x08003dfa        0x2 
 .text.HAL_Init
                0x08003dfc       0x2c ./Drivers/STM32F1xx_HAL_Driver/Src/stm32f1xx_hal.o
                0x08003dfc                HAL_Init
 .text.HAL_InitTick
                0x08003e28       0x60 ./Drivers/STM32F1xx_HAL_Driver/Src/stm32f1xx_hal.o
                0x08003e28                HAL_InitTick
 .text.HAL_IncTick
                0x08003e88       0x24 ./Drivers/STM32F1xx_HAL_Driver/Src/stm32f1xx_hal.o
                0x08003e88                HAL_IncTick
 .text.HAL_GetTick
                0x08003eac       0x14 ./Drivers/STM32F1xx_HAL_Driver/Src/stm32f1xx_hal.o
                0x08003eac                HAL_GetTick
 .text.HAL_Delay
                0x08003ec0       0x48 ./Drivers/STM32F1xx_HAL_Driver/Src/stm32f1xx_hal.o
                0x08003ec0                HAL_Delay
 .text.HAL_ADC_Init
                0x08003f08      0x1b0 ./Drivers/STM32F1xx_HAL_Driver/Src/stm32f1xx_hal_adc.o
                0x08003f08                HAL_ADC_Init
 .text.HAL_ADC_Start_DMA
                0x080040b8      0x1bc ./Drivers/STM32F1xx_HAL_Driver/Src/stm32f1xx_hal_adc.o
                0x080040b8                HAL_ADC_Start_DMA
 .text.HAL_ADC_ErrorCallback
                0x08004274       0x12 ./Drivers/STM32F1xx_HAL_Driver/Src/stm32f1xx_hal_adc.o
                0x08004274                HAL_ADC_ErrorCallback
 *fill*         0x08004286        0x2 
 .text.HAL_ADC_ConfigChannel
                0x08004288      0x1f0 ./Drivers/STM32F1xx_HAL_Driver/Src/stm32f1xx_hal_adc.o
                0x08004288                HAL_ADC_ConfigChannel
 .text.ADC_Enable
                0x08004478       0xb4 ./Drivers/STM32F1xx_HAL_Driver/Src/stm32f1xx_hal_adc.o
                0x08004478                ADC_Enable
 .text.ADC_ConversionStop_Disable
                0x0800452c       0x82 ./Drivers/STM32F1xx_HAL_Driver/Src/stm32f1xx_hal_adc.o
                0x0800452c                ADC_ConversionStop_Disable
 .text.ADC_DMAConvCplt
                0x080045ae       0x7c ./Drivers/STM32F1xx_HAL_Driver/Src/stm32f1xx_hal_adc.o
                0x080045ae                ADC_DMAConvCplt
 .text.ADC_DMAHalfConvCplt
                0x0800462a       0x1c ./Drivers/STM32F1xx_HAL_Driver/Src/stm32f1xx_hal_adc.o
                0x0800462a                ADC_DMAHalfConvCplt
 .text.ADC_DMAError
                0x08004646       0x34 ./Drivers/STM32F1xx_HAL_Driver/Src/stm32f1xx_hal_adc.o
                0x08004646                ADC_DMAError
 *fill*         0x0800467a        0x2 
 .text.HAL_ADCEx_Calibration_Start
                0x0800467c      0x15c ./Drivers/STM32F1xx_HAL_Driver/Src/stm32f1xx_hal_adc_ex.o
                0x0800467c                HAL_ADCEx_Calibration_Start
 .text.__NVIC_SetPriorityGrouping
                0x080047d8       0x48 ./Drivers/STM32F1xx_HAL_Driver/Src/stm32f1xx_hal_cortex.o
 .text.__NVIC_GetPriorityGrouping
                0x08004820       0x1c ./Drivers/STM32F1xx_HAL_Driver/Src/stm32f1xx_hal_cortex.o
 .text.__NVIC_EnableIRQ
                0x0800483c       0x38 ./Drivers/STM32F1xx_HAL_Driver/Src/stm32f1xx_hal_cortex.o
 .text.__NVIC_SetPriority
                0x08004874       0x54 ./Drivers/STM32F1xx_HAL_Driver/Src/stm32f1xx_hal_cortex.o
 .text.NVIC_EncodePriority
                0x080048c8       0x64 ./Drivers/STM32F1xx_HAL_Driver/Src/stm32f1xx_hal_cortex.o
 .text.SysTick_Config
                0x0800492c       0x44 ./Drivers/STM32F1xx_HAL_Driver/Src/stm32f1xx_hal_cortex.o
 .text.HAL_NVIC_SetPriorityGrouping
                0x08004970       0x16 ./Drivers/STM32F1xx_HAL_Driver/Src/stm32f1xx_hal_cortex.o
                0x08004970                HAL_NVIC_SetPriorityGrouping
 .text.HAL_NVIC_SetPriority
                0x08004986       0x38 ./Drivers/STM32F1xx_HAL_Driver/Src/stm32f1xx_hal_cortex.o
                0x08004986                HAL_NVIC_SetPriority
 .text.HAL_NVIC_EnableIRQ
                0x080049be       0x1c ./Drivers/STM32F1xx_HAL_Driver/Src/stm32f1xx_hal_cortex.o
                0x080049be                HAL_NVIC_EnableIRQ
 .text.HAL_SYSTICK_Config
                0x080049da       0x18 ./Drivers/STM32F1xx_HAL_Driver/Src/stm32f1xx_hal_cortex.o
                0x080049da                HAL_SYSTICK_Config
 *fill*         0x080049f2        0x2 
 .text.HAL_DMA_Init
                0x080049f4       0xb4 ./Drivers/STM32F1xx_HAL_Driver/Src/stm32f1xx_hal_dma.o
                0x080049f4                HAL_DMA_Init
 .text.HAL_DMA_Start_IT
                0x08004aa8       0xc0 ./Drivers/STM32F1xx_HAL_Driver/Src/stm32f1xx_hal_dma.o
                0x08004aa8                HAL_DMA_Start_IT
 .text.HAL_DMA_IRQHandler
                0x08004b68      0x20c ./Drivers/STM32F1xx_HAL_Driver/Src/stm32f1xx_hal_dma.o
                0x08004b68                HAL_DMA_IRQHandler
 .text.DMA_SetConfig
                0x08004d74       0x5a ./Drivers/STM32F1xx_HAL_Driver/Src/stm32f1xx_hal_dma.o
 *fill*         0x08004dce        0x2 
 .text.HAL_GPIO_Init
                0x08004dd0      0x308 ./Drivers/STM32F1xx_HAL_Driver/Src/stm32f1xx_hal_gpio.o
                0x08004dd0                HAL_GPIO_Init
 .text.HAL_GPIO_WritePin
                0x080050d8       0x30 ./Drivers/STM32F1xx_HAL_Driver/Src/stm32f1xx_hal_gpio.o
                0x080050d8                HAL_GPIO_WritePin
 .text.HAL_I2C_Init
                0x08005108      0x288 ./Drivers/STM32F1xx_HAL_Driver/Src/stm32f1xx_hal_i2c.o
                0x08005108                HAL_I2C_Init
 .text.HAL_I2C_Master_Transmit
                0x08005390      0x1fc ./Drivers/STM32F1xx_HAL_Driver/Src/stm32f1xx_hal_i2c.o
                0x08005390                HAL_I2C_Master_Transmit
 .text.HAL_I2C_Mem_Read
                0x0800558c      0x4e8 ./Drivers/STM32F1xx_HAL_Driver/Src/stm32f1xx_hal_i2c.o
                0x0800558c                HAL_I2C_Mem_Read
 .text.HAL_I2C_IsDeviceReady
                0x08005a74      0x25c ./Drivers/STM32F1xx_HAL_Driver/Src/stm32f1xx_hal_i2c.o
                0x08005a74                HAL_I2C_IsDeviceReady
 .text.I2C_MasterRequestWrite
                0x08005cd0      0x104 ./Drivers/STM32F1xx_HAL_Driver/Src/stm32f1xx_hal_i2c.o
 .text.I2C_RequestMemoryRead
                0x08005dd4      0x1d0 ./Drivers/STM32F1xx_HAL_Driver/Src/stm32f1xx_hal_i2c.o
 .text.I2C_WaitOnFlagUntilTimeout
                0x08005fa4       0xf4 ./Drivers/STM32F1xx_HAL_Driver/Src/stm32f1xx_hal_i2c.o
 .text.I2C_WaitOnMasterAddressFlagUntilTimeout
                0x08006098      0x140 ./Drivers/STM32F1xx_HAL_Driver/Src/stm32f1xx_hal_i2c.o
 .text.I2C_WaitOnTXEFlagUntilTimeout
                0x080061d8       0x90 ./Drivers/STM32F1xx_HAL_Driver/Src/stm32f1xx_hal_i2c.o
 .text.I2C_WaitOnBTFFlagUntilTimeout
                0x08006268       0x90 ./Drivers/STM32F1xx_HAL_Driver/Src/stm32f1xx_hal_i2c.o
 .text.I2C_WaitOnRXNEFlagUntilTimeout
                0x080062f8       0xba ./Drivers/STM32F1xx_HAL_Driver/Src/stm32f1xx_hal_i2c.o
 .text.I2C_IsAcknowledgeFailed
                0x080063b2       0x5c ./Drivers/STM32F1xx_HAL_Driver/Src/stm32f1xx_hal_i2c.o
 *fill*         0x0800640e        0x2 
 .text.HAL_RCC_OscConfig
                0x08006410      0x504 ./Drivers/STM32F1xx_HAL_Driver/Src/stm32f1xx_hal_rcc.o
                0x08006410                HAL_RCC_OscConfig
 .text.HAL_RCC_ClockConfig
                0x08006914      0x1d4 ./Drivers/STM32F1xx_HAL_Driver/Src/stm32f1xx_hal_rcc.o
                0x08006914                HAL_RCC_ClockConfig
 .text.HAL_RCC_GetSysClockFreq
                0x08006ae8       0xa8 ./Drivers/STM32F1xx_HAL_Driver/Src/stm32f1xx_hal_rcc.o
                0x08006ae8                HAL_RCC_GetSysClockFreq
 .text.HAL_RCC_GetHCLKFreq
                0x08006b90       0x14 ./Drivers/STM32F1xx_HAL_Driver/Src/stm32f1xx_hal_rcc.o
                0x08006b90                HAL_RCC_GetHCLKFreq
 .text.HAL_RCC_GetPCLK1Freq
                0x08006ba4       0x28 ./Drivers/STM32F1xx_HAL_Driver/Src/stm32f1xx_hal_rcc.o
                0x08006ba4                HAL_RCC_GetPCLK1Freq
 .text.HAL_RCC_GetPCLK2Freq
                0x08006bcc       0x28 ./Drivers/STM32F1xx_HAL_Driver/Src/stm32f1xx_hal_rcc.o
                0x08006bcc                HAL_RCC_GetPCLK2Freq
 .text.RCC_Delay
                0x08006bf4       0x3c ./Drivers/STM32F1xx_HAL_Driver/Src/stm32f1xx_hal_rcc.o
 .text.HAL_RCCEx_PeriphCLKConfig
                0x08006c30      0x16c ./Drivers/STM32F1xx_HAL_Driver/Src/stm32f1xx_hal_rcc_ex.o
                0x08006c30                HAL_RCCEx_PeriphCLKConfig
 .text.HAL_RCCEx_GetPeriphCLKFreq
                0x08006d9c      0x16c ./Drivers/STM32F1xx_HAL_Driver/Src/stm32f1xx_hal_rcc_ex.o
                0x08006d9c                HAL_RCCEx_GetPeriphCLKFreq
 .text.HAL_SPI_Init
                0x08006f08      0x108 ./Drivers/STM32F1xx_HAL_Driver/Src/stm32f1xx_hal_spi.o
                0x08006f08                HAL_SPI_Init
 .text.HAL_SPI_TransmitReceive
                0x08007010      0x352 ./Drivers/STM32F1xx_HAL_Driver/Src/stm32f1xx_hal_spi.o
                0x08007010                HAL_SPI_TransmitReceive
 *fill*         0x08007362        0x2 
 .text.SPI_WaitFlagStateUntilTimeout
                0x08007364      0x110 ./Drivers/STM32F1xx_HAL_Driver/Src/stm32f1xx_hal_spi.o
 .text.SPI_EndRxTxTransaction
                0x08007474       0x62 ./Drivers/STM32F1xx_HAL_Driver/Src/stm32f1xx_hal_spi.o
 .text.HAL_TIM_PWM_Init
                0x080074d6       0x9e ./Drivers/STM32F1xx_HAL_Driver/Src/stm32f1xx_hal_tim.o
                0x080074d6                HAL_TIM_PWM_Init
 .text.HAL_TIM_PWM_Start
                0x08007574      0x144 ./Drivers/STM32F1xx_HAL_Driver/Src/stm32f1xx_hal_tim.o
                0x08007574                HAL_TIM_PWM_Start
 .text.HAL_TIM_PWM_ConfigChannel
                0x080076b8      0x184 ./Drivers/STM32F1xx_HAL_Driver/Src/stm32f1xx_hal_tim.o
                0x080076b8                HAL_TIM_PWM_ConfigChannel
 .text.TIM_Base_SetConfig
                0x0800783c       0xdc ./Drivers/STM32F1xx_HAL_Driver/Src/stm32f1xx_hal_tim.o
                0x0800783c                TIM_Base_SetConfig
 .text.TIM_OC1_SetConfig
                0x08007918       0xcc ./Drivers/STM32F1xx_HAL_Driver/Src/stm32f1xx_hal_tim.o
 .text.TIM_OC2_SetConfig
                0x080079e4       0xd4 ./Drivers/STM32F1xx_HAL_Driver/Src/stm32f1xx_hal_tim.o
                0x080079e4                TIM_OC2_SetConfig
 .text.TIM_OC3_SetConfig
                0x08007ab8       0xd4 ./Drivers/STM32F1xx_HAL_Driver/Src/stm32f1xx_hal_tim.o
 .text.TIM_OC4_SetConfig
                0x08007b8c       0x9c ./Drivers/STM32F1xx_HAL_Driver/Src/stm32f1xx_hal_tim.o
 .text.TIM_CCxChannelCmd
                0x08007c28       0x48 ./Drivers/STM32F1xx_HAL_Driver/Src/stm32f1xx_hal_tim.o
                0x08007c28                TIM_CCxChannelCmd
 .text.HAL_TIMEx_MasterConfigSynchronization
                0x08007c70       0xbc ./Drivers/STM32F1xx_HAL_Driver/Src/stm32f1xx_hal_tim_ex.o
                0x08007c70                HAL_TIMEx_MasterConfigSynchronization
 .text.HAL_UART_Init
                0x08007d2c       0xa0 ./Drivers/STM32F1xx_HAL_Driver/Src/stm32f1xx_hal_uart.o
                0x08007d2c                HAL_UART_Init
 .text.UART_SetConfig
                0x08007dcc      0x11c ./Drivers/STM32F1xx_HAL_Driver/Src/stm32f1xx_hal_uart.o
 .text.rtc_bcd_to_dec
                0x08007ee8       0x30 ./FATFS/App/fatfs.o
 .text.MX_FATFS_Init
                0x08007f18       0x24 ./FATFS/App/fatfs.o
                0x08007f18                MX_FATFS_Init
 .text.get_fattime
                0x08007f3c      0x118 ./FATFS/App/fatfs.o
                0x08007f3c                get_fattime
 .text.sd_spi_txrx
                0x08008054       0x30 ./FATFS/Target/user_diskio.o
 .text.sd_spi_rx_multi
                0x08008084       0x30 ./FATFS/Target/user_diskio.o
 .text.sd_spi_tx_multi
                0x080080b4       0x2e ./FATFS/Target/user_diskio.o
 *fill*         0x080080e2        0x2 
 .text.sd_deselect
                0x080080e4       0x1c ./FATFS/Target/user_diskio.o
 .text.sd_wait_ready
                0x08008100       0x3c ./FATFS/Target/user_diskio.o
 .text.sd_select
                0x0800813c       0x28 ./FATFS/Target/user_diskio.o
 .text.sd_send_cmd
                0x08008164       0xd8 ./FATFS/Target/user_diskio.o
 .text.sd_rx_datablock
                0x0800823c       0x5a ./FATFS/Target/user_diskio.o
 .text.sd_tx_datablock
                0x08008296       0x68 ./FATFS/Target/user_diskio.o
 *fill*         0x080082fe        0x2 
 .text.USER_initialize
                0x08008300      0x1b4 ./FATFS/Target/user_diskio.o
                0x08008300                USER_initialize
 .text.USER_status
                0x080084b4       0x28 ./FATFS/Target/user_diskio.o
                0x080084b4                USER_status
 .text.USER_read
                0x080084dc       0xb4 ./FATFS/Target/user_diskio.o
                0x080084dc                USER_read
 .text.USER_write
                0x08008590       0xb0 ./FATFS/Target/user_diskio.o
                0x08008590                USER_write
 .text.USER_ioctl
                0x08008640      0x160 ./FATFS/Target/user_diskio.o
                0x08008640                USER_ioctl
 .text.disk_status
                0x080087a0       0x34 ./Middlewares/Third_Party/FatFs/src/diskio.o
                0x080087a0                disk_status
 .text.disk_initialize
                0x080087d4       0x4c ./Middlewares/Third_Party/FatFs/src/diskio.o
                0x080087d4                disk_initialize
 .text.disk_read
                0x08008820       0x40 ./Middlewares/Third_Party/FatFs/src/diskio.o
                0x08008820                disk_read
 .text.disk_write
                0x08008860       0x40 ./Middlewares/Third_Party/FatFs/src/diskio.o
                0x08008860                disk_write
 .text.disk_ioctl
                0x080088a0       0x3c ./Middlewares/Third_Party/FatFs/src/diskio.o
                0x080088a0                disk_ioctl
 .text.mem_cpy  0x080088dc       0x3c ./Middlewares/Third_Party/FatFs/src/ff.o
 .text.mem_set  0x08008918       0x34 ./Middlewares/Third_Party/FatFs/src/ff.o
 .text.mem_cmp  0x0800894c       0x4c ./Middlewares/Third_Party/FatFs/src/ff.o
 .text.chk_chr  0x08008998       0x34 ./Middlewares/Third_Party/FatFs/src/ff.o
 .text.chk_lock
                0x080089cc       0xd8 ./Middlewares/Third_Party/FatFs/src/ff.o
 .text.enq_lock
                0x08008aa4       0x48 ./Middlewares/Third_Party/FatFs/src/ff.o
 .text.inc_lock
                0x08008aec      0x16c ./Middlewares/Third_Party/FatFs/src/ff.o
 .text.dec_lock
                0x08008c58       0x88 ./Middlewares/Third_Party/FatFs/src/ff.o
 .text.clear_lock
                0x08008ce0       0x54 ./Middlewares/Third_Party/FatFs/src/ff.o
 .text.sync_window
                0x08008d34       0x92 ./Middlewares/Third_Party/FatFs/src/ff.o
 .text.move_window
                0x08008dc6       0x5c ./Middlewares/Third_Party/FatFs/src/ff.o
 .text.sync_fs  0x08008e22      0x15a ./Middlewares/Third_Party/FatFs/src/ff.o
 .text.clust2sect
                0x08008f7c       0x42 ./Middlewares/Third_Party/FatFs/src/ff.o
                0x08008f7c                clust2sect
 .text.get_fat  0x08008fbe      0x174 ./Middlewares/Third_Party/FatFs/src/ff.o
                0x08008fbe                get_fat
 .text.put_fat  0x08009132      0x21c ./Middlewares/Third_Party/FatFs/src/ff.o
                0x08009132                put_fat
 .text.remove_chain
                0x0800934e       0xb4 ./Middlewares/Third_Party/FatFs/src/ff.o
 .text.create_chain
                0x08009402      0x13a ./Middlewares/Third_Party/FatFs/src/ff.o
 .text.clmt_clust
                0x0800953c       0x68 ./Middlewares/Third_Party/FatFs/src/ff.o
 .text.dir_sdi  0x080095a4      0x128 ./Middlewares/Third_Party/FatFs/src/ff.o
 .text.dir_next
                0x080096cc      0x1ee ./Middlewares/Third_Party/FatFs/src/ff.o
 .text.dir_alloc
                0x080098ba       0x94 ./Middlewares/Third_Party/FatFs/src/ff.o
 .text.ld_clust
                0x0800994e       0x5e ./Middlewares/Third_Party/FatFs/src/ff.o
 .text.st_clust
                0x080099ac       0x4c ./Middlewares/Third_Party/FatFs/src/ff.o
 .text.dir_find
                0x080099f8       0x9e ./Middlewares/Third_Party/FatFs/src/ff.o
 .text.dir_register
                0x08009a96       0x72 ./Middlewares/Third_Party/FatFs/src/ff.o
 .text.create_name
                0x08009b08      0x180 ./Middlewares/Third_Party/FatFs/src/ff.o
 .text.follow_path
                0x08009c88       0xdc ./Middlewares/Third_Party/FatFs/src/ff.o
 .text.get_ldnumber
                0x08009d64       0x86 ./Middlewares/Third_Party/FatFs/src/ff.o
 *fill*         0x08009dea        0x2 
 .text.check_fs
                0x08009dec       0xd8 ./Middlewares/Third_Party/FatFs/src/ff.o
 .text.find_volume
                0x08009ec4      0x59c ./Middlewares/Third_Party/FatFs/src/ff.o
 .text.validate
                0x0800a460       0x66 ./Middlewares/Third_Party/FatFs/src/ff.o
 *fill*         0x0800a4c6        0x2 
 .text.f_mount  0x0800a4c8       0x90 ./Middlewares/Third_Party/FatFs/src/ff.o
                0x0800a4c8                f_mount
 .text.f_open   0x0800a558      0x4ea ./Middlewares/Third_Party/FatFs/src/ff.o
                0x0800a558                f_open
 .text.f_write  0x0800aa42      0x35a ./Middlewares/Third_Party/FatFs/src/ff.o
                0x0800aa42                f_write
 .text.f_sync   0x0800ad9c      0x174 ./Middlewares/Third_Party/FatFs/src/ff.o
                0x0800ad9c                f_sync
 .text.f_close  0x0800af10       0x50 ./Middlewares/Third_Party/FatFs/src/ff.o
                0x0800af10                f_close
 .text.f_lseek  0x0800af60      0x4bc ./Middlewares/Third_Party/FatFs/src/ff.o
                0x0800af60                f_lseek
 .text.FATFS_LinkDriverEx
                0x0800b41c       0x94 ./Middlewares/Third_Party/FatFs/src/ff_gen_drv.o
                0x0800b41c                FATFS_LinkDriverEx
 .text.FATFS_LinkDriver
                0x0800b4b0       0x1e ./Middlewares/Third_Party/FatFs/src/ff_gen_drv.o
                0x0800b4b0                FATFS_LinkDriver
 *fill*         0x0800b4ce        0x2 
 .text.snprintf
                0x0800b4d0       0x6c /Applications/STM32CubeIDE.app/Contents/Eclipse/plugins/com.st.stm32cube.ide.mcu.externaltools.gnu-tools-for-stm32.13.3.rel1.macos64_1.0.0.202411102158/tools/bin/../lib/gcc/arm-none-eabi/13.3.1/../../../../arm-none-eabi/lib/thumb/v7-m/nofp/libc_nano.a(libc_a-snprintf.o)
                0x0800b4d0                snprintf
                0x0800b4d0                sniprintf
 .text.memset   0x0800b53c       0x10 /Applications/STM32CubeIDE.app/Contents/Eclipse/plugins/com.st.stm32cube.ide.mcu.externaltools.gnu-tools-for-stm32.13.3.rel1.macos64_1.0.0.202411102158/tools/bin/../lib/gcc/arm-none-eabi/13.3.1/../../../../arm-none-eabi/lib/thumb/v7-m/nofp/libc_nano.a(libc_a-memset.o)
                0x0800b53c                memset
 .text.__errno  0x0800b54c        0xc /Applications/STM32CubeIDE.app/Contents/Eclipse/plugins/com.st.stm32cube.ide.mcu.externaltools.gnu-tools-for-stm32.13.3.rel1.macos64_1.0.0.202411102158/tools/bin/../lib/gcc/arm-none-eabi/13.3.1/../../../../arm-none-eabi/lib/thumb/v7-m/nofp/libc_nano.a(libc_a-errno.o)
                0x0800b54c                __errno
 .text.__libc_init_array
                0x0800b558       0x48 /Applications/STM32CubeIDE.app/Contents/Eclipse/plugins/com.st.stm32cube.ide.mcu.externaltools.gnu-tools-for-stm32.13.3.rel1.macos64_1.0.0.202411102158/tools/bin/../lib/gcc/arm-none-eabi/13.3.1/../../../../arm-none-eabi/lib/thumb/v7-m/nofp/libc_nano.a(libc_a-init.o)
                0x0800b558                __libc_init_array
 .text.__retarget_lock_acquire_recursive
                0x0800b5a0        0x2 /Applications/STM32CubeIDE.app/Contents/Eclipse/plugins/com.st.stm32cube.ide.mcu.externaltools.gnu-tools-for-stm32.13.3.rel1.macos64_1.0.0.202411102158/tools/bin/../lib/gcc/arm-none-eabi/13.3.1/../../../../arm-none-eabi/lib/thumb/v7-m/nofp/libc_nano.a(libc_a-lock.o)
                0x0800b5a0                __retarget_lock_acquire_recursive
 .text.__retarget_lock_release_recursive
                0x0800b5a2        0x2 /Applications/STM32CubeIDE.app/Contents/Eclipse/plugins/com.st.stm32cube.ide.mcu.externaltools.gnu-tools-for-stm32.13.3.rel1.macos64_1.0.0.202411102158/tools/bin/../lib/gcc/arm-none-eabi/13.3.1/../../../../arm-none-eabi/lib/thumb/v7-m/nofp/libc_nano.a(libc_a-lock.o)
                0x0800b5a2                __retarget_lock_release_recursive
 .text.__ssputs_r
                0x0800b5a4       0xb6 /Applications/STM32CubeIDE.app/Contents/Eclipse/plugins/com.st.stm32cube.ide.mcu.externaltools.gnu-tools-for-stm32.13.3.rel1.macos64_1.0.0.202411102158/tools/bin/../lib/gcc/arm-none-eabi/13.3.1/../../../../arm-none-eabi/lib/thumb/v7-m/nofp/libc_nano.a(libc_a-nano-svfprintf.o)
                0x0800b5a4                __ssputs_r
 *fill*         0x0800b65a        0x2 
 .text._svfprintf_r
                0x0800b65c      0x1f8 /Applications/STM32CubeIDE.app/Contents/Eclipse/plugins/com.st.stm32cube.ide.mcu.externaltools.gnu-tools-for-stm32.13.3.rel1.macos64_1.0.0.202411102158/tools/bin/../lib/gcc/arm-none-eabi/13.3.1/../../../../arm-none-eabi/lib/thumb/v7-m/nofp/libc_nano.a(libc_a-nano-svfprintf.o)
                0x0800b65c                _svfprintf_r
                0x0800b65c                _svfiprintf_r
 .text.sbrk_aligned
                0x0800b854       0x44 /Applications/STM32CubeIDE.app/Contents/Eclipse/plugins/com.st.stm32cube.ide.mcu.externaltools.gnu-tools-for-stm32.13.3.rel1.macos64_1.0.0.202411102158/tools/bin/../lib/gcc/arm-none-eabi/13.3.1/../../../../arm-none-eabi/lib/thumb/v7-m/nofp/libc_nano.a(libc_a-mallocr.o)
 .text._malloc_r
                0x0800b898      0x100 /Applications/STM32CubeIDE.app/Contents/Eclipse/plugins/com.st.stm32cube.ide.mcu.externaltools.gnu-tools-for-stm32.13.3.rel1.macos64_1.0.0.202411102158/tools/bin/../lib/gcc/arm-none-eabi/13.3.1/../../../../arm-none-eabi/lib/thumb/v7-m/nofp/libc_nano.a(libc_a-mallocr.o)
                0x0800b898                _malloc_r
 .text._printf_common
                0x0800b998       0xe4 /Applications/STM32CubeIDE.app/Contents/Eclipse/plugins/com.st.stm32cube.ide.mcu.externaltools.gnu-tools-for-stm32.13.3.rel1.macos64_1.0.0.202411102158/tools/bin/../lib/gcc/arm-none-eabi/13.3.1/../../../../arm-none-eabi/lib/thumb/v7-m/nofp/libc_nano.a(libc_a-nano-vfprintf_i.o)
                0x0800b998                _printf_common
 .text._printf_i
                0x0800ba7c      0x23c /Applications/STM32CubeIDE.app/Contents/Eclipse/plugins/com.st.stm32cube.ide.mcu.externaltools.gnu-tools-for-stm32.13.3.rel1.macos64_1.0.0.202411102158/tools/bin/../lib/gcc/arm-none-eabi/13.3.1/../../../../arm-none-eabi/lib/thumb/v7-m/nofp/libc_nano.a(libc_a-nano-vfprintf_i.o)
                0x0800ba7c                _printf_i
 .text.__malloc_lock
                0x0800bcb8        0xc /Applications/STM32CubeIDE.app/Contents/Eclipse/plugins/com.st.stm32cube.ide.mcu.externaltools.gnu-tools-for-stm32.13.3.rel1.macos64_1.0.0.202411102158/tools/bin/../lib/gcc/arm-none-eabi/13.3.1/../../../../arm-none-eabi/lib/thumb/v7-m/nofp/libc_nano.a(libc_a-mlock.o)
                0x0800bcb8                __malloc_lock
 .text.__malloc_unlock
                0x0800bcc4        0xc /Applications/STM32CubeIDE.app/Contents/Eclipse/plugins/com.st.stm32cube.ide.mcu.externaltools.gnu-tools-for-stm32.13.3.rel1.macos64_1.0.0.202411102158/tools/bin/../lib/gcc/arm-none-eabi/13.3.1/../../../../arm-none-eabi/lib/thumb/v7-m/nofp/libc_nano.a(libc_a-mlock.o)
                0x0800bcc4                __malloc_unlock
 .text._realloc_r
                0x0800bcd0       0x5c /Applications/STM32CubeIDE.app/Contents/Eclipse/plugins/com.st.stm32cube.ide.mcu.externaltools.gnu-tools-for-stm32.13.3.rel1.macos64_1.0.0.202411102158/tools/bin/../lib/gcc/arm-none-eabi/13.3.1/../../../../arm-none-eabi/lib/thumb/v7-m/nofp/libc_nano.a(libc_a-reallocr.o)
                0x0800bcd0                _realloc_r
 .text.memmove  0x0800bd2c       0x34 /Applications/STM32CubeIDE.app/Contents/Eclipse/plugins/com.st.stm32cube.ide.mcu.externaltools.gnu-tools-for-stm32.13.3.rel1.macos64_1.0.0.202411102158/tools/bin/../lib/gcc/arm-none-eabi/13.3.1/../../../../arm-none-eabi/lib/thumb/v7-m/nofp/libc_nano.a(libc_a-memmove.o)
                0x0800bd2c                memmove
 .text._sbrk_r  0x0800bd60       0x20 /Applications/STM32CubeIDE.app/Contents/Eclipse/plugins/com.st.stm32cube.ide.mcu.externaltools.gnu-tools-for-stm32.13.3.rel1.macos64_1.0.0.202411102158/tools/bin/../lib/gcc/arm-none-eabi/13.3.1/../../../../arm-none-eabi/lib/thumb/v7-m/nofp/libc_nano.a(libc_a-sbrkr.o)
                0x0800bd60                _sbrk_r
 .text.memchr   0x0800bd80       0x1c /Applications/STM32CubeIDE.app/Contents/Eclipse/plugins/com.st.stm32cube.ide.mcu.externaltools.gnu-tools-for-stm32.13.3.rel1.macos64_1.0.0.202411102158/tools/bin/../lib/gcc/arm-none-eabi/13.3.1/../../../../arm-none-eabi/lib/thumb/v7-m/nofp/libc_nano.a(libc_a-memchr-stub.o)
                0x0800bd80                memchr
 .text.memcpy   0x0800bd9c       0x1c /Applications/STM32CubeIDE.app/Contents/Eclipse/plugins/com.st.stm32cube.ide.mcu.externaltools.gnu-tools-for-stm32.13.3.rel1.macos64_1.0.0.202411102158/tools/bin/../lib/gcc/arm-none-eabi/13.3.1/../../../../arm-none-eabi/lib/thumb/v7-m/nofp/libc_nano.a(libc_a-memcpy-stub.o)
                0x0800bd9c                memcpy
 .text._free_r  0x0800bdb8       0x90 /Applications/STM32CubeIDE.app/Contents/Eclipse/plugins/com.st.stm32cube.ide.mcu.externaltools.gnu-tools-for-stm32.13.3.rel1.macos64_1.0.0.202411102158/tools/bin/../lib/gcc/arm-none-eabi/13.3.1/../../../../arm-none-eabi/lib/thumb/v7-m/nofp/libc_nano.a(libc_a-freer.o)
                0x0800bdb8                _free_r
 .text._malloc_usable_size_r
                0x0800be48       0x10 /Applications/STM32CubeIDE.app/Contents/Eclipse/plugins/com.st.stm32cube.ide.mcu.externaltools.gnu-tools-for-stm32.13.3.rel1.macos64_1.0.0.202411102158/tools/bin/../lib/gcc/arm-none-eabi/13.3.1/../../../../arm-none-eabi/lib/thumb/v7-m/nofp/libc_nano.a(libc_a-msizer.o)
                0x0800be48                _malloc_usable_size_r
 .text.sqrtf    0x0800be58       0x34 /Applications/STM32CubeIDE.app/Contents/Eclipse/plugins/com.st.stm32cube.ide.mcu.externaltools.gnu-tools-for-stm32.13.3.rel1.macos64_1.0.0.202411102158/tools/bin/../lib/gcc/arm-none-eabi/13.3.1/../../../../arm-none-eabi/lib/thumb/v7-m/nofp/libm.a(libm_a-wf_sqrt.o)
                0x0800be58                sqrtf
 .text.__ieee754_sqrtf
                0x0800be8c       0xe0 /Applications/STM32CubeIDE.app/Contents/Eclipse/plugins/com.st.stm32cube.ide.mcu.externaltools.gnu-tools-for-stm32.13.3.rel1.macos64_1.0.0.202411102158/tools/bin/../lib/gcc/arm-none-eabi/13.3.1/../../../../arm-none-eabi/lib/thumb/v7-m/nofp/libm.a(libm_a-ef_sqrt.o)
                0x0800be8c                __ieee754_sqrtf
 *(.glue_7)
 .glue_7        0x0800bf6c        0x0 linker stubs
 *(.glue_7t)
 .glue_7t       0x0800bf6c        0x0 linker stubs
 *(.eh_frame)
 .eh_frame      0x0800bf6c        0x0 /Applications/STM32CubeIDE.app/Contents/Eclipse/plugins/com.st.stm32cube.ide.mcu.externaltools.gnu-tools-for-stm32.13.3.rel1.macos64_1.0.0.202411102158/tools/bin/../lib/gcc/arm-none-eabi/13.3.1/thumb/v7-m/nofp/crtbegin.o
 *(.init)
 .init          0x0800bf6c        0x4 /Applications/STM32CubeIDE.app/Contents/Eclipse/plugins/com.st.stm32cube.ide.mcu.externaltools.gnu-tools-for-stm32.13.3.rel1.macos64_1.0.0.202411102158/tools/bin/../lib/gcc/arm-none-eabi/13.3.1/thumb/v7-m/nofp/crti.o
                0x0800bf6c                _init
 .init          0x0800bf70        0x8 /Applications/STM32CubeIDE.app/Contents/Eclipse/plugins/com.st.stm32cube.ide.mcu.externaltools.gnu-tools-for-stm32.13.3.rel1.macos64_1.0.0.202411102158/tools/bin/../lib/gcc/arm-none-eabi/13.3.1/thumb/v7-m/nofp/crtn.o
 *(.fini)
 .fini          0x0800bf78        0x4 /Applications/STM32CubeIDE.app/Contents/Eclipse/plugins/com.st.stm32cube.ide.mcu.externaltools.gnu-tools-for-stm32.13.3.rel1.macos64_1.0.0.202411102158/tools/bin/../lib/gcc/arm-none-eabi/13.3.1/thumb/v7-m/nofp/crti.o
                0x0800bf78                _fini
 .fini          0x0800bf7c        0x8 /Applications/STM32CubeIDE.app/Contents/Eclipse/plugins/com.st.stm32cube.ide.mcu.externaltools.gnu-tools-for-stm32.13.3.rel1.macos64_1.0.0.202411102158/tools/bin/../lib/gcc/arm-none-eabi/13.3.1/thumb/v7-m/nofp/crtn.o
                0x0800bf84                        . = ALIGN (0x4)
                0x0800bf84                        _etext = .

.vfp11_veneer   0x0800bf84        0x0
 .vfp11_veneer  0x0800bf84        0x0 linker stubs

.v4_bx          0x0800bf84        0x0
 .v4_bx         0x0800bf84        0x0 linker stubs

.iplt           0x0800bf84        0x0
 .iplt          0x0800bf84        0x0 /Applications/STM32CubeIDE.app/Contents/Eclipse/plugins/com.st.stm32cube.ide.mcu.externaltools.gnu-tools-for-stm32.13.3.rel1.macos64_1.0.0.202411102158/tools/bin/../lib/gcc/arm-none-eabi/13.3.1/thumb/v7-m/nofp/crtbegin.o

.rodata         0x0800bf84     0x1548
                0x0800bf84                        . = ALIGN (0x4)
 *(.rodata)
 .rodata        0x0800bf84      0x1ba ./Core/Src/main.o
 *fill*         0x0800c13e        0x2 
 .rodata        0x0800c140       0x44 ./Middlewares/Third_Party/FatFs/src/ff.o
 *(.rodata*)
 .rodata.Font7x10
                0x0800c184      0x76c ./Core/Src/fonts.o
                0x0800c184                Font7x10
 .rodata.starter_model_feature_mean
                0x0800c8f0       0x2c ./Core/Src/main.o
 .rodata.starter_model_feature_std
                0x0800c91c       0x2c ./Core/Src/main.o
 .rodata.starter_model_label_names
                0x0800c948       0x18 ./Core/Src/main.o
 .rodata.starter_model_tree_0
                0x0800c960       0x9c ./Core/Src/main.o
 .rodata.starter_model_tree_1
                0x0800c9fc       0x84 ./Core/Src/main.o
 .rodata.starter_model_tree_2
                0x0800ca80       0x9c ./Core/Src/main.o
 .rodata.starter_model_tree_3
                0x0800cb1c       0xb4 ./Core/Src/main.o
 .rodata.starter_model_tree_4
                0x0800cbd0       0xcc ./Core/Src/main.o
 .rodata.starter_model_tree_5
                0x0800cc9c       0xb4 ./Core/Src/main.o
 .rodata.starter_model_tree_6
                0x0800cd50       0xcc ./Core/Src/main.o
 .rodata.starter_model_tree_7
                0x0800ce1c       0xb4 ./Core/Src/main.o
 .rodata.starter_model_tree_8
                0x0800ced0       0xb4 ./Core/Src/main.o
 .rodata.starter_model_tree_9
                0x0800cf84       0x6c ./Core/Src/main.o
 .rodata.starter_model_tree_10
                0x0800cff0       0x9c ./Core/Src/main.o
 .rodata.starter_model_tree_11
                0x0800d08c       0x84 ./Core/Src/main.o
 .rodata.starter_model_tree_12
                0x0800d110       0xcc ./Core/Src/main.o
 .rodata.starter_model_tree_13
                0x0800d1dc       0xb4 ./Core/Src/main.o
 .rodata.starter_model_tree_14
                0x0800d290       0xe4 ./Core/Src/main.o
 .rodata.starter_model_tree_sizes
                0x0800d374       0x1e ./Core/Src/main.o
 *fill*         0x0800d392        0x2 
 .rodata.starter_model_trees
                0x0800d394       0x3c ./Core/Src/main.o
 .rodata.AHBPrescTable
                0x0800d3d0       0x10 ./Core/Src/system_stm32f1xx.o
                0x0800d3d0                AHBPrescTable
 .rodata.APBPrescTable
                0x0800d3e0        0x8 ./Core/Src/system_stm32f1xx.o
                0x0800d3e0                APBPrescTable
 .rodata.aPLLMULFactorTable.1
                0x0800d3e8       0x10 ./Drivers/STM32F1xx_HAL_Driver/Src/stm32f1xx_hal_rcc.o
 .rodata.aPredivFactorTable.0
                0x0800d3f8        0x2 ./Drivers/STM32F1xx_HAL_Driver/Src/stm32f1xx_hal_rcc.o
 *fill*         0x0800d3fa        0x2 
 .rodata.aPLLMULFactorTable.1
                0x0800d3fc       0x10 ./Drivers/STM32F1xx_HAL_Driver/Src/stm32f1xx_hal_rcc_ex.o
 .rodata.aPredivFactorTable.0
                0x0800d40c        0x2 ./Drivers/STM32F1xx_HAL_Driver/Src/stm32f1xx_hal_rcc_ex.o
 *fill*         0x0800d40e        0x2 
 .rodata.ExCvt  0x0800d410       0x80 ./Middlewares/Third_Party/FatFs/src/ff.o
 .rodata._svfprintf_r.str1.1
                0x0800d490       0x33 /Applications/STM32CubeIDE.app/Contents/Eclipse/plugins/com.st.stm32cube.ide.mcu.externaltools.gnu-tools-for-stm32.13.3.rel1.macos64_1.0.0.202411102158/tools/bin/../lib/gcc/arm-none-eabi/13.3.1/../../../../arm-none-eabi/lib/thumb/v7-m/nofp/libc_nano.a(libc_a-nano-svfprintf.o)
                                 0x11 (size before relaxing)
 .rodata._printf_i.str1.1
                0x0800d4c3       0x22 /Applications/STM32CubeIDE.app/Contents/Eclipse/plugins/com.st.stm32cube.ide.mcu.externaltools.gnu-tools-for-stm32.13.3.rel1.macos64_1.0.0.202411102158/tools/bin/../lib/gcc/arm-none-eabi/13.3.1/../../../../arm-none-eabi/lib/thumb/v7-m/nofp/libc_nano.a(libc_a-nano-vfprintf_i.o)
 *fill*         0x0800d4c3        0x1 
 .rodata.tiny   0x0800d4c4        0x4 /Applications/STM32CubeIDE.app/Contents/Eclipse/plugins/com.st.stm32cube.ide.mcu.externaltools.gnu-tools-for-stm32.13.3.rel1.macos64_1.0.0.202411102158/tools/bin/../lib/gcc/arm-none-eabi/13.3.1/../../../../arm-none-eabi/lib/thumb/v7-m/nofp/libm.a(libm_a-ef_sqrt.o)
 .rodata.one    0x0800d4c8        0x4 /Applications/STM32CubeIDE.app/Contents/Eclipse/plugins/com.st.stm32cube.ide.mcu.externaltools.gnu-tools-for-stm32.13.3.rel1.macos64_1.0.0.202411102158/tools/bin/../lib/gcc/arm-none-eabi/13.3.1/../../../../arm-none-eabi/lib/thumb/v7-m/nofp/libm.a(libm_a-ef_sqrt.o)
                0x0800d4cc                        . = ALIGN (0x4)

.ARM.extab      0x0800d4cc        0x0
                0x0800d4cc                        . = ALIGN (0x4)
 *(.ARM.extab* .gnu.linkonce.armextab.*)
                0x0800d4cc                        . = ALIGN (0x4)

.ARM            0x0800d4cc        0x8
                0x0800d4cc                        . = ALIGN (0x4)
                0x0800d4cc                        __exidx_start = .
 *(.ARM.exidx*)
 .ARM.exidx     0x0800d4cc        0x8 /Applications/STM32CubeIDE.app/Contents/Eclipse/plugins/com.st.stm32cube.ide.mcu.externaltools.gnu-tools-for-stm32.13.3.rel1.macos64_1.0.0.202411102158/tools/bin/../lib/gcc/arm-none-eabi/13.3.1/../../../../arm-none-eabi/lib/thumb/v7-m/nofp/libc_nano.a(libc_a-strlen.o)
                0x0800d4d4                        __exidx_end = .
                0x0800d4d4                        . = ALIGN (0x4)

.preinit_array  0x0800d4d4        0x0
                0x0800d4d4                        . = ALIGN (0x4)
                0x0800d4d4                        PROVIDE (__preinit_array_start = .)
 *(.preinit_array*)
                0x0800d4d4                        PROVIDE (__preinit_array_end = .)
                0x0800d4d4                        . = ALIGN (0x4)

.init_array     0x0800d4d4        0x4
                0x0800d4d4                        . = ALIGN (0x4)
                0x0800d4d4                        PROVIDE (__init_array_start = .)
 *(SORT_BY_NAME(.init_array.*))
 *(.init_array*)
 .init_array    0x0800d4d4        0x4 /Applications/STM32CubeIDE.app/Contents/Eclipse/plugins/com.st.stm32cube.ide.mcu.externaltools.gnu-tools-for-stm32.13.3.rel1.macos64_1.0.0.202411102158/tools/bin/../lib/gcc/arm-none-eabi/13.3.1/thumb/v7-m/nofp/crtbegin.o
                0x0800d4d8                        PROVIDE (__init_array_end = .)
                0x0800d4d8                        . = ALIGN (0x4)

.fini_array     0x0800d4d8        0x4
                0x0800d4d8                        . = ALIGN (0x4)
                [!provide]                        PROVIDE (__fini_array_start = .)
 *(SORT_BY_NAME(.fini_array.*))
 *(.fini_array*)
 .fini_array    0x0800d4d8        0x4 /Applications/STM32CubeIDE.app/Contents/Eclipse/plugins/com.st.stm32cube.ide.mcu.externaltools.gnu-tools-for-stm32.13.3.rel1.macos64_1.0.0.202411102158/tools/bin/../lib/gcc/arm-none-eabi/13.3.1/thumb/v7-m/nofp/crtbegin.o
                [!provide]                        PROVIDE (__fini_array_end = .)
                0x0800d4dc                        . = ALIGN (0x4)
                0x0800d4dc                        _sidata = LOADADDR (.data)

.rel.dyn        0x0800d4dc        0x0
 .rel.iplt      0x0800d4dc        0x0 /Applications/STM32CubeIDE.app/Contents/Eclipse/plugins/com.st.stm32cube.ide.mcu.externaltools.gnu-tools-for-stm32.13.3.rel1.macos64_1.0.0.202411102158/tools/bin/../lib/gcc/arm-none-eabi/13.3.1/thumb/v7-m/nofp/crtbegin.o

.data           0x20000000       0xc0 load address 0x0800d4dc
                0x20000000                        . = ALIGN (0x4)
                0x20000000                        _sdata = .
 *(.data)
 *(.data*)
 .data.Font_7x10
                0x20000000        0x8 ./Core/Src/fonts.o
                0x20000000                Font_7x10
 .data.mic_noise_floor
                0x20000008        0x6 ./Core/Src/main.o
                0x20000008                mic_noise_floor
 .data.direction_idx
                0x2000000e        0x1 ./Core/Src/main.o
                0x2000000e                direction_idx
 .data.pending_direction_idx
                0x2000000f        0x1 ./Core/Src/main.o
                0x2000000f                pending_direction_idx
 .data.servo_pulse_current
                0x20000010        0x2 ./Core/Src/main.o
                0x20000010                servo_pulse_current
 .data.last_event_direction
                0x20000012        0x1 ./Core/Src/main.o
                0x20000012                last_event_direction
 *fill*         0x20000013        0x1 
 .data.last_event_text
                0x20000014       0x14 ./Core/Src/main.o
                0x20000014                last_event_text
 .data.last_timestamp
                0x20000028       0x18 ./Core/Src/main.o
                0x20000028                last_timestamp
 .data.last_sound_text
                0x20000040        0xc ./Core/Src/main.o
                0x20000040                last_sound_text
 .data.last_sound_class
                0x2000004c        0x1 ./Core/Src/main.o
                0x2000004c                last_sound_class
 *fill*         0x2000004d        0x3 
 .data.SystemCoreClock
                0x20000050        0x4 ./Core/Src/system_stm32f1xx.o
                0x20000050                SystemCoreClock
 .data.uwTickPrio
                0x20000054        0x4 ./Drivers/STM32F1xx_HAL_Driver/Src/stm32f1xx_hal.o
                0x20000054                uwTickPrio
 .data.uwTickFreq
                0x20000058        0x1 ./Drivers/STM32F1xx_HAL_Driver/Src/stm32f1xx_hal.o
                0x20000058                uwTickFreq
 .data.Stat     0x20000059        0x1 ./FATFS/Target/user_diskio.o
 *fill*         0x2000005a        0x2 
 .data.USER_Driver
                0x2000005c       0x14 ./FATFS/Target/user_diskio.o
                0x2000005c                USER_Driver
 .data._impure_ptr
                0x20000070        0x4 /Applications/STM32CubeIDE.app/Contents/Eclipse/plugins/com.st.stm32cube.ide.mcu.externaltools.gnu-tools-for-stm32.13.3.rel1.macos64_1.0.0.202411102158/tools/bin/../lib/gcc/arm-none-eabi/13.3.1/../../../../arm-none-eabi/lib/thumb/v7-m/nofp/libc_nano.a(libc_a-impure.o)
                0x20000070                _impure_ptr
 .data._impure_data
                0x20000074       0x4c /Applications/STM32CubeIDE.app/Contents/Eclipse/plugins/com.st.stm32cube.ide.mcu.externaltools.gnu-tools-for-stm32.13.3.rel1.macos64_1.0.0.202411102158/tools/bin/../lib/gcc/arm-none-eabi/13.3.1/../../../../arm-none-eabi/lib/thumb/v7-m/nofp/libc_nano.a(libc_a-impure.o)
                0x20000074                _impure_data
 *(.RamFunc)
 *(.RamFunc*)
                0x200000c0                        . = ALIGN (0x4)
                0x200000c0                        _edata = .

.igot.plt       0x200000c0        0x0 load address 0x0800d59c
 .igot.plt      0x200000c0        0x0 /Applications/STM32CubeIDE.app/Contents/Eclipse/plugins/com.st.stm32cube.ide.mcu.externaltools.gnu-tools-for-stm32.13.3.rel1.macos64_1.0.0.202411102158/tools/bin/../lib/gcc/arm-none-eabi/13.3.1/thumb/v7-m/nofp/crtbegin.o
                0x200000c0                        . = ALIGN (0x4)

.bss            0x200000c0      0xec0 load address 0x0800d59c
                0x200000c0                        _sbss = .
                0x200000c0                        __bss_start__ = _sbss
 *(.bss)
 .bss           0x200000c0       0x1c /Applications/STM32CubeIDE.app/Contents/Eclipse/plugins/com.st.stm32cube.ide.mcu.externaltools.gnu-tools-for-stm32.13.3.rel1.macos64_1.0.0.202411102158/tools/bin/../lib/gcc/arm-none-eabi/13.3.1/thumb/v7-m/nofp/crtbegin.o
 *(.bss*)
 .bss.hadc1     0x200000dc       0x30 ./Core/Src/main.o
                0x200000dc                hadc1
 .bss.hdma_adc1
                0x2000010c       0x44 ./Core/Src/main.o
                0x2000010c                hdma_adc1
 .bss.hi2c1     0x20000150       0x54 ./Core/Src/main.o
                0x20000150                hi2c1
 .bss.hspi1     0x200001a4       0x58 ./Core/Src/main.o
                0x200001a4                hspi1
 .bss.htim3     0x200001fc       0x48 ./Core/Src/main.o
                0x200001fc                htim3
 .bss.huart1    0x20000244       0x48 ./Core/Src/main.o
                0x20000244                huart1
 .bss.adc_dma_buf
                0x2000028c      0x180 ./Core/Src/main.o
                0x2000028c                adc_dma_buf
 .bss.adc_half_ready
                0x2000040c        0x1 ./Core/Src/main.o
                0x2000040c                adc_half_ready
 .bss.adc_full_ready
                0x2000040d        0x1 ./Core/Src/main.o
                0x2000040d                adc_full_ready
 *fill*         0x2000040e        0x2 
 .bss.mic_level
                0x20000410        0x6 ./Core/Src/main.o
                0x20000410                mic_level
 .bss.current_level
                0x20000416        0x2 ./Core/Src/main.o
                0x20000416                current_level
 .bss.pending_direction_ms
                0x20000418        0x4 ./Core/Src/main.o
                0x20000418                pending_direction_ms
 .bss.last_ui_ms
                0x2000041c        0x4 ./Core/Src/main.o
                0x2000041c                last_ui_ms
 .bss.last_oled_ms
                0x20000420        0x4 ./Core/Src/main.o
                0x20000420                last_oled_ms
 .bss.last_rtc_ms
                0x20000424        0x4 ./Core/Src/main.o
                0x20000424                last_rtc_ms
 .bss.last_servo_ms
                0x20000428        0x4 ./Core/Src/main.o
                0x20000428                last_servo_ms
 .bss.event_result_hold_until_ms
                0x2000042c        0x4 ./Core/Src/main.o
                0x2000042c                event_result_hold_until_ms
 .bss.sd_ready  0x20000430        0x1 ./Core/Src/main.o
                0x20000430                sd_ready
 .bss.sd_last_error
                0x20000431        0x1 ./Core/Src/main.o
                0x20000431                sd_last_error
 *fill*         0x20000432        0x2 
 .bss.sd_log_count
                0x20000434        0x4 ./Core/Src/main.o
                0x20000434                sd_log_count
 .bss.sd_file_open
                0x20000438        0x1 ./Core/Src/main.o
                0x20000438                sd_file_open
 .bss.sd_log_dirty
                0x20000439        0x1 ./Core/Src/main.o
                0x20000439                sd_log_dirty
 .bss.sd_unsynced_events
                0x2000043a        0x1 ./Core/Src/main.o
                0x2000043a                sd_unsynced_events
 *fill*         0x2000043b        0x1 
 .bss.last_sd_sync_ms
                0x2000043c        0x4 ./Core/Src/main.o
                0x2000043c                last_sd_sync_ms
 .bss.event_state
                0x20000440       0x2c ./Core/Src/main.o
                0x20000440                event_state
 *fill*         0x2000046c        0x4 
 .bss.ai_event_acc
                0x20000470      0x120 ./Core/Src/main.o
                0x20000470                ai_event_acc
 .bss.last_event_type
                0x20000590        0x1 ./Core/Src/main.o
                0x20000590                last_event_type
 *fill*         0x20000591        0x3 
 .bss.SSD1306_Buffer
                0x20000594      0x400 ./Core/Src/ssd1306.o
 .bss.SSD1306   0x20000994        0x6 ./Core/Src/ssd1306.o
 *fill*         0x2000099a        0x2 
 .bss.__sbrk_heap_end
                0x2000099c        0x4 ./Core/Src/sysmem.o
 .bss.uwTick    0x200009a0        0x4 ./Drivers/STM32F1xx_HAL_Driver/Src/stm32f1xx_hal.o
                0x200009a0                uwTick
 .bss.retUSER   0x200009a4        0x1 ./FATFS/App/fatfs.o
                0x200009a4                retUSER
 *fill*         0x200009a5        0x3 
 .bss.USERPath  0x200009a8        0x4 ./FATFS/App/fatfs.o
                0x200009a8                USERPath
 .bss.USERFatFS
                0x200009ac      0x230 ./FATFS/App/fatfs.o
                0x200009ac                USERFatFS
 .bss.USERFile  0x20000bdc      0x22c ./FATFS/App/fatfs.o
                0x20000bdc                USERFile
 .bss.CardType  0x20000e08        0x1 ./FATFS/Target/user_diskio.o
 *fill*         0x20000e09        0x3 
 .bss.FatFs     0x20000e0c        0x4 ./Middlewares/Third_Party/FatFs/src/ff.o
 .bss.Fsid      0x20000e10        0x2 ./Middlewares/Third_Party/FatFs/src/ff.o
 *fill*         0x20000e12        0x2 
 .bss.Files     0x20000e14       0x18 ./Middlewares/Third_Party/FatFs/src/ff.o
 .bss.disk      0x20000e2c        0xc ./Middlewares/Third_Party/FatFs/src/ff_gen_drv.o
                0x20000e2c                disk
 .bss.__sf      0x20000e38      0x138 /Applications/STM32CubeIDE.app/Contents/Eclipse/plugins/com.st.stm32cube.ide.mcu.externaltools.gnu-tools-for-stm32.13.3.rel1.macos64_1.0.0.202411102158/tools/bin/../lib/gcc/arm-none-eabi/13.3.1/../../../../arm-none-eabi/lib/thumb/v7-m/nofp/libc_nano.a(libc_a-findfp.o)
                0x20000e38                __sf
 .bss.__lock___malloc_recursive_mutex
                0x20000f70        0x1 /Applications/STM32CubeIDE.app/Contents/Eclipse/plugins/com.st.stm32cube.ide.mcu.externaltools.gnu-tools-for-stm32.13.3.rel1.macos64_1.0.0.202411102158/tools/bin/../lib/gcc/arm-none-eabi/13.3.1/../../../../arm-none-eabi/lib/thumb/v7-m/nofp/libc_nano.a(libc_a-lock.o)
                0x20000f70                __lock___malloc_recursive_mutex
 *fill*         0x20000f71        0x3 
 .bss.__malloc_sbrk_start
                0x20000f74        0x4 /Applications/STM32CubeIDE.app/Contents/Eclipse/plugins/com.st.stm32cube.ide.mcu.externaltools.gnu-tools-for-stm32.13.3.rel1.macos64_1.0.0.202411102158/tools/bin/../lib/gcc/arm-none-eabi/13.3.1/../../../../arm-none-eabi/lib/thumb/v7-m/nofp/libc_nano.a(libc_a-mallocr.o)
                0x20000f74                __malloc_sbrk_start
 .bss.__malloc_free_list
                0x20000f78        0x4 /Applications/STM32CubeIDE.app/Contents/Eclipse/plugins/com.st.stm32cube.ide.mcu.externaltools.gnu-tools-for-stm32.13.3.rel1.macos64_1.0.0.202411102158/tools/bin/../lib/gcc/arm-none-eabi/13.3.1/../../../../arm-none-eabi/lib/thumb/v7-m/nofp/libc_nano.a(libc_a-mallocr.o)
                0x20000f78                __malloc_free_list
 .bss.errno     0x20000f7c        0x4 /Applications/STM32CubeIDE.app/Contents/Eclipse/plugins/com.st.stm32cube.ide.mcu.externaltools.gnu-tools-for-stm32.13.3.rel1.macos64_1.0.0.202411102158/tools/bin/../lib/gcc/arm-none-eabi/13.3.1/../../../../arm-none-eabi/lib/thumb/v7-m/nofp/libc_nano.a(libc_a-reent.o)
                0x20000f7c                errno
 *(COMMON)
                0x20000f80                        . = ALIGN (0x4)
                0x20000f80                        _ebss = .
                0x20000f80                        __bss_end__ = _ebss

._user_heap_stack
                0x20000f80      0x600 load address 0x0800d59c
                0x20000f80                        . = ALIGN (0x8)
                [!provide]                        PROVIDE (end = .)
                0x20000f80                        PROVIDE (_end = .)
                0x20001180                        . = (. + _Min_Heap_Size)
 *fill*         0x20000f80      0x200 
                0x20001580                        . = (. + _Min_Stack_Size)
 *fill*         0x20001180      0x400 
                0x20001580                        . = ALIGN (0x8)

/DISCARD/
 libc.a(*)
 libm.a(*)
 libgcc.a(*)

.ARM.attributes
                0x00000000       0x29
 *(.ARM.attributes)
 .ARM.attributes
                0x00000000       0x1d /Applications/STM32CubeIDE.app/Contents/Eclipse/plugins/com.st.stm32cube.ide.mcu.externaltools.gnu-tools-for-stm32.13.3.rel1.macos64_1.0.0.202411102158/tools/bin/../lib/gcc/arm-none-eabi/13.3.1/thumb/v7-m/nofp/crti.o
 .ARM.attributes
                0x0000001d       0x2d /Applications/STM32CubeIDE.app/Contents/Eclipse/plugins/com.st.stm32cube.ide.mcu.externaltools.gnu-tools-for-stm32.13.3.rel1.macos64_1.0.0.202411102158/tools/bin/../lib/gcc/arm-none-eabi/13.3.1/thumb/v7-m/nofp/crtbegin.o
 .ARM.attributes
                0x0000004a       0x2d ./Core/Src/fonts.o
 .ARM.attributes
                0x00000077       0x2d ./Core/Src/main.o
 .ARM.attributes
                0x000000a4       0x2d ./Core/Src/ssd1306.o
 .ARM.attributes
                0x000000d1       0x2d ./Core/Src/stm32f1xx_hal_msp.o
 .ARM.attributes
                0x000000fe       0x2d ./Core/Src/stm32f1xx_it.o
 .ARM.attributes
                0x0000012b       0x2d ./Core/Src/sysmem.o
 .ARM.attributes
                0x00000158       0x2d ./Core/Src/system_stm32f1xx.o
 .ARM.attributes
                0x00000185       0x21 ./Core/Startup/startup_stm32f103c8tx.o
 .ARM.attributes
                0x000001a6       0x2d ./Drivers/STM32F1xx_HAL_Driver/Src/stm32f1xx_hal.o
 .ARM.attributes
                0x000001d3       0x2d ./Drivers/STM32F1xx_HAL_Driver/Src/stm32f1xx_hal_adc.o
 .ARM.attributes
                0x00000200       0x2d ./Drivers/STM32F1xx_HAL_Driver/Src/stm32f1xx_hal_adc_ex.o
 .ARM.attributes
                0x0000022d       0x2d ./Drivers/STM32F1xx_HAL_Driver/Src/stm32f1xx_hal_cortex.o
 .ARM.attributes
                0x0000025a       0x2d ./Drivers/STM32F1xx_HAL_Driver/Src/stm32f1xx_hal_dma.o
 .ARM.attributes
                0x00000287       0x2d ./Drivers/STM32F1xx_HAL_Driver/Src/stm32f1xx_hal_gpio.o
 .ARM.attributes
                0x000002b4       0x2d ./Drivers/STM32F1xx_HAL_Driver/Src/stm32f1xx_hal_i2c.o
 .ARM.attributes
                0x000002e1       0x2d ./Drivers/STM32F1xx_HAL_Driver/Src/stm32f1xx_hal_rcc.o
 .ARM.attributes
                0x0000030e       0x2d ./Drivers/STM32F1xx_HAL_Driver/Src/stm32f1xx_hal_rcc_ex.o
 .ARM.attributes
                0x0000033b       0x2d ./Drivers/STM32F1xx_HAL_Driver/Src/stm32f1xx_hal_spi.o
 .ARM.attributes
                0x00000368       0x2d ./Drivers/STM32F1xx_HAL_Driver/Src/stm32f1xx_hal_tim.o
 .ARM.attributes
                0x00000395       0x2d ./Drivers/STM32F1xx_HAL_Driver/Src/stm32f1xx_hal_tim_ex.o
 .ARM.attributes
                0x000003c2       0x2d ./Drivers/STM32F1xx_HAL_Driver/Src/stm32f1xx_hal_uart.o
 .ARM.attributes
                0x000003ef       0x2d ./FATFS/App/fatfs.o
 .ARM.attributes
                0x0000041c       0x2d ./FATFS/Target/user_diskio.o
 .ARM.attributes
                0x00000449       0x2d ./Middlewares/Third_Party/FatFs/src/diskio.o
 .ARM.attributes
                0x00000476       0x2d ./Middlewares/Third_Party/FatFs/src/ff.o
 .ARM.attributes
                0x000004a3       0x2d ./Middlewares/Third_Party/FatFs/src/ff_gen_drv.o
 .ARM.attributes
                0x000004d0       0x2d /Applications/STM32CubeIDE.app/Contents/Eclipse/plugins/com.st.stm32cube.ide.mcu.externaltools.gnu-tools-for-stm32.13.3.rel1.macos64_1.0.0.202411102158/tools/bin/../lib/gcc/arm-none-eabi/13.3.1/../../../../arm-none-eabi/lib/thumb/v7-m/nofp/libc_nano.a(libc_a-snprintf.o)
 .ARM.attributes
                0x000004fd       0x2d /Applications/STM32CubeIDE.app/Contents/Eclipse/plugins/com.st.stm32cube.ide.mcu.externaltools.gnu-tools-for-stm32.13.3.rel1.macos64_1.0.0.202411102158/tools/bin/../lib/gcc/arm-none-eabi/13.3.1/../../../../arm-none-eabi/lib/thumb/v7-m/nofp/libc_nano.a(libc_a-findfp.o)
 .ARM.attributes
                0x0000052a       0x2d /Applications/STM32CubeIDE.app/Contents/Eclipse/plugins/com.st.stm32cube.ide.mcu.externaltools.gnu-tools-for-stm32.13.3.rel1.macos64_1.0.0.202411102158/tools/bin/../lib/gcc/arm-none-eabi/13.3.1/../../../../arm-none-eabi/lib/thumb/v7-m/nofp/libc_nano.a(libc_a-memset.o)
 .ARM.attributes
                0x00000557       0x2d /Applications/STM32CubeIDE.app/Contents/Eclipse/plugins/com.st.stm32cube.ide.mcu.externaltools.gnu-tools-for-stm32.13.3.rel1.macos64_1.0.0.202411102158/tools/bin/../lib/gcc/arm-none-eabi/13.3.1/../../../../arm-none-eabi/lib/thumb/v7-m/nofp/libc_nano.a(libc_a-errno.o)
 .ARM.attributes
                0x00000584       0x2d /Applications/STM32CubeIDE.app/Contents/Eclipse/plugins/com.st.stm32cube.ide.mcu.externaltools.gnu-tools-for-stm32.13.3.rel1.macos64_1.0.0.202411102158/tools/bin/../lib/gcc/arm-none-eabi/13.3.1/../../../../arm-none-eabi/lib/thumb/v7-m/nofp/libc_nano.a(libc_a-init.o)
 .ARM.attributes
                0x000005b1       0x2d /Applications/STM32CubeIDE.app/Contents/Eclipse/plugins/com.st.stm32cube.ide.mcu.externaltools.gnu-tools-for-stm32.13.3.rel1.macos64_1.0.0.202411102158/tools/bin/../lib/gcc/arm-none-eabi/13.3.1/../../../../arm-none-eabi/lib/thumb/v7-m/nofp/libc_nano.a(libc_a-lock.o)
 .ARM.attributes
                0x000005de       0x2d /Applications/STM32CubeIDE.app/Contents/Eclipse/plugins/com.st.stm32cube.ide.mcu.externaltools.gnu-tools-for-stm32.13.3.rel1.macos64_1.0.0.202411102158/tools/bin/../lib/gcc/arm-none-eabi/13.3.1/../../../../arm-none-eabi/lib/thumb/v7-m/nofp/libc_nano.a(libc_a-impure.o)
 .ARM.attributes
                0x0000060b       0x17 /Applications/STM32CubeIDE.app/Contents/Eclipse/plugins/com.st.stm32cube.ide.mcu.externaltools.gnu-tools-for-stm32.13.3.rel1.macos64_1.0.0.202411102158/tools/bin/../lib/gcc/arm-none-eabi/13.3.1/../../../../arm-none-eabi/lib/thumb/v7-m/nofp/libc_nano.a(libc_a-strlen.o)
 .ARM.attributes
                0x00000622       0x2d /Applications/STM32CubeIDE.app/Contents/Eclipse/plugins/com.st.stm32cube.ide.mcu.externaltools.gnu-tools-for-stm32.13.3.rel1.macos64_1.0.0.202411102158/tools/bin/../lib/gcc/arm-none-eabi/13.3.1/../../../../arm-none-eabi/lib/thumb/v7-m/nofp/libc_nano.a(libc_a-nano-svfprintf.o)
 .ARM.attributes
                0x0000064f       0x2d /Applications/STM32CubeIDE.app/Contents/Eclipse/plugins/com.st.stm32cube.ide.mcu.externaltools.gnu-tools-for-stm32.13.3.rel1.macos64_1.0.0.202411102158/tools/bin/../lib/gcc/arm-none-eabi/13.3.1/../../../../arm-none-eabi/lib/thumb/v7-m/nofp/libc_nano.a(libc_a-mallocr.o)
 .ARM.attributes
                0x0000067c       0x2d /Applications/STM32CubeIDE.app/Contents/Eclipse/plugins/com.st.stm32cube.ide.mcu.externaltools.gnu-tools-for-stm32.13.3.rel1.macos64_1.0.0.202411102158/tools/bin/../lib/gcc/arm-none-eabi/13.3.1/../../../../arm-none-eabi/lib/thumb/v7-m/nofp/libc_nano.a(libc_a-nano-vfprintf_i.o)
 .ARM.attributes
                0x000006a9       0x2d /Applications/STM32CubeIDE.app/Contents/Eclipse/plugins/com.st.stm32cube.ide.mcu.externaltools.gnu-tools-for-stm32.13.3.rel1.macos64_1.0.0.202411102158/tools/bin/../lib/gcc/arm-none-eabi/13.3.1/../../../../arm-none-eabi/lib/thumb/v7-m/nofp/libc_nano.a(libc_a-mlock.o)
 .ARM.attributes
                0x000006d6       0x2d /Applications/STM32CubeIDE.app/Contents/Eclipse/plugins/com.st.stm32cube.ide.mcu.externaltools.gnu-tools-for-stm32.13.3.rel1.macos64_1.0.0.202411102158/tools/bin/../lib/gcc/arm-none-eabi/13.3.1/../../../../arm-none-eabi/lib/thumb/v7-m/nofp/libc_nano.a(libc_a-reallocr.o)
 .ARM.attributes
                0x00000703       0x2d /Applications/STM32CubeIDE.app/Contents/Eclipse/plugins/com.st.stm32cube.ide.mcu.externaltools.gnu-tools-for-stm32.13.3.rel1.macos64_1.0.0.202411102158/tools/bin/../lib/gcc/arm-none-eabi/13.3.1/../../../../arm-none-eabi/lib/thumb/v7-m/nofp/libc_nano.a(libc_a-memmove.o)
 .ARM.attributes
                0x00000730       0x2d /Applications/STM32CubeIDE.app/Contents/Eclipse/plugins/com.st.stm32cube.ide.mcu.externaltools.gnu-tools-for-stm32.13.3.rel1.macos64_1.0.0.202411102158/tools/bin/../lib/gcc/arm-none-eabi/13.3.1/../../../../arm-none-eabi/lib/thumb/v7-m/nofp/libc_nano.a(libc_a-sbrkr.o)
 .ARM.attributes
                0x0000075d       0x2d /Applications/STM32CubeIDE.app/Contents/Eclipse/plugins/com.st.stm32cube.ide.mcu.externaltools.gnu-tools-for-stm32.13.3.rel1.macos64_1.0.0.202411102158/tools/bin/../lib/gcc/arm-none-eabi/13.3.1/../../../../arm-none-eabi/lib/thumb/v7-m/nofp/libc_nano.a(libc_a-reent.o)
 .ARM.attributes
                0x0000078a       0x2d /Applications/STM32CubeIDE.app/Contents/Eclipse/plugins/com.st.stm32cube.ide.mcu.externaltools.gnu-tools-for-stm32.13.3.rel1.macos64_1.0.0.202411102158/tools/bin/../lib/gcc/arm-none-eabi/13.3.1/../../../../arm-none-eabi/lib/thumb/v7-m/nofp/libc_nano.a(libc_a-memchr-stub.o)
 .ARM.attributes
                0x000007b7       0x2d /Applications/STM32CubeIDE.app/Contents/Eclipse/plugins/com.st.stm32cube.ide.mcu.externaltools.gnu-tools-for-stm32.13.3.rel1.macos64_1.0.0.202411102158/tools/bin/../lib/gcc/arm-none-eabi/13.3.1/../../../../arm-none-eabi/lib/thumb/v7-m/nofp/libc_nano.a(libc_a-memcpy-stub.o)
 .ARM.attributes
                0x000007e4       0x2d /Applications/STM32CubeIDE.app/Contents/Eclipse/plugins/com.st.stm32cube.ide.mcu.externaltools.gnu-tools-for-stm32.13.3.rel1.macos64_1.0.0.202411102158/tools/bin/../lib/gcc/arm-none-eabi/13.3.1/../../../../arm-none-eabi/lib/thumb/v7-m/nofp/libc_nano.a(libc_a-freer.o)
 .ARM.attributes
                0x00000811       0x2d /Applications/STM32CubeIDE.app/Contents/Eclipse/plugins/com.st.stm32cube.ide.mcu.externaltools.gnu-tools-for-stm32.13.3.rel1.macos64_1.0.0.202411102158/tools/bin/../lib/gcc/arm-none-eabi/13.3.1/../../../../arm-none-eabi/lib/thumb/v7-m/nofp/libc_nano.a(libc_a-msizer.o)
 .ARM.attributes
                0x0000083e       0x2d /Applications/STM32CubeIDE.app/Contents/Eclipse/plugins/com.st.stm32cube.ide.mcu.externaltools.gnu-tools-for-stm32.13.3.rel1.macos64_1.0.0.202411102158/tools/bin/../lib/gcc/arm-none-eabi/13.3.1/../../../../arm-none-eabi/lib/thumb/v7-m/nofp/libm.a(libm_a-wf_sqrt.o)
 .ARM.attributes
                0x0000086b       0x2d /Applications/STM32CubeIDE.app/Contents/Eclipse/plugins/com.st.stm32cube.ide.mcu.externaltools.gnu-tools-for-stm32.13.3.rel1.macos64_1.0.0.202411102158/tools/bin/../lib/gcc/arm-none-eabi/13.3.1/../../../../arm-none-eabi/lib/thumb/v7-m/nofp/libm.a(libm_a-ef_sqrt.o)
 .ARM.attributes
                0x00000898       0x1d /Applications/STM32CubeIDE.app/Contents/Eclipse/plugins/com.st.stm32cube.ide.mcu.externaltools.gnu-tools-for-stm32.13.3.rel1.macos64_1.0.0.202411102158/tools/bin/../lib/gcc/arm-none-eabi/13.3.1/thumb/v7-m/nofp/libgcc.a(_arm_addsubsf3.o)
 .ARM.attributes
                0x000008b5       0x1d /Applications/STM32CubeIDE.app/Contents/Eclipse/plugins/com.st.stm32cube.ide.mcu.externaltools.gnu-tools-for-stm32.13.3.rel1.macos64_1.0.0.202411102158/tools/bin/../lib/gcc/arm-none-eabi/13.3.1/thumb/v7-m/nofp/libgcc.a(_arm_muldivsf3.o)
 .ARM.attributes
                0x000008d2       0x1d /Applications/STM32CubeIDE.app/Contents/Eclipse/plugins/com.st.stm32cube.ide.mcu.externaltools.gnu-tools-for-stm32.13.3.rel1.macos64_1.0.0.202411102158/tools/bin/../lib/gcc/arm-none-eabi/13.3.1/thumb/v7-m/nofp/libgcc.a(_arm_cmpsf2.o)
 .ARM.attributes
                0x000008ef       0x1d /Applications/STM32CubeIDE.app/Contents/Eclipse/plugins/com.st.stm32cube.ide.mcu.externaltools.gnu-tools-for-stm32.13.3.rel1.macos64_1.0.0.202411102158/tools/bin/../lib/gcc/arm-none-eabi/13.3.1/thumb/v7-m/nofp/libgcc.a(_arm_unordsf2.o)
 .ARM.attributes
                0x0000090c       0x1d /Applications/STM32CubeIDE.app/Contents/Eclipse/plugins/com.st.stm32cube.ide.mcu.externaltools.gnu-tools-for-stm32.13.3.rel1.macos64_1.0.0.202411102158/tools/bin/../lib/gcc/arm-none-eabi/13.3.1/thumb/v7-m/nofp/crtn.o
OUTPUT(331project.elf elf32-littlearm)
LOAD linker stubs
LOAD /Applications/STM32CubeIDE.app/Contents/Eclipse/plugins/com.st.stm32cube.ide.mcu.externaltools.gnu-tools-for-stm32.13.3.rel1.macos64_1.0.0.202411102158/tools/bin/../lib/gcc/arm-none-eabi/13.3.1/../../../../arm-none-eabi/lib/thumb/v7-m/nofp/libc.a
LOAD /Applications/STM32CubeIDE.app/Contents/Eclipse/plugins/com.st.stm32cube.ide.mcu.externaltools.gnu-tools-for-stm32.13.3.rel1.macos64_1.0.0.202411102158/tools/bin/../lib/gcc/arm-none-eabi/13.3.1/../../../../arm-none-eabi/lib/thumb/v7-m/nofp/libm.a
LOAD /Applications/STM32CubeIDE.app/Contents/Eclipse/plugins/com.st.stm32cube.ide.mcu.externaltools.gnu-tools-for-stm32.13.3.rel1.macos64_1.0.0.202411102158/tools/bin/../lib/gcc/arm-none-eabi/13.3.1/thumb/v7-m/nofp/libgcc.a

.debug_info     0x00000000    0x18a91
 .debug_info    0x00000000      0x265 ./Core/Src/fonts.o
 .debug_info    0x00000265     0x36c2 ./Core/Src/main.o
 .debug_info    0x00003927     0x1028 ./Core/Src/ssd1306.o
 .debug_info    0x0000494f     0x1517 ./Core/Src/stm32f1xx_hal_msp.o
 .debug_info    0x00005e66      0x35e ./Core/Src/stm32f1xx_it.o
 .debug_info    0x000061c4      0x180 ./Core/Src/sysmem.o
 .debug_info    0x00006344      0x222 ./Core/Src/system_stm32f1xx.o
 .debug_info    0x00006566       0x30 ./Core/Startup/startup_stm32f103c8tx.o
 .debug_info    0x00006596      0x704 ./Drivers/STM32F1xx_HAL_Driver/Src/stm32f1xx_hal.o
 .debug_info    0x00006c9a      0xc50 ./Drivers/STM32F1xx_HAL_Driver/Src/stm32f1xx_hal_adc.o
 .debug_info    0x000078ea      0xa10 ./Drivers/STM32F1xx_HAL_Driver/Src/stm32f1xx_hal_adc_ex.o
 .debug_info    0x000082fa      0xa87 ./Drivers/STM32F1xx_HAL_Driver/Src/stm32f1xx_hal_cortex.o
 .debug_info    0x00008d81      0x6d2 ./Drivers/STM32F1xx_HAL_Driver/Src/stm32f1xx_hal_dma.o
 .debug_info    0x00009453      0x5ab ./Drivers/STM32F1xx_HAL_Driver/Src/stm32f1xx_hal_gpio.o
 .debug_info    0x000099fe     0x2524 ./Drivers/STM32F1xx_HAL_Driver/Src/stm32f1xx_hal_i2c.o
 .debug_info    0x0000bf22      0x7d5 ./Drivers/STM32F1xx_HAL_Driver/Src/stm32f1xx_hal_rcc.o
 .debug_info    0x0000c6f7      0x3c0 ./Drivers/STM32F1xx_HAL_Driver/Src/stm32f1xx_hal_rcc_ex.o
 .debug_info    0x0000cab7     0x142d ./Drivers/STM32F1xx_HAL_Driver/Src/stm32f1xx_hal_spi.o
 .debug_info    0x0000dee4     0x2959 ./Drivers/STM32F1xx_HAL_Driver/Src/stm32f1xx_hal_tim.o
 .debug_info    0x0001083d     0x149b ./Drivers/STM32F1xx_HAL_Driver/Src/stm32f1xx_hal_tim_ex.o
 .debug_info    0x00011cd8     0x2eed ./Drivers/STM32F1xx_HAL_Driver/Src/stm32f1xx_hal_uart.o
 .debug_info    0x00014bc5      0xac5 ./FATFS/App/fatfs.o
 .debug_info    0x0001568a      0xbd9 ./FATFS/Target/user_diskio.o
 .debug_info    0x00016263      0x3da ./Middlewares/Third_Party/FatFs/src/diskio.o
 .debug_info    0x0001663d     0x20da ./Middlewares/Third_Party/FatFs/src/ff.o
 .debug_info    0x00018717      0x37a ./Middlewares/Third_Party/FatFs/src/ff_gen_drv.o

.debug_abbrev   0x00000000     0x385f
 .debug_abbrev  0x00000000      0x12d ./Core/Src/fonts.o
 .debug_abbrev  0x0000012d      0x445 ./Core/Src/main.o
 .debug_abbrev  0x00000572      0x30d ./Core/Src/ssd1306.o
 .debug_abbrev  0x0000087f      0x25b ./Core/Src/stm32f1xx_hal_msp.o
 .debug_abbrev  0x00000ada      0x16e ./Core/Src/stm32f1xx_it.o
 .debug_abbrev  0x00000c48       0xbc ./Core/Src/sysmem.o
 .debug_abbrev  0x00000d04      0x13f ./Core/Src/system_stm32f1xx.o
 .debug_abbrev  0x00000e43       0x24 ./Core/Startup/startup_stm32f103c8tx.o
 .debug_abbrev  0x00000e67      0x201 ./Drivers/STM32F1xx_HAL_Driver/Src/stm32f1xx_hal.o
 .debug_abbrev  0x00001068      0x225 ./Drivers/STM32F1xx_HAL_Driver/Src/stm32f1xx_hal_adc.o
 .debug_abbrev  0x0000128d      0x249 ./Drivers/STM32F1xx_HAL_Driver/Src/stm32f1xx_hal_adc_ex.o
 .debug_abbrev  0x000014d6      0x2f8 ./Drivers/STM32F1xx_HAL_Driver/Src/stm32f1xx_hal_cortex.o
 .debug_abbrev  0x000017ce      0x20b ./Drivers/STM32F1xx_HAL_Driver/Src/stm32f1xx_hal_dma.o
 .debug_abbrev  0x000019d9      0x1ca ./Drivers/STM32F1xx_HAL_Driver/Src/stm32f1xx_hal_gpio.o
 .debug_abbrev  0x00001ba3      0x2a3 ./Drivers/STM32F1xx_HAL_Driver/Src/stm32f1xx_hal_i2c.o
 .debug_abbrev  0x00001e46      0x2b3 ./Drivers/STM32F1xx_HAL_Driver/Src/stm32f1xx_hal_rcc.o
 .debug_abbrev  0x000020f9      0x188 ./Drivers/STM32F1xx_HAL_Driver/Src/stm32f1xx_hal_rcc_ex.o
 .debug_abbrev  0x00002281      0x27a ./Drivers/STM32F1xx_HAL_Driver/Src/stm32f1xx_hal_spi.o
 .debug_abbrev  0x000024fb      0x277 ./Drivers/STM32F1xx_HAL_Driver/Src/stm32f1xx_hal_tim.o
 .debug_abbrev  0x00002772      0x282 ./Drivers/STM32F1xx_HAL_Driver/Src/stm32f1xx_hal_tim_ex.o
 .debug_abbrev  0x000029f4      0x2f8 ./Drivers/STM32F1xx_HAL_Driver/Src/stm32f1xx_hal_uart.o
 .debug_abbrev  0x00002cec      0x27a ./FATFS/App/fatfs.o
 .debug_abbrev  0x00002f66      0x2ff ./FATFS/Target/user_diskio.o
 .debug_abbrev  0x00003265      0x181 ./Middlewares/Third_Party/FatFs/src/diskio.o
 .debug_abbrev  0x000033e6      0x2da ./Middlewares/Third_Party/FatFs/src/ff.o
 .debug_abbrev  0x000036c0      0x19f ./Middlewares/Third_Party/FatFs/src/ff_gen_drv.o

.debug_aranges  0x00000000     0x17d0
 .debug_aranges
                0x00000000       0x20 ./Core/Src/fonts.o
 .debug_aranges
                0x00000020      0x1a0 ./Core/Src/main.o
 .debug_aranges
                0x000001c0       0xf8 ./Core/Src/ssd1306.o
 .debug_aranges
                0x000002b8       0x78 ./Core/Src/stm32f1xx_hal_msp.o
 .debug_aranges
                0x00000330       0x68 ./Core/Src/stm32f1xx_it.o
 .debug_aranges
                0x00000398       0x20 ./Core/Src/sysmem.o
 .debug_aranges
                0x000003b8       0x28 ./Core/Src/system_stm32f1xx.o
 .debug_aranges
                0x000003e0       0x28 ./Core/Startup/startup_stm32f103c8tx.o
 .debug_aranges
                0x00000408       0xe0 ./Drivers/STM32F1xx_HAL_Driver/Src/stm32f1xx_hal.o
 .debug_aranges
                0x000004e8       0xf0 ./Drivers/STM32F1xx_HAL_Driver/Src/stm32f1xx_hal_adc.o
 .debug_aranges
                0x000005d8       0x80 ./Drivers/STM32F1xx_HAL_Driver/Src/stm32f1xx_hal_adc_ex.o
 .debug_aranges
                0x00000658      0x100 ./Drivers/STM32F1xx_HAL_Driver/Src/stm32f1xx_hal_cortex.o
 .debug_aranges
                0x00000758       0x80 ./Drivers/STM32F1xx_HAL_Driver/Src/stm32f1xx_hal_dma.o
 .debug_aranges
                0x000007d8       0x58 ./Drivers/STM32F1xx_HAL_Driver/Src/stm32f1xx_hal_gpio.o
 .debug_aranges
                0x00000830      0x2a8 ./Drivers/STM32F1xx_HAL_Driver/Src/stm32f1xx_hal_i2c.o
 .debug_aranges
                0x00000ad8       0x90 ./Drivers/STM32F1xx_HAL_Driver/Src/stm32f1xx_hal_rcc.o
 .debug_aranges
                0x00000b68       0x30 ./Drivers/STM32F1xx_HAL_Driver/Src/stm32f1xx_hal_rcc_ex.o
 .debug_aranges
                0x00000b98      0x1d0 ./Drivers/STM32F1xx_HAL_Driver/Src/stm32f1xx_hal_spi.o
 .debug_aranges
                0x00000d68      0x3d0 ./Drivers/STM32F1xx_HAL_Driver/Src/stm32f1xx_hal_tim.o
 .debug_aranges
                0x00001138      0x168 ./Drivers/STM32F1xx_HAL_Driver/Src/stm32f1xx_hal_tim_ex.o
 .debug_aranges
                0x000012a0      0x208 ./Drivers/STM32F1xx_HAL_Driver/Src/stm32f1xx_hal_uart.o
 .debug_aranges
                0x000014a8       0x30 ./FATFS/App/fatfs.o
 .debug_aranges
                0x000014d8       0x88 ./FATFS/Target/user_diskio.o
 .debug_aranges
                0x00001560       0x48 ./Middlewares/Third_Party/FatFs/src/diskio.o
 .debug_aranges
                0x000015a8      0x1e8 ./Middlewares/Third_Party/FatFs/src/ff.o
 .debug_aranges
                0x00001790       0x40 ./Middlewares/Third_Party/FatFs/src/ff_gen_drv.o

.debug_rnglists
                0x00000000     0x12d0
 .debug_rnglists
                0x00000000       0x13 ./Core/Src/fonts.o
 .debug_rnglists
                0x00000013      0x14e ./Core/Src/main.o
 .debug_rnglists
                0x00000161       0xc2 ./Core/Src/ssd1306.o
 .debug_rnglists
                0x00000223       0x58 ./Core/Src/stm32f1xx_hal_msp.o
 .debug_rnglists
                0x0000027b       0x49 ./Core/Src/stm32f1xx_it.o
 .debug_rnglists
                0x000002c4       0x13 ./Core/Src/sysmem.o
 .debug_rnglists
                0x000002d7       0x1a ./Core/Src/system_stm32f1xx.o
 .debug_rnglists
                0x000002f1       0x19 ./Core/Startup/startup_stm32f103c8tx.o
 .debug_rnglists
                0x0000030a       0xa3 ./Drivers/STM32F1xx_HAL_Driver/Src/stm32f1xx_hal.o
 .debug_rnglists
                0x000003ad       0xbc ./Drivers/STM32F1xx_HAL_Driver/Src/stm32f1xx_hal_adc.o
 .debug_rnglists
                0x00000469       0x65 ./Drivers/STM32F1xx_HAL_Driver/Src/stm32f1xx_hal_adc_ex.o
 .debug_rnglists
                0x000004ce       0xbb ./Drivers/STM32F1xx_HAL_Driver/Src/stm32f1xx_hal_cortex.o
 .debug_rnglists
                0x00000589       0x64 ./Drivers/STM32F1xx_HAL_Driver/Src/stm32f1xx_hal_dma.o
 .debug_rnglists
                0x000005ed       0x3f ./Drivers/STM32F1xx_HAL_Driver/Src/stm32f1xx_hal_gpio.o
 .debug_rnglists
                0x0000062c      0x23c ./Drivers/STM32F1xx_HAL_Driver/Src/stm32f1xx_hal_i2c.o
 .debug_rnglists
                0x00000868       0x6c ./Drivers/STM32F1xx_HAL_Driver/Src/stm32f1xx_hal_rcc.o
 .debug_rnglists
                0x000008d4       0x21 ./Drivers/STM32F1xx_HAL_Driver/Src/stm32f1xx_hal_rcc_ex.o
 .debug_rnglists
                0x000008f5      0x16e ./Drivers/STM32F1xx_HAL_Driver/Src/stm32f1xx_hal_spi.o
 .debug_rnglists
                0x00000a63      0x31a ./Drivers/STM32F1xx_HAL_Driver/Src/stm32f1xx_hal_tim.o
 .debug_rnglists
                0x00000d7d      0x125 ./Drivers/STM32F1xx_HAL_Driver/Src/stm32f1xx_hal_tim_ex.o
 .debug_rnglists
                0x00000ea2      0x1bc ./Drivers/STM32F1xx_HAL_Driver/Src/stm32f1xx_hal_uart.o
 .debug_rnglists
                0x0000105e       0x20 ./FATFS/App/fatfs.o
 .debug_rnglists
                0x0000107e       0x66 ./FATFS/Target/user_diskio.o
 .debug_rnglists
                0x000010e4       0x31 ./Middlewares/Third_Party/FatFs/src/diskio.o
 .debug_rnglists
                0x00001115      0x18f ./Middlewares/Third_Party/FatFs/src/ff.o
 .debug_rnglists
                0x000012a4       0x2c ./Middlewares/Third_Party/FatFs/src/ff_gen_drv.o

.debug_macro    0x00000000    0x1adb9
 .debug_macro   0x00000000      0x2ad ./Core/Src/fonts.o
 .debug_macro   0x000002ad      0xacc ./Core/Src/fonts.o
 .debug_macro   0x00000d79      0x233 ./Core/Src/fonts.o
 .debug_macro   0x00000fac       0x2e ./Core/Src/fonts.o
 .debug_macro   0x00000fda       0x22 ./Core/Src/fonts.o
 .debug_macro   0x00000ffc       0x22 ./Core/Src/fonts.o
 .debug_macro   0x0000101e       0x8e ./Core/Src/fonts.o
 .debug_macro   0x000010ac       0x51 ./Core/Src/fonts.o
 .debug_macro   0x000010fd      0x103 ./Core/Src/fonts.o
 .debug_macro   0x00001200       0x6a ./Core/Src/fonts.o
 .debug_macro   0x0000126a      0x1df ./Core/Src/fonts.o
 .debug_macro   0x00001449       0x1c ./Core/Src/fonts.o
 .debug_macro   0x00001465       0x22 ./Core/Src/fonts.o
 .debug_macro   0x00001487       0xbd ./Core/Src/fonts.o
 .debug_macro   0x00001544      0xd23 ./Core/Src/fonts.o
 .debug_macro   0x00002267     0xe09e ./Core/Src/fonts.o
 .debug_macro   0x00010305       0x6d ./Core/Src/fonts.o
 .debug_macro   0x00010372     0x34a2 ./Core/Src/fonts.o
 .debug_macro   0x00013814      0x190 ./Core/Src/fonts.o
 .debug_macro   0x000139a4       0x5c ./Core/Src/fonts.o
 .debug_macro   0x00013a00      0x5bc ./Core/Src/fonts.o
 .debug_macro   0x00013fbc      0x289 ./Core/Src/fonts.o
 .debug_macro   0x00014245      0x1cb ./Core/Src/fonts.o
 .debug_macro   0x00014410      0x114 ./Core/Src/fonts.o
 .debug_macro   0x00014524      0x1b2 ./Core/Src/fonts.o
 .debug_macro   0x000146d6       0x27 ./Core/Src/fonts.o
 .debug_macro   0x000146fd      0x136 ./Core/Src/fonts.o
 .debug_macro   0x00014833      0x1bc ./Core/Src/fonts.o
 .debug_macro   0x000149ef       0x34 ./Core/Src/fonts.o
 .debug_macro   0x00014a23       0x3c ./Core/Src/fonts.o
 .debug_macro   0x00014a5f       0x57 ./Core/Src/fonts.o
 .debug_macro   0x00014ab6      0x46a ./Core/Src/fonts.o
 .debug_macro   0x00014f20      0x1b5 ./Core/Src/fonts.o
 .debug_macro   0x000150d5       0x87 ./Core/Src/fonts.o
 .debug_macro   0x0001515c      0x240 ./Core/Src/fonts.o
 .debug_macro   0x0001539c      0x287 ./Core/Src/fonts.o
 .debug_macro   0x00015623      0x140 ./Core/Src/fonts.o
 .debug_macro   0x00015763      0x217 ./Core/Src/fonts.o
 .debug_macro   0x0001597a      0x8e7 ./Core/Src/fonts.o
 .debug_macro   0x00016261      0x28e ./Core/Src/fonts.o
 .debug_macro   0x000164ef       0x83 ./Core/Src/fonts.o
 .debug_macro   0x00016572       0x61 ./Core/Src/fonts.o
 .debug_macro   0x000165d3       0x24 ./Core/Src/fonts.o
 .debug_macro   0x000165f7       0x43 ./Core/Src/fonts.o
 .debug_macro   0x0001663a       0x34 ./Core/Src/fonts.o
 .debug_macro   0x0001666e      0x370 ./Core/Src/fonts.o