Archive member included to satisfy reference by file (symbol)

/Applications/STM32CubeIDE.app/Contents/Eclipse/plugins/com.st.stm32cube.ide.mcu.externaltools.gnu-tools-for-stm32.13.3.rel1.macos64_1.0.0.202411102158/tools/bin/../lib/gcc/arm-none-eabi/13.3.1/../../../../arm-none-eabi/lib/thumb/v7-m/nofp/libc_nano.a(libc_a-exit.o)
                              /Applications/STM32CubeIDE.app/Contents/Eclipse/plugins/com.st.stm32cube.ide.mcu.externaltools.gnu-tools-for-stm32.13.3.rel1.macos64_1.0.0.202411102158/tools/bin/../lib/gcc/arm-none-eabi/13.3.1/../../../../arm-none-eabi/lib/thumb/v7-m/nofp/crt0.o (exit)
/Applications/STM32CubeIDE.app/Contents/Eclipse/plugins/com.st.stm32cube.ide.mcu.externaltools.gnu-tools-for-stm32.13.3.rel1.macos64_1.0.0.202411102158/tools/bin/../lib/gcc/arm-none-eabi/13.3.1/../../../../arm-none-eabi/lib/thumb/v7-m/nofp/libc_nano.a(libc_a-snprintf.o)
                              ./Core/Src/main.o (snprintf)
/Applications/STM32CubeIDE.app/Contents/Eclipse/plugins/com.st.stm32cube.ide.mcu.externaltools.gnu-tools-for-stm32.13.3.rel1.macos64_1.0.0.202411102158/tools/bin/../lib/gcc/arm-none-eabi/13.3.1/../../../../arm-none-eabi/lib/thumb/v7-m/nofp/libc_nano.a(libc_a-findfp.o)
                              /Applications/STM32CubeIDE.app/Contents/Eclipse/plugins/com.st.stm32cube.ide.mcu.externaltools.gnu-tools-for-stm32.13.3.rel1.macos64_1.0.0.202411102158/tools/bin/../lib/gcc/arm-none-eabi/13.3.1/../../../../arm-none-eabi/lib/thumb/v7-m/nofp/libc_nano.a(libc_a-exit.o) (__stdio_exit_handler)
/Applications/STM32CubeIDE.app/Contents/Eclipse/plugins/com.st.stm32cube.ide.mcu.externaltools.gnu-tools-for-stm32.13.3.rel1.macos64_1.0.0.202411102158/tools/bin/../lib/gcc/arm-none-eabi/13.3.1/../../../../arm-none-eabi/lib/thumb/v7-m/nofp/libc_nano.a(libc_a-fwalk.o)
                              /Applications/STM32CubeIDE.app/Contents/Eclipse/plugins/com.st.stm32cube.ide.mcu.externaltools.gnu-tools-for-stm32.13.3.rel1.macos64_1.0.0.202411102158/tools/bin/../lib/gcc/arm-none-eabi/13.3.1/../../../../arm-none-eabi/lib/thumb/v7-m/nofp/libc_nano.a(libc_a-findfp.o) (_fwalk_sglue)
/Applications/STM32CubeIDE.app/Contents/Eclipse/plugins/com.st.stm32cube.ide.mcu.externaltools.gnu-tools-for-stm32.13.3.rel1.macos64_1.0.0.202411102158/tools/bin/../lib/gcc/arm-none-eabi/13.3.1/../../../../arm-none-eabi/lib/thumb/v7-m/nofp/libc_nano.a(libc_a-memset.o)
                              /Applications/STM32CubeIDE.app/Contents/Eclipse/plugins/com.st.stm32cube.ide.mcu.externaltools.gnu-tools-for-stm32.13.3.rel1.macos64_1.0.0.202411102158/tools/bin/../lib/gcc/arm-none-eabi/13.3.1/../../../../arm-none-eabi/lib/thumb/v7-m/nofp/crt0.o (memset)
/Applications/STM32CubeIDE.app/Contents/Eclipse/plugins/com.st.stm32cube.ide.mcu.externaltools.gnu-tools-for-stm32.13.3.rel1.macos64_1.0.0.202411102158/tools/bin/../lib/gcc/arm-none-eabi/13.3.1/../../../../arm-none-eabi/lib/thumb/v7-m/nofp/libc_nano.a(libc_a-errno.o)
                              ./Core/Src/syscalls.o (__errno)
/Applications/STM32CubeIDE.app/Contents/Eclipse/plugins/com.st.stm32cube.ide.mcu.externaltools.gnu-tools-for-stm32.13.3.rel1.macos64_1.0.0.202411102158/tools/bin/../lib/gcc/arm-none-eabi/13.3.1/../../../../arm-none-eabi/lib/thumb/v7-m/nofp/libc_nano.a(libc_a-init.o)
                              /Applications/STM32CubeIDE.app/Contents/Eclipse/plugins/com.st.stm32cube.ide.mcu.externaltools.gnu-tools-for-stm32.13.3.rel1.macos64_1.0.0.202411102158/tools/bin/../lib/gcc/arm-none-eabi/13.3.1/../../../../arm-none-eabi/lib/thumb/v7-m/nofp/crt0.o (__libc_init_array)
/Applications/STM32CubeIDE.app/Contents/Eclipse/plugins/com.st.stm32cube.ide.mcu.externaltools.gnu-tools-for-stm32.13.3.rel1.macos64_1.0.0.202411102158/tools/bin/../lib/gcc/arm-none-eabi/13.3.1/../../../../arm-none-eabi/lib/thumb/v7-m/nofp/libc_nano.a(libc_a-lock.o)
                              /Applications/STM32CubeIDE.app/Contents/Eclipse/plugins/com.st.stm32cube.ide.mcu.externaltools.gnu-tools-for-stm32.13.3.rel1.macos64_1.0.0.202411102158/tools/bin/../lib/gcc/arm-none-eabi/13.3.1/../../../../arm-none-eabi/lib/thumb/v7-m/nofp/libc_nano.a(libc_a-findfp.o) (__retarget_lock_init_recursive)
/Applications/STM32CubeIDE.app/Contents/Eclipse/plugins/com.st.stm32cube.ide.mcu.externaltools.gnu-tools-for-stm32.13.3.rel1.macos64_1.0.0.202411102158/tools/bin/../lib/gcc/arm-none-eabi/13.3.1/../../../../arm-none-eabi/lib/thumb/v7-m/nofp/libc_nano.a(libc_a-impure.o)
                              /Applications/STM32CubeIDE.app/Contents/Eclipse/plugins/com.st.stm32cube.ide.mcu.externaltools.gnu-tools-for-stm32.13.3.rel1.macos64_1.0.0.202411102158/tools/bin/../lib/gcc/arm-none-eabi/13.3.1/../../../../arm-none-eabi/lib/thumb/v7-m/nofp/libc_nano.a(libc_a-snprintf.o) (_impure_ptr)
[...]
Memory Configuration

Name             Origin             Length             Attributes
RAM              0x20000000         0x00005000         xrw
FLASH            0x08000000         0x00010000         xr
*default*        0x00000000         0xffffffff

Linker script and memory map

LOAD /Applications/STM32CubeIDE.app/Contents/Eclipse/plugins/com.st.stm32cube.ide.mcu.externaltools.gnu-tools-for-stm32.13.3.rel1.macos64_1.0.0.202411102158/tools/bin/../lib/gcc/arm-none-eabi/13.3.1/thumb/v7-m/nofp/crti.o
LOAD /Applications/STM32CubeIDE.app/Contents/Eclipse/plugins/com.st.stm32cube.ide.mcu.externaltools.gnu-tools-for-stm32.13.3.rel1.macos64_1.0.0.202411102158/tools/bin/../lib/gcc/arm-none-eabi/13.3.1/thumb/v7-m/nofp/crtbegin.o
LOAD /Applications/STM32CubeIDE.app/Contents/Eclipse/plugins/com.st.stm32cube.ide.mcu.externaltools.gnu-tools-for-stm32.13.3.rel1.macos64_1.0.0.202411102158/tools/bin/../lib/gcc/arm-none-eabi/13.3.1/../../../../arm-none-eabi/lib/thumb/v7-m/nofp/crt0.o
LOAD ./Core/Src/fonts.o
LOAD ./Core/Src/main.o
LOAD ./Core/Src/ssd1306.o
LOAD ./Core/Src/stm32f1xx_hal_msp.o
LOAD ./Core/Src/stm32f1xx_it.o
LOAD ./Core/Src/syscalls.o
LOAD ./Core/Src/sysmem.o
LOAD ./Core/Src/system_stm32f1xx.o
LOAD ./Core/Startup/startup_stm32f103c8tx.o
LOAD ./Drivers/STM32F1xx_HAL_Driver/Src/stm32f1xx_hal.o
LOAD ./Drivers/STM32F1xx_HAL_Driver/Src/stm32f1xx_hal_adc.o
LOAD ./Drivers/STM32F1xx_HAL_Driver/Src/stm32f1xx_hal_adc_ex.o
LOAD ./Drivers/STM32F1xx_HAL_Driver/Src/stm32f1xx_hal_cortex.o
LOAD ./Drivers/STM32F1xx_HAL_Driver/Src/stm32f1xx_hal_dma.o
LOAD ./Drivers/STM32F1xx_HAL_Driver/Src/stm32f1xx_hal_exti.o
LOAD ./Drivers/STM32F1xx_HAL_Driver/Src/stm32f1xx_hal_flash.o
LOAD ./Drivers/STM32F1xx_HAL_Driver/Src/stm32f1xx_hal_flash_ex.o
LOAD ./Drivers/STM32F1xx_HAL_Driver/Src/stm32f1xx_hal_gpio.o
LOAD ./Drivers/STM32F1xx_HAL_Driver/Src/stm32f1xx_hal_gpio_ex.o
LOAD ./Drivers/STM32F1xx_HAL_Driver/Src/stm32f1xx_hal_i2c.o
LOAD ./Drivers/STM32F1xx_HAL_Driver/Src/stm32f1xx_hal_pwr.o
LOAD ./Drivers/STM32F1xx_HAL_Driver/Src/stm32f1xx_hal_rcc.o
LOAD ./Drivers/STM32F1xx_HAL_Driver/Src/stm32f1xx_hal_rcc_ex.o
LOAD ./Drivers/STM32F1xx_HAL_Driver/Src/stm32f1xx_hal_spi.o
LOAD ./Drivers/STM32F1xx_HAL_Driver/Src/stm32f1xx_hal_tim.o
LOAD ./Drivers/STM32F1xx_HAL_Driver/Src/stm32f1xx_hal_tim_ex.o
LOAD ./Drivers/STM32F1xx_HAL_Driver/Src/stm32f1xx_hal_uart.o
LOAD ./FATFS/App/fatfs.o
LOAD ./FATFS/Target/user_diskio.o
LOAD ./Middlewares/Third_Party/FatFs/src/diskio.o
LOAD ./Middlewares/Third_Party/FatFs/src/ff.o
LOAD ./Middlewares/Third_Party/FatFs/src/ff_gen_drv.o
LOAD ./Middlewares/Third_Party/FatFs/src/option/syscall.o
START GROUP
LOAD /Applications/STM32CubeIDE.app/Contents/Eclipse/plugins/com.st.stm32cube.ide.mcu.externaltools.gnu-tools-for-stm32.13.3.rel1.macos64_1.0.0.202411102158/tools/bin/../lib/gcc/arm-none-eabi/13.3.1/../../../../arm-none-eabi/lib/thumb/v7-m/nofp/libc_nano.a
LOAD /Applications/STM32CubeIDE.app/Contents/Eclipse/plugins/com.st.stm32cube.ide.mcu.externaltools.gnu-tools-for-stm32.13.3.rel1.macos64_1.0.0.202411102158/tools/bin/../lib/gcc/arm-none-eabi/13.3.1/../../../../arm-none-eabi/lib/thumb/v7-m/nofp/libm.a
END GROUP
START GROUP
LOAD /Applications/STM32CubeIDE.app/Contents/Eclipse/plugins/com.st.stm32cube.ide.mcu.externaltools.gnu-tools-for-stm32.13.3.rel1.macos64_1.0.0.202411102158/tools/bin/../lib/gcc/arm-none-eabi/13.3.1/thumb/v7-m/nofp/libgcc.a
LOAD /Applications/STM32CubeIDE.app/Contents/Eclipse/plugins/com.st.stm32cube.ide.mcu.externaltools.gnu-tools-for-stm32.13.3.rel1.macos64_1.0.0.202411102158/tools/bin/../lib/gcc/arm-none-eabi/13.3.1/../../../../arm-none-eabi/lib/thumb/v7-m/nofp/libc_nano.a
END GROUP
START GROUP
LOAD /Applications/STM32CubeIDE.app/Contents/Eclipse/plugins/com.st.stm32cube.ide.mcu.externaltools.gnu-tools-for-stm32.13.3.rel1.macos64_1.0.0.202411102158/tools/bin/../lib/gcc/arm-none-eabi/13.3.1/thumb/v7-m/nofp/libgcc.a
LOAD /Applications/STM32CubeIDE.app/Contents/Eclipse/plugins/com.st.stm32cube.ide.mcu.externaltools.gnu-tools-for-stm32.13.3.rel1.macos64_1.0.0.202411102158/tools/bin/../lib/gcc/arm-none-eabi/13.3.1/../../../../arm-none-eabi/lib/thumb/v7-m/nofp/libc_nano.a
LOAD /Applications/STM32CubeIDE.app/Contents/Eclipse/plugins/com.st.stm32cube.ide.mcu.externaltools.gnu-tools-for-stm32.13.3.rel1.macos64_1.0.0.202411102158/tools/bin/../lib/gcc/arm-none-eabi/13.3.1/../../../../arm-none-eabi/lib/thumb/v7-m/nofp/libnosys.a
END GROUP
START GROUP
LOAD /Applications/STM32CubeIDE.app/Contents/Eclipse/plugins/com.st.stm32cube.ide.mcu.externaltools.gnu-tools-for-stm32.13.3.rel1.macos64_1.0.0.202411102158/tools/bin/../lib/gcc/arm-none-eabi/13.3.1/thumb/v7-m/nofp/libgcc.a
LOAD /Applications/STM32CubeIDE.app/Contents/Eclipse/plugins/com.st.stm32cube.ide.mcu.externaltools.gnu-tools-for-stm32.13.3.rel1.macos64_1.0.0.202411102158/tools/bin/../lib/gcc/arm-none-eabi/13.3.1/../../../../arm-none-eabi/lib/thumb/v7-m/nofp/libc_nano.a
LOAD /Applications/STM32CubeIDE.app/Contents/Eclipse/plugins/com.st.stm32cube.ide.mcu.externaltools.gnu-tools-for-stm32.13.3.rel1.macos64_1.0.0.202411102158/tools/bin/../lib/gcc/arm-none-eabi/13.3.1/../../../../arm-none-eabi/lib/thumb/v7-m/nofp/libnosys.a
END GROUP
LOAD /Applications/STM32CubeIDE.app/Contents/Eclipse/plugins/com.st.stm32cube.ide.mcu.externaltools.gnu-tools-for-stm32.13.3.rel1.macos64_1.0.0.202411102158/tools/bin/../lib/gcc/arm-none-eabi/13.3.1/thumb/v7-m/nofp/crtend.o
LOAD /Applications/STM32CubeIDE.app/Contents/Eclipse/plugins/com.st.stm32cube.ide.mcu.externaltools.gnu-tools-for-stm32.13.3.rel1.macos64_1.0.0.202411102158/tools/bin/../lib/gcc/arm-none-eabi/13.3.1/thumb/v7-m/nofp/crtn.o
                0x20005000                        _estack = (ORIGIN (RAM) + LENGTH (RAM))
                0x00000200                        _Min_Heap_Size = 0x200
                0x00000400                        _Min_Stack_Size = 0x400

.isr_vector     0x08000000      0x10c
                0x08000000                        . = ALIGN (0x4)
 *(.isr_vector)
 .isr_vector    0x08000000      0x10c ./Core/Startup/startup_stm32f103c8tx.o
                0x08000000                g_pfnVectors
                0x0800010c                        . = ALIGN (0x4)

.text           0x0800010c     0xd130
                0x0800010c                        . = ALIGN (0x4)
 *(.text)
 .text          0x0800010c       0x40 /Applications/STM32CubeIDE.app/Contents/Eclipse/plugins/com.st.stm32cube.ide.mcu.externaltools.gnu-tools-for-stm32.13.3.rel1.macos64_1.0.0.202411102158/tools/bin/../lib/gcc/arm-none-eabi/13.3.1/thumb/v7-m/nofp/crtbegin.o
 .text          0x0800014c       0x10 /Applications/STM32CubeIDE.app/Contents/Eclipse/plugins/com.st.stm32cube.ide.mcu.externaltools.gnu-tools-for-stm32.13.3.rel1.macos64_1.0.0.202411102158/tools/bin/../lib/gcc/arm-none-eabi/13.3.1/../../../../arm-none-eabi/lib/thumb/v7-m/nofp/libc_nano.a(libc_a-strlen.o)
                0x0800014c                strlen
 .text          0x0800015c      0x21c /Applications/STM32CubeIDE.app/Contents/Eclipse/plugins/com.st.stm32cube.ide.mcu.externaltools.gnu-tools-for-stm32.13.3.rel1.macos64_1.0.0.202411102158/tools/bin/../lib/gcc/arm-none-eabi/13.3.1/thumb/v7-m/nofp/libgcc.a(_arm_addsubsf3.o)
                0x0800015c                __aeabi_frsub
                0x08000164                __aeabi_fsub
                0x08000164                __subsf3
                0x08000168                __aeabi_fadd
                0x08000168                __addsf3
                0x080002c8                __aeabi_ui2f
                0x080002c8                __floatunsisf
                0x080002d0                __floatsisf
                0x080002d0                __aeabi_i2f
                0x080002ec                __aeabi_ul2f
                0x080002ec                __floatundisf
                0x080002fc                __aeabi_l2f
                0x080002fc                __floatdisf
 .text          0x08000378      0x2a0 /Applications/STM32CubeIDE.app/Contents/Eclipse/plugins/com.st.stm32cube.ide.mcu.externaltools.gnu-tools-for-stm32.13.3.rel1.macos64_1.0.0.202411102158/tools/bin/../lib/gcc/arm-none-eabi/13.3.1/thumb/v7-m/nofp/libgcc.a(_arm_muldivsf3.o)
                0x08000378                __mulsf3
                0x08000378                __aeabi_fmul
                0x080004e0                __divsf3
                0x080004e0                __aeabi_fdiv
 .text          0x08000618       0xec /Applications/STM32CubeIDE.app/Contents/Eclipse/plugins/com.st.stm32cube.ide.mcu.externaltools.gnu-tools-for-stm32.13.3.rel1.macos64_1.0.0.202411102158/tools/bin/../lib/gcc/arm-none-eabi/13.3.1/thumb/v7-m/nofp/libgcc.a(_arm_cmpsf2.o)
                0x08000618                __gesf2
                0x08000618                __gtsf2
                0x08000620                __ltsf2
                0x08000620                __lesf2
                0x08000628                __nesf2
                0x08000628                __eqsf2
                0x08000628                __cmpsf2
                0x08000688                __aeabi_cfrcmple
                0x08000690                __aeabi_cfcmpeq
                0x08000690                __aeabi_cfcmple
                0x080006a0                __aeabi_fcmpeq
                0x080006b4                __aeabi_fcmplt
                0x080006c8                __aeabi_fcmple
                0x080006dc                __aeabi_fcmpge
                0x080006f0                __aeabi_fcmpgt
 .text          0x08000704       0x2c /Applications/STM32CubeIDE.app/Contents/Eclipse/plugins/com.st.stm32cube.ide.mcu.externaltools.gnu-tools-for-stm32.13.3.rel1.macos64_1.0.0.202411102158/tools/bin/../lib/gcc/arm-none-eabi/13.3.1/thumb/v7-m/nofp/libgcc.a(_arm_unordsf2.o)
                0x08000704                __aeabi_fcmpun
                0x08000704                __unordsf2
 *(.text*)
 .text.starter_model_tree_predict
                0x08000730       0x84 ./Core/Src/main.o
 .text.starter_model_predict_class
                0x080007b4      0x104 ./Core/Src/main.o
 .text.starter_model_class_name
                0x080008b8       0x34 ./Core/Src/main.o
 .text.bcd_to_dec
                0x080008ec       0x30 ./Core/Src/main.o
 .text.read_ds3231_timestamp
                0x0800091c       0xd4 ./Core/Src/main.o
 .text.dir_long
                0x080009f0       0x38 ./Core/Src/main.o
 .text.event_short
                0x08000a28       0x38 ./Core/Src/main.o
 .text.event_long
                0x08000a60       0x38 ./Core/Src/main.o
 .text.threat_long
                0x08000a98       0x28 ./Core/Src/main.o
 .text.bt_is_connected
                0x08000ac0       0x14 ./Core/Src/main.o
 .text.bt_current_baud
                0x08000ad4       0x30 ./Core/Src/main.o
 .text.bt_baud_label
                0x08000b04       0x5c ./Core/Src/main.o
 .text.bt_baud_sweep_service
                0x08000b60       0x12 ./Core/Src/main.o
 *fill*         0x08000b72        0x2 
 .text.bt_status_short
                0x08000b74       0x4c ./Core/Src/main.o
 .text.bt_display_status
                0x08000bc0       0x7c ./Core/Src/main.o
 .text.bt_poll_state
                0x08000c3c       0xb0 ./Core/Src/main.o
 .text.bt_can_transmit
                0x08000cec       0x20 ./Core/Src/main.o
 .text.format_oled_time_header
                0x08000d0c       0xa4 ./Core/Src/main.o
 .text.bt_send_line
                0x08000db0       0x78 ./Core/Src/main.o
 .text.bt_send_boot_message
                0x08000e28       0x58 ./Core/Src/main.o
 .text.bt_send_status_message
                0x08000e80       0x64 ./Core/Src/main.o
 .text.bt_service
                0x08000ee4       0x68 ./Core/Src/main.o
 .text.ai_event_reset
                0x08000f4c       0x18 ./Core/Src/main.o
 .text.ai_event_capture_block
                0x08000f64      0x134 ./Core/Src/main.o
 .text.ai_compute_spectral_features
                0x08001098      0x334 ./Core/Src/main.o
 .text.ai_build_feature_vector
                0x080013cc      0x1c0 ./Core/Src/main.o
 .text.ai_sound_name
                0x0800158c       0x2c ./Core/Src/main.o
 .text.event_type_from_duration
                0x080015b8       0x20 ./Core/Src/main.o
 .text.ai_is_knock_like
                0x080015d8       0x6c ./Core/Src/main.o
 .text.ai_is_glass_like
                0x08001644       0x9c ./Core/Src/main.o
 .text.ai_is_clap_like
                0x080016e0       0x9c ./Core/Src/main.o
 .text.ai_refine_sound_class
                0x0800177c      0x198 ./Core/Src/main.o
 .text.ai_guess_live_sound_class
                0x08001914       0x94 ./Core/Src/main.o
 .text.update_live_sound_lock
                0x080019a8       0xa8 ./Core/Src/main.o
 .text.direction_to_pulse
                0x08001a50       0x30 ./Core/Src/main.o
 .text.weighted_level_for_channel
                0x08001a80       0x64 ./Core/Src/main.o
 .text.select_capture_channel_from_levels
                0x08001ae4       0xb0 ./Core/Src/main.o
 .text.sd_log_init
                0x08001b94      0x124 ./Core/Src/main.o
 .text.log_event_to_sd
                0x08001cb8       0xf4 ./Core/Src/main.o
 .text.sd_log_service
                0x08001dac       0xa4 ./Core/Src/main.o
 .text.update_direction_from_levels
                0x08001e50      0x1b8 ./Core/Src/main.o
 .text.accumulate_event_direction
                0x08002008       0xfc ./Core/Src/main.o
 .text.resolve_event_direction
                0x08002104      0x3ac ./Core/Src/main.o
 .text.bt_send_event_message
                0x080024b0       0xa8 ./Core/Src/main.o
 .text.finalize_event
                0x08002558      0x21c ./Core/Src/main.o
 .text.reset_event_candidate
                0x08002774       0x2c ./Core/Src/main.o
 .text.update_event_engine
                0x080027a0      0x1a4 ./Core/Src/main.o
 .text.mic_is_calibrating
                0x08002944       0x20 ./Core/Src/main.o
 .text.update_noise_floor_from_raw
                0x08002964      0x100 ./Core/Src/main.o
 .text.update_bar_scale
                0x08002a64       0xa4 ./Core/Src/main.o
 .text.process_audio_block
                0x08002b08      0x31c ./Core/Src/main.o
 .text.level_to_bar
                0x08002e24       0x4c ./Core/Src/main.o
 .text.level_to_ring_brightness
                0x08002e70       0x40 ./Core/Src/main.o
 .text.ring_set_pixel
                0x08002eb0       0x68 ./Core/Src/main.o
 .text.ring_fill
                0x08002f18       0x3a ./Core/Src/main.o
 .text.ring_sector_for_led
                0x08002f52       0x36 ./Core/Src/main.o
 .text.ring_show_direction
                0x08002f88       0xb4 ./Core/Src/main.o
 .text.ring_apply_status_pixel
                0x0800303c       0x68 ./Core/Src/main.o
 .text.ring_build_pattern
                0x080030a4      0x168 ./Core/Src/main.o
 .text.ring_send_pixels
                0x0800320c      0x100 ./Core/Src/main.o
 .text.ring_light_init
                0x0800330c       0x24 ./Core/Src/main.o
 .text.ring_light_service
                0x08003330       0x38 ./Core/Src/main.o
 .text.HAL_TIM_PWM_PulseFinishedCallback
                0x08003368       0x34 ./Core/Src/main.o
                0x08003368                HAL_TIM_PWM_PulseFinishedCallback
 .text.select_oled1
                0x0800339c       0x14 ./Core/Src/main.o
 .text.select_oled2
                0x080033b0       0x14 ./Core/Src/main.o
 .text.draw_header
                0x080033c4       0x48 ./Core/Src/main.o
 .text.draw_big_centered
                0x0800340c       0xa0 ./Core/Src/main.o
 .text.draw_status_pill
                0x080034ac       0x80 ./Core/Src/main.o
 .text.draw_dir_box
                0x0800352c       0x98 ./Core/Src/main.o
 .text.draw_direction_strip
                0x080035c4       0x68 ./Core/Src/main.o
 .text.draw_bar_row
                0x0800362c       0xd8 ./Core/Src/main.o
 .text.update_servo_direction
                0x08003704       0xa4 ./Core/Src/main.o
 .text.draw_mic_ui
                0x080037a8       0xd0 ./Core/Src/main.o
 .text.draw_event_ui
                0x08003878      0x244 ./Core/Src/main.o
 .text.init_oled_displays
                0x08003abc       0x38 ./Core/Src/main.o
 .text.HAL_ADC_ConvHalfCpltCallback
                0x08003af4       0x2c ./Core/Src/main.o
                0x08003af4                HAL_ADC_ConvHalfCpltCallback
 .text.HAL_ADC_ConvCpltCallback
                0x08003b20       0x2c ./Core/Src/main.o
                0x08003b20                HAL_ADC_ConvCpltCallback
 .text.main     0x08003b4c      0x19c ./Core/Src/main.o
                0x08003b4c                main
 .text.SystemClock_Config
                0x08003ce8       0xa0 ./Core/Src/main.o
                0x08003ce8                SystemClock_Config
 .text.MX_ADC1_Init
                0x08003d88       0xb8 ./Core/Src/main.o
 .text.MX_I2C1_Init
                0x08003e40       0x5c ./Core/Src/main.o
 .text.MX_I2C2_Init
                0x08003e9c       0x5c ./Core/Src/main.o
 .text.MX_SPI1_Init
                0x08003ef8       0x6c ./Core/Src/main.o
 .text.MX_TIM1_Init
                0x08003f64      0x104 ./Core/Src/main.o
 .text.MX_TIM3_Init
                0x08004068       0xb4 ./Core/Src/main.o
 .text.MX_USART1_UART_Init
                0x0800411c       0x54 ./Core/Src/main.o
 .text.MX_DMA_Init
                0x08004170       0x4c ./Core/Src/main.o
 .text.MX_GPIO_Init
                0x080041bc       0xb4 ./Core/Src/main.o
 .text.Error_Handler
                0x08004270        0xc ./Core/Src/main.o
                0x08004270                Error_Handler
 .text.ssd1306_active_i2c
                0x0800427c       0x24 ./Core/Src/ssd1306.o
 .text.ssd1306_active_addr
                0x080042a0       0x14 ./Core/Src/ssd1306.o
 .text.SSD1306_SelectI2C
                0x080042b4       0x38 ./Core/Src/ssd1306.o
                0x080042b4                SSD1306_SelectI2C
 .text.SSD1306_Init
                0x080042ec      0x23c ./Core/Src/ssd1306.o
                0x080042ec                SSD1306_Init
 .text.SSD1306_UpdateScreen
                0x08004528       0x74 ./Core/Src/ssd1306.o
                0x08004528                SSD1306_UpdateScreen
 .text.SSD1306_Fill
                0x0800459c       0x30 ./Core/Src/ssd1306.o
                0x0800459c                SSD1306_Fill
 .text.SSD1306_DrawPixel
                0x080045cc       0xbc ./Core/Src/ssd1306.o
                0x080045cc                SSD1306_DrawPixel
 .text.SSD1306_GotoXY
                0x08004688       0x2c ./Core/Src/ssd1306.o
                0x08004688                SSD1306_GotoXY
 .text.SSD1306_Putc
                0x080046b4       0xfc ./Core/Src/ssd1306.o
                0x080046b4                SSD1306_Putc
 .text.SSD1306_Puts
                0x080047b0       0x4a ./Core/Src/ssd1306.o
                0x080047b0                SSD1306_Puts
 .text.SSD1306_DrawLine
                0x080047fa      0x1f6 ./Core/Src/ssd1306.o
                0x080047fa                SSD1306_DrawLine
 .text.SSD1306_DrawRectangle
                0x080049f0       0xd4 ./Core/Src/ssd1306.o
                0x080049f0                SSD1306_DrawRectangle
 .text.SSD1306_DrawFilledRectangle
                0x08004ac4       0x9a ./Core/Src/ssd1306.o
                0x08004ac4                SSD1306_DrawFilledRectangle
 *fill*         0x08004b5e        0x2 
 .text.ssd1306_I2C_Init
                0x08004b60       0x28 ./Core/Src/ssd1306.o
                0x08004b60                ssd1306_I2C_Init
 .text.ssd1306_I2C_WriteMulti
                0x08004b88       0xca ./Core/Src/ssd1306.o
                0x08004b88                ssd1306_I2C_WriteMulti
 .text.ssd1306_I2C_Write
                0x08004c52       0x38 ./Core/Src/ssd1306.o
                0x08004c52                ssd1306_I2C_Write
 *fill*         0x08004c8a        0x2 
 .text.HAL_MspInit
                0x08004c8c       0x64 ./Core/Src/stm32f1xx_hal_msp.o
                0x08004c8c                HAL_MspInit
 .text.HAL_ADC_MspInit
                0x08004cf0       0xd4 ./Core/Src/stm32f1xx_hal_msp.o
                0x08004cf0                HAL_ADC_MspInit
 .text.HAL_I2C_MspInit
                0x08004dc4       0xd8 ./Core/Src/stm32f1xx_hal_msp.o
                0x08004dc4                HAL_I2C_MspInit
 .text.HAL_SPI_MspInit
                0x08004e9c       0x94 ./Core/Src/stm32f1xx_hal_msp.o
                0x08004e9c                HAL_SPI_MspInit
 .text.HAL_TIM_PWM_MspInit
                0x08004f30       0xbc ./Core/Src/stm32f1xx_hal_msp.o
                0x08004f30                HAL_TIM_PWM_MspInit
 .text.HAL_TIM_MspPostInit
                0x08004fec       0xac ./Core/Src/stm32f1xx_hal_msp.o
                0x08004fec                HAL_TIM_MspPostInit
 .text.HAL_UART_MspInit
                0x08005098       0x98 ./Core/Src/stm32f1xx_hal_msp.o
                0x08005098                HAL_UART_MspInit
 .text.NMI_Handler
                0x08005130        0x8 ./Core/Src/stm32f1xx_it.o
                0x08005130                NMI_Handler
 .text.HardFault_Handler
                0x08005138        0x8 ./Core/Src/stm32f1xx_it.o
                0x08005138                HardFault_Handler
 .text.MemManage_Handler
                0x08005140        0x8 ./Core/Src/stm32f1xx_it.o
                0x08005140                MemManage_Handler
 .text.BusFault_Handler
                0x08005148        0x8 ./Core/Src/stm32f1xx_it.o
                0x08005148                BusFault_Handler
 .text.UsageFault_Handler
                0x08005150        0x8 ./Core/Src/stm32f1xx_it.o
                0x08005150                UsageFault_Handler
 .text.SVC_Handler
                0x08005158        0xc ./Core/Src/stm32f1xx_it.o
                0x08005158                SVC_Handler
 .text.DebugMon_Handler
                0x08005164        0xc ./Core/Src/stm32f1xx_it.o
                0x08005164                DebugMon_Handler
 .text.PendSV_Handler
                0x08005170        0xc ./Core/Src/stm32f1xx_it.o
                0x08005170                PendSV_Handler
 .text.SysTick_Handler
                0x0800517c        0xc ./Core/Src/stm32f1xx_it.o
                0x0800517c                SysTick_Handler
 .text.DMA1_Channel1_IRQHandler
                0x08005188       0x14 ./Core/Src/stm32f1xx_it.o
                0x08005188                DMA1_Channel1_IRQHandler
 .text.DMA1_Channel2_IRQHandler
                0x0800519c       0x14 ./Core/Src/stm32f1xx_it.o
                0x0800519c                DMA1_Channel2_IRQHandler
 .text._sbrk    0x080051b0       0x6c ./Core/Src/sysmem.o
                0x080051b0                _sbrk
 .text.SystemInit
                0x0800521c        0xc ./Core/Src/system_stm32f1xx.o
                0x0800521c                SystemInit
 .text.Reset_Handler
                0x08005228       0x48 ./Core/Startup/startup_stm32f103c8tx.o
                0x08005228                Reset_Handler
 .text.Default_Handler
                0x08005270        0x2 ./Core/Startup/startup_stm32f103c8tx.o
                0x08005270                USBWakeUp_IRQHandler
                0x08005270                EXTI2_IRQHandler
                0x08005270                TIM1_CC_IRQHandler
                0x08005270                PVD_IRQHandler
                0x08005270                EXTI3_IRQHandler
                0x08005270                EXTI0_IRQHandler
                0x08005270                I2C2_EV_IRQHandler
                0x08005270                ADC1_2_IRQHandler
                0x08005270                SPI1_IRQHandler
                0x08005270                TAMPER_IRQHandler
                0x08005270                DMA1_Channel4_IRQHandler
                0x08005270                USART3_IRQHandler
                0x08005270                RTC_IRQHandler
                0x08005270                DMA1_Channel7_IRQHandler
                0x08005270                CAN1_RX1_IRQHandler
                0x08005270                TIM4_IRQHandler
                0x08005270                I2C1_EV_IRQHandler
                0x08005270                DMA1_Channel6_IRQHandler
                0x08005270                TIM3_IRQHandler
                0x08005270                RCC_IRQHandler
                0x08005270                TIM1_TRG_COM_IRQHandler
                0x08005270                Default_Handler
                0x08005270                EXTI15_10_IRQHandler
                0x08005270                EXTI9_5_IRQHandler
                0x08005270                SPI2_IRQHandler
                0x08005270                DMA1_Channel5_IRQHandler
                0x08005270                EXTI4_IRQHandler
                0x08005270                USB_LP_CAN1_RX0_IRQHandler
                0x08005270                USB_HP_CAN1_TX_IRQHandler
                0x08005270                DMA1_Channel3_IRQHandler
                0x08005270                TIM1_UP_IRQHandler
                0x08005270                WWDG_IRQHandler
                0x08005270                TIM2_IRQHandler
                0x08005270                TIM1_BRK_IRQHandler
                0x08005270                EXTI1_IRQHandler
                0x08005270                USART2_IRQHandler
                0x08005270                I2C2_ER_IRQHandler
                0x08005270                CAN1_SCE_IRQHandler
                0x08005270                FLASH_IRQHandler
                0x08005270                USART1_IRQHandler
                0x08005270                I2C1_ER_IRQHandler
                0x08005270                RTC_Alarm_IRQHandler
 *fill*         0x08005272        0x2 
 .text.HAL_Init
                0x08005274       0x2c ./Drivers/STM32F1xx_HAL_Driver/Src/stm32f1xx_hal.o
                0x08005274                HAL_Init
 .text.HAL_InitTick
                0x080052a0       0x60 ./Drivers/STM32F1xx_HAL_Driver/Src/stm32f1xx_hal.o
                0x080052a0                HAL_InitTick
 .text.HAL_IncTick
                0x08005300       0x24 ./Drivers/STM32F1xx_HAL_Driver/Src/stm32f1xx_hal.o
                0x08005300                HAL_IncTick
 .text.HAL_GetTick
                0x08005324       0x14 ./Drivers/STM32F1xx_HAL_Driver/Src/stm32f1xx_hal.o
                0x08005324                HAL_GetTick
 .text.HAL_Delay
                0x08005338       0x48 ./Drivers/STM32F1xx_HAL_Driver/Src/stm32f1xx_hal.o
                0x08005338                HAL_Delay
 .text.HAL_ADC_Init
                0x08005380      0x1b0 ./Drivers/STM32F1xx_HAL_Driver/Src/stm32f1xx_hal_adc.o
                0x08005380                HAL_ADC_Init
 .text.HAL_ADC_Start_DMA
                0x08005530      0x1bc ./Drivers/STM32F1xx_HAL_Driver/Src/stm32f1xx_hal_adc.o
                0x08005530                HAL_ADC_Start_DMA
 .text.HAL_ADC_ErrorCallback
                0x080056ec       0x12 ./Drivers/STM32F1xx_HAL_Driver/Src/stm32f1xx_hal_adc.o
                0x080056ec                HAL_ADC_ErrorCallback
 *fill*         0x080056fe        0x2 
 .text.HAL_ADC_ConfigChannel
                0x08005700      0x1f0 ./Drivers/STM32F1xx_HAL_Driver/Src/stm32f1xx_hal_adc.o
                0x08005700                HAL_ADC_ConfigChannel
 .text.ADC_Enable
                0x080058f0       0xb4 ./Drivers/STM32F1xx_HAL_Driver/Src/stm32f1xx_hal_adc.o
                0x080058f0                ADC_Enable
 .text.ADC_ConversionStop_Disable
                0x080059a4       0x82 ./Drivers/STM32F1xx_HAL_Driver/Src/stm32f1xx_hal_adc.o
                0x080059a4                ADC_ConversionStop_Disable
 .text.ADC_DMAConvCplt
                0x08005a26       0x7c ./Drivers/STM32F1xx_HAL_Driver/Src/stm32f1xx_hal_adc.o
                0x08005a26                ADC_DMAConvCplt
 .text.ADC_DMAHalfConvCplt
                0x08005aa2       0x1c ./Drivers/STM32F1xx_HAL_Driver/Src/stm32f1xx_hal_adc.o
                0x08005aa2                ADC_DMAHalfConvCplt
 .text.ADC_DMAError
                0x08005abe       0x34 ./Drivers/STM32F1xx_HAL_Driver/Src/stm32f1xx_hal_adc.o
                0x08005abe                ADC_DMAError
 *fill*         0x08005af2        0x2 
 .text.HAL_ADCEx_Calibration_Start
                0x08005af4      0x15c ./Drivers/STM32F1xx_HAL_Driver/Src/stm32f1xx_hal_adc_ex.o
                0x08005af4                HAL_ADCEx_Calibration_Start
 .text.__NVIC_SetPriorityGrouping
                0x08005c50       0x48 ./Drivers/STM32F1xx_HAL_Driver/Src/stm32f1xx_hal_cortex.o
 .text.__NVIC_GetPriorityGrouping
                0x08005c98       0x1c ./Drivers/STM32F1xx_HAL_Driver/Src/stm32f1xx_hal_cortex.o
 .text.__NVIC_EnableIRQ
                0x08005cb4       0x38 ./Drivers/STM32F1xx_HAL_Driver/Src/stm32f1xx_hal_cortex.o
 .text.__NVIC_SetPriority
                0x08005cec       0x54 ./Drivers/STM32F1xx_HAL_Driver/Src/stm32f1xx_hal_cortex.o
 .text.NVIC_EncodePriority
                0x08005d40       0x64 ./Drivers/STM32F1xx_HAL_Driver/Src/stm32f1xx_hal_cortex.o
 .text.SysTick_Config
                0x08005da4       0x44 ./Drivers/STM32F1xx_HAL_Driver/Src/stm32f1xx_hal_cortex.o
 .text.HAL_NVIC_SetPriorityGrouping
                0x08005de8       0x16 ./Drivers/STM32F1xx_HAL_Driver/Src/stm32f1xx_hal_cortex.o
                0x08005de8                HAL_NVIC_SetPriorityGrouping
 .text.HAL_NVIC_SetPriority
                0x08005dfe       0x38 ./Drivers/STM32F1xx_HAL_Driver/Src/stm32f1xx_hal_cortex.o
                0x08005dfe                HAL_NVIC_SetPriority
 .text.HAL_NVIC_EnableIRQ
                0x08005e36       0x1c ./Drivers/STM32F1xx_HAL_Driver/Src/stm32f1xx_hal_cortex.o
                0x08005e36                HAL_NVIC_EnableIRQ
 .text.HAL_SYSTICK_Config
                0x08005e52       0x18 ./Drivers/STM32F1xx_HAL_Driver/Src/stm32f1xx_hal_cortex.o
                0x08005e52                HAL_SYSTICK_Config
 *fill*         0x08005e6a        0x2 
 .text.HAL_DMA_Init
                0x08005e6c       0xb4 ./Drivers/STM32F1xx_HAL_Driver/Src/stm32f1xx_hal_dma.o
                0x08005e6c                HAL_DMA_Init
 .text.HAL_DMA_Start_IT
                0x08005f20       0xc0 ./Drivers/STM32F1xx_HAL_Driver/Src/stm32f1xx_hal_dma.o
                0x08005f20                HAL_DMA_Start_IT
 .text.HAL_DMA_Abort_IT
                0x08005fe0       0xf0 ./Drivers/STM32F1xx_HAL_Driver/Src/stm32f1xx_hal_dma.o
                0x08005fe0                HAL_DMA_Abort_IT
 .text.HAL_DMA_IRQHandler
                0x080060d0      0x20c ./Drivers/STM32F1xx_HAL_Driver/Src/stm32f1xx_hal_dma.o
                0x080060d0                HAL_DMA_IRQHandler
 .text.DMA_SetConfig
                0x080062dc       0x5a ./Drivers/STM32F1xx_HAL_Driver/Src/stm32f1xx_hal_dma.o
 *fill*         0x08006336        0x2 
 .text.HAL_GPIO_Init
                0x08006338      0x308 ./Drivers/STM32F1xx_HAL_Driver/Src/stm32f1xx_hal_gpio.o
                0x08006338                HAL_GPIO_Init
 .text.HAL_GPIO_ReadPin
                0x08006640       0x2e ./Drivers/STM32F1xx_HAL_Driver/Src/stm32f1xx_hal_gpio.o
                0x08006640                HAL_GPIO_ReadPin
 .text.HAL_GPIO_WritePin
                0x0800666e       0x30 ./Drivers/STM32F1xx_HAL_Driver/Src/stm32f1xx_hal_gpio.o
                0x0800666e                HAL_GPIO_WritePin
 *fill*         0x0800669e        0x2 
 .text.HAL_I2C_Init
                0x080066a0      0x288 ./Drivers/STM32F1xx_HAL_Driver/Src/stm32f1xx_hal_i2c.o
                0x080066a0                HAL_I2C_Init
 .text.HAL_I2C_Master_Transmit
                0x08006928      0x1fc ./Drivers/STM32F1xx_HAL_Driver/Src/stm32f1xx_hal_i2c.o
                0x08006928                HAL_I2C_Master_Transmit
 .text.HAL_I2C_Mem_Read
                0x08006b24      0x4e8 ./Drivers/STM32F1xx_HAL_Driver/Src/stm32f1xx_hal_i2c.o
                0x08006b24                HAL_I2C_Mem_Read
 .text.HAL_I2C_IsDeviceReady
                0x0800700c      0x25c ./Drivers/STM32F1xx_HAL_Driver/Src/stm32f1xx_hal_i2c.o
                0x0800700c                HAL_I2C_IsDeviceReady
 .text.I2C_MasterRequestWrite
                0x08007268      0x104 ./Drivers/STM32F1xx_HAL_Driver/Src/stm32f1xx_hal_i2c.o
 .text.I2C_RequestMemoryRead
                0x0800736c      0x1d0 ./Drivers/STM32F1xx_HAL_Driver/Src/stm32f1xx_hal_i2c.o
 .text.I2C_WaitOnFlagUntilTimeout
                0x0800753c       0xf4 ./Drivers/STM32F1xx_HAL_Driver/Src/stm32f1xx_hal_i2c.o
 .text.I2C_WaitOnMasterAddressFlagUntilTimeout
                0x08007630      0x140 ./Drivers/STM32F1xx_HAL_Driver/Src/stm32f1xx_hal_i2c.o
 .text.I2C_WaitOnTXEFlagUntilTimeout
                0x08007770       0x90 ./Drivers/STM32F1xx_HAL_Driver/Src/stm32f1xx_hal_i2c.o
 .text.I2C_WaitOnBTFFlagUntilTimeout
                0x08007800       0x90 ./Drivers/STM32F1xx_HAL_Driver/Src/stm32f1xx_hal_i2c.o
 .text.I2C_WaitOnRXNEFlagUntilTimeout
                0x08007890       0xba ./Drivers/STM32F1xx_HAL_Driver/Src/stm32f1xx_hal_i2c.o
 .text.I2C_IsAcknowledgeFailed
                0x0800794a       0x5c ./Drivers/STM32F1xx_HAL_Driver/Src/stm32f1xx_hal_i2c.o
 *fill*         0x080079a6        0x2 
 .text.HAL_RCC_OscConfig
                0x080079a8      0x504 ./Drivers/STM32F1xx_HAL_Driver/Src/stm32f1xx_hal_rcc.o
                0x080079a8                HAL_RCC_OscConfig
 .text.HAL_RCC_ClockConfig
                0x08007eac      0x1d4 ./Drivers/STM32F1xx_HAL_Driver/Src/stm32f1xx_hal_rcc.o
                0x08007eac                HAL_RCC_ClockConfig
 .text.HAL_RCC_GetSysClockFreq
                0x08008080       0xa8 ./Drivers/STM32F1xx_HAL_Driver/Src/stm32f1xx_hal_rcc.o
                0x08008080                HAL_RCC_GetSysClockFreq
 .text.HAL_RCC_GetHCLKFreq
                0x08008128       0x14 ./Drivers/STM32F1xx_HAL_Driver/Src/stm32f1xx_hal_rcc.o
                0x08008128                HAL_RCC_GetHCLKFreq
 .text.HAL_RCC_GetPCLK1Freq
                0x0800813c       0x28 ./Drivers/STM32F1xx_HAL_Driver/Src/stm32f1xx_hal_rcc.o
                0x0800813c                HAL_RCC_GetPCLK1Freq
 .text.HAL_RCC_GetPCLK2Freq
                0x08008164       0x28 ./Drivers/STM32F1xx_HAL_Driver/Src/stm32f1xx_hal_rcc.o
                0x08008164                HAL_RCC_GetPCLK2Freq
 .text.RCC_Delay
                0x0800818c       0x3c ./Drivers/STM32F1xx_HAL_Driver/Src/stm32f1xx_hal_rcc.o
 .text.HAL_RCCEx_PeriphCLKConfig
                0x080081c8      0x16c ./Drivers/STM32F1xx_HAL_Driver/Src/stm32f1xx_hal_rcc_ex.o
                0x080081c8                HAL_RCCEx_PeriphCLKConfig
 .text.HAL_RCCEx_GetPeriphCLKFreq
                0x08008334      0x16c ./Drivers/STM32F1xx_HAL_Driver/Src/stm32f1xx_hal_rcc_ex.o
                0x08008334                HAL_RCCEx_GetPeriphCLKFreq
 .text.HAL_SPI_Init
                0x080084a0      0x108 ./Drivers/STM32F1xx_HAL_Driver/Src/stm32f1xx_hal_spi.o
                0x080084a0                HAL_SPI_Init
 .text.HAL_TIM_PWM_Init
                0x080085a8       0x9e ./Drivers/STM32F1xx_HAL_Driver/Src/stm32f1xx_hal_tim.o
                0x080085a8                HAL_TIM_PWM_Init
 *fill*         0x08008646        0x2 
 .text.HAL_TIM_PWM_Start
                0x08008648      0x144 ./Drivers/STM32F1xx_HAL_Driver/Src/stm32f1xx_hal_tim.o
                0x08008648                HAL_TIM_PWM_Start
 .text.HAL_TIM_PWM_Start_DMA
                0x0800878c      0x344 ./Drivers/STM32F1xx_HAL_Driver/Src/stm32f1xx_hal_tim.o
                0x0800878c                HAL_TIM_PWM_Start_DMA
 .text.HAL_TIM_PWM_Stop_DMA
                0x08008ad0      0x18c ./Drivers/STM32F1xx_HAL_Driver/Src/stm32f1xx_hal_tim.o
                0x08008ad0                HAL_TIM_PWM_Stop_DMA
 .text.HAL_TIM_PWM_ConfigChannel
                0x08008c5c      0x184 ./Drivers/STM32F1xx_HAL_Driver/Src/stm32f1xx_hal_tim.o
                0x08008c5c                HAL_TIM_PWM_ConfigChannel
 .text.HAL_TIM_PWM_PulseFinishedHalfCpltCallback
                0x08008de0       0x12 ./Drivers/STM32F1xx_HAL_Driver/Src/stm32f1xx_hal_tim.o
                0x08008de0                HAL_TIM_PWM_PulseFinishedHalfCpltCallback
 .text.HAL_TIM_ErrorCallback
                0x08008df2       0x12 ./Drivers/STM32F1xx_HAL_Driver/Src/stm32f1xx_hal_tim.o
                0x08008df2                HAL_TIM_ErrorCallback
 .text.TIM_DMAError
                0x08008e04       0x92 ./Drivers/STM32F1xx_HAL_Driver/Src/stm32f1xx_hal_tim.o
                0x08008e04                TIM_DMAError
 .text.TIM_DMADelayPulseCplt
                0x08008e96       0xa8 ./Drivers/STM32F1xx_HAL_Driver/Src/stm32f1xx_hal_tim.o
 .text.TIM_DMADelayPulseHalfCplt
                0x08008f3e       0x68 ./Drivers/STM32F1xx_HAL_Driver/Src/stm32f1xx_hal_tim.o
                0x08008f3e                TIM_DMADelayPulseHalfCplt
 *fill*         0x08008fa6        0x2 
 .text.TIM_Base_SetConfig
                0x08008fa8       0xdc ./Drivers/STM32F1xx_HAL_Driver/Src/stm32f1xx_hal_tim.o
                0x08008fa8                TIM_Base_SetConfig
 .text.TIM_OC1_SetConfig
                0x08009084       0xcc ./Drivers/STM32F1xx_HAL_Driver/Src/stm32f1xx_hal_tim.o
 .text.TIM_OC2_SetConfig
                0x08009150       0xd4 ./Drivers/STM32F1xx_HAL_Driver/Src/stm32f1xx_hal_tim.o
                0x08009150                TIM_OC2_SetConfig
 .text.TIM_OC3_SetConfig
                0x08009224       0xd4 ./Drivers/STM32F1xx_HAL_Driver/Src/stm32f1xx_hal_tim.o
 .text.TIM_OC4_SetConfig
                0x080092f8       0x9c ./Drivers/STM32F1xx_HAL_Driver/Src/stm32f1xx_hal_tim.o
 .text.TIM_CCxChannelCmd
                0x08009394       0x48 ./Drivers/STM32F1xx_HAL_Driver/Src/stm32f1xx_hal_tim.o
                0x08009394                TIM_CCxChannelCmd
 .text.HAL_TIMEx_MasterConfigSynchronization
                0x080093dc       0xbc ./Drivers/STM32F1xx_HAL_Driver/Src/stm32f1xx_hal_tim_ex.o
                0x080093dc                HAL_TIMEx_MasterConfigSynchronization
 .text.HAL_TIMEx_ConfigBreakDeadTime
                0x08009498       0xa2 ./Drivers/STM32F1xx_HAL_Driver/Src/stm32f1xx_hal_tim_ex.o
                0x08009498                HAL_TIMEx_ConfigBreakDeadTime
 .text.HAL_UART_Init
                0x0800953a       0xa0 ./Drivers/STM32F1xx_HAL_Driver/Src/stm32f1xx_hal_uart.o
                0x0800953a                HAL_UART_Init
 .text.HAL_UART_Transmit
                0x080095da      0x116 ./Drivers/STM32F1xx_HAL_Driver/Src/stm32f1xx_hal_uart.o
                0x080095da                HAL_UART_Transmit
 .text.UART_WaitOnFlagUntilTimeout
                0x080096f0       0xb2 ./Drivers/STM32F1xx_HAL_Driver/Src/stm32f1xx_hal_uart.o
 .text.UART_EndRxTransfer
                0x080097a2       0xc4 ./Drivers/STM32F1xx_HAL_Driver/Src/stm32f1xx_hal_uart.o
 *fill*         0x08009866        0x2 
 .text.UART_SetConfig
                0x08009868      0x11c ./Drivers/STM32F1xx_HAL_Driver/Src/stm32f1xx_hal_uart.o
 .text.MX_FATFS_Init
                0x08009984       0x24 ./FATFS/App/fatfs.o
                0x08009984                MX_FATFS_Init
 .text.get_fattime
                0x080099a8        0xe ./FATFS/App/fatfs.o
                0x080099a8                get_fattime
 *fill*         0x080099b6        0x2 
 .text.USER_initialize
                0x080099b8       0x24 ./FATFS/Target/user_diskio.o
                0x080099b8                USER_initialize
 .text.USER_status
                0x080099dc       0x24 ./FATFS/Target/user_diskio.o
                0x080099dc                USER_status
 .text.USER_read
                0x08009a00       0x1c ./FATFS/Target/user_diskio.o
                0x08009a00                USER_read
 .text.USER_write
                0x08009a1c       0x1c ./FATFS/Target/user_diskio.o
                0x08009a1c                USER_write
 .text.USER_ioctl
                0x08009a38       0x20 ./FATFS/Target/user_diskio.o
                0x08009a38                USER_ioctl
 .text.disk_status
                0x08009a58       0x34 ./Middlewares/Third_Party/FatFs/src/diskio.o
                0x08009a58                disk_status
 .text.disk_initialize
                0x08009a8c       0x4c ./Middlewares/Third_Party/FatFs/src/diskio.o
                0x08009a8c                disk_initialize
 .text.disk_read
                0x08009ad8       0x40 ./Middlewares/Third_Party/FatFs/src/diskio.o
                0x08009ad8                disk_read
 .text.disk_write
                0x08009b18       0x40 ./Middlewares/Third_Party/FatFs/src/diskio.o
                0x08009b18                disk_write
 .text.disk_ioctl
                0x08009b58       0x3c ./Middlewares/Third_Party/FatFs/src/diskio.o
                0x08009b58                disk_ioctl
 .text.mem_cpy  0x08009b94       0x3c ./Middlewares/Third_Party/FatFs/src/ff.o
 .text.mem_set  0x08009bd0       0x34 ./Middlewares/Third_Party/FatFs/src/ff.o
 .text.mem_cmp  0x08009c04       0x4c ./Middlewares/Third_Party/FatFs/src/ff.o
 .text.chk_chr  0x08009c50       0x34 ./Middlewares/Third_Party/FatFs/src/ff.o
 .text.chk_lock
                0x08009c84       0xd8 ./Middlewares/Third_Party/FatFs/src/ff.o
 .text.enq_lock
                0x08009d5c       0x48 ./Middlewares/Third_Party/FatFs/src/ff.o
 .text.inc_lock
                0x08009da4      0x16c ./Middlewares/Third_Party/FatFs/src/ff.o
 .text.dec_lock
                0x08009f10       0x88 ./Middlewares/Third_Party/FatFs/src/ff.o
 .text.clear_lock
                0x08009f98       0x54 ./Middlewares/Third_Party/FatFs/src/ff.o
 .text.sync_window
                0x08009fec       0x92 ./Middlewares/Third_Party/FatFs/src/ff.o
 .text.move_window
                0x0800a07e       0x5c ./Middlewares/Third_Party/FatFs/src/ff.o
 .text.sync_fs  0x0800a0da      0x15a ./Middlewares/Third_Party/FatFs/src/ff.o
 .text.clust2sect
                0x0800a234       0x42 ./Middlewares/Third_Party/FatFs/src/ff.o
                0x0800a234                clust2sect
 .text.get_fat  0x0800a276      0x174 ./Middlewares/Third_Party/FatFs/src/ff.o
                0x0800a276                get_fat
 .text.put_fat  0x0800a3ea      0x21c ./Middlewares/Third_Party/FatFs/src/ff.o
                0x0800a3ea                put_fat
 .text.remove_chain
                0x0800a606       0xb4 ./Middlewares/Third_Party/FatFs/src/ff.o
 .text.create_chain
                0x0800a6ba      0x13a ./Middlewares/Third_Party/FatFs/src/ff.o
 .text.clmt_clust
                0x0800a7f4       0x68 ./Middlewares/Third_Party/FatFs/src/ff.o
 .text.dir_sdi  0x0800a85c      0x128 ./Middlewares/Third_Party/FatFs/src/ff.o
 .text.dir_next
                0x0800a984      0x1ee ./Middlewares/Third_Party/FatFs/src/ff.o
 .text.dir_alloc
                0x0800ab72       0x94 ./Middlewares/Third_Party/FatFs/src/ff.o
 .text.ld_clust
                0x0800ac06       0x5e ./Middlewares/Third_Party/FatFs/src/ff.o
 .text.st_clust
                0x0800ac64       0x4c ./Middlewares/Third_Party/FatFs/src/ff.o
 .text.dir_find
                0x0800acb0       0x9e ./Middlewares/Third_Party/FatFs/src/ff.o
 .text.dir_register
                0x0800ad4e       0x72 ./Middlewares/Third_Party/FatFs/src/ff.o
 .text.create_name
                0x0800adc0      0x180 ./Middlewares/Third_Party/FatFs/src/ff.o
 .text.follow_path
                0x0800af40       0xdc ./Middlewares/Third_Party/FatFs/src/ff.o
 .text.get_ldnumber
                0x0800b01c       0x86 ./Middlewares/Third_Party/FatFs/src/ff.o
 *fill*         0x0800b0a2        0x2 
 .text.check_fs
                0x0800b0a4       0xd8 ./Middlewares/Third_Party/FatFs/src/ff.o
 .text.find_volume
                0x0800b17c      0x59c ./Middlewares/Third_Party/FatFs/src/ff.o
 .text.validate
                0x0800b718       0x66 ./Middlewares/Third_Party/FatFs/src/ff.o
 *fill*         0x0800b77e        0x2 
 .text.f_mount  0x0800b780       0x90 ./Middlewares/Third_Party/FatFs/src/ff.o
                0x0800b780                f_mount
 .text.f_open   0x0800b810      0x4ea ./Middlewares/Third_Party/FatFs/src/ff.o
                0x0800b810                f_open
 .text.f_write  0x0800bcfa      0x35a ./Middlewares/Third_Party/FatFs/src/ff.o
                0x0800bcfa                f_write
 .text.f_sync   0x0800c054      0x174 ./Middlewares/Third_Party/FatFs/src/ff.o
                0x0800c054                f_sync
 .text.f_close  0x0800c1c8       0x50 ./Middlewares/Third_Party/FatFs/src/ff.o
                0x0800c1c8                f_close
 .text.f_lseek  0x0800c218      0x4bc ./Middlewares/Third_Party/FatFs/src/ff.o
                0x0800c218                f_lseek
 .text.FATFS_LinkDriverEx
                0x0800c6d4       0x94 ./Middlewares/Third_Party/FatFs/src/ff_gen_drv.o
                0x0800c6d4                FATFS_LinkDriverEx
 .text.FATFS_LinkDriver
                0x0800c768       0x1e ./Middlewares/Third_Party/FatFs/src/ff_gen_drv.o
                0x0800c768                FATFS_LinkDriver
 *fill*         0x0800c786        0x2 
 .text.snprintf
                0x0800c788       0x6c /Applications/STM32CubeIDE.app/Contents/Eclipse/plugins/com.st.stm32cube.ide.mcu.externaltools.gnu-tools-for-stm32.13.3.rel1.macos64_1.0.0.202411102158/tools/bin/../lib/gcc/arm-none-eabi/13.3.1/../../../../arm-none-eabi/lib/thumb/v7-m/nofp/libc_nano.a(libc_a-snprintf.o)
                0x0800c788                snprintf
                0x0800c788                sniprintf
 .text.memset   0x0800c7f4       0x10 /Applications/STM32CubeIDE.app/Contents/Eclipse/plugins/com.st.stm32cube.ide.mcu.externaltools.gnu-tools-for-stm32.13.3.rel1.macos64_1.0.0.202411102158/tools/bin/../lib/gcc/arm-none-eabi/13.3.1/../../../../arm-none-eabi/lib/thumb/v7-m/nofp/libc_nano.a(libc_a-memset.o)
                0x0800c7f4                memset
 .text.__errno  0x0800c804        0xc /Applications/STM32CubeIDE.app/Contents/Eclipse/plugins/com.st.stm32cube.ide.mcu.externaltools.gnu-tools-for-stm32.13.3.rel1.macos64_1.0.0.202411102158/tools/bin/../lib/gcc/arm-none-eabi/13.3.1/../../../../arm-none-eabi/lib/thumb/v7-m/nofp/libc_nano.a(libc_a-errno.o)
                0x0800c804                __errno
 .text.__libc_init_array
                0x0800c810       0x48 /Applications/STM32CubeIDE.app/Contents/Eclipse/plugins/com.st.stm32cube.ide.mcu.externaltools.gnu-tools-for-stm32.13.3.rel1.macos64_1.0.0.202411102158/tools/bin/../lib/gcc/arm-none-eabi/13.3.1/../../../../arm-none-eabi/lib/thumb/v7-m/nofp/libc_nano.a(libc_a-init.o)
                0x0800c810                __libc_init_array
 .text.__retarget_lock_acquire_recursive
                0x0800c858        0x2 /Applications/STM32CubeIDE.app/Contents/Eclipse/plugins/com.st.stm32cube.ide.mcu.externaltools.gnu-tools-for-stm32.13.3.rel1.macos64_1.0.0.202411102158/tools/bin/../lib/gcc/arm-none-eabi/13.3.1/../../../../arm-none-eabi/lib/thumb/v7-m/nofp/libc_nano.a(libc_a-lock.o)
                0x0800c858                __retarget_lock_acquire_recursive
 .text.__retarget_lock_release_recursive
                0x0800c85a        0x2 /Applications/STM32CubeIDE.app/Contents/Eclipse/plugins/com.st.stm32cube.ide.mcu.externaltools.gnu-tools-for-stm32.13.3.rel1.macos64_1.0.0.202411102158/tools/bin/../lib/gcc/arm-none-eabi/13.3.1/../../../../arm-none-eabi/lib/thumb/v7-m/nofp/libc_nano.a(libc_a-lock.o)
                0x0800c85a                __retarget_lock_release_recursive
 .text.__ssputs_r
                0x0800c85c       0xb6 /Applications/STM32CubeIDE.app/Contents/Eclipse/plugins/com.st.stm32cube.ide.mcu.externaltools.gnu-tools-for-stm32.13.3.rel1.macos64_1.0.0.202411102158/tools/bin/../lib/gcc/arm-none-eabi/13.3.1/../../../../arm-none-eabi/lib/thumb/v7-m/nofp/libc_nano.a(libc_a-nano-svfprintf.o)
                0x0800c85c                __ssputs_r
 *fill*         0x0800c912        0x2 
 .text._svfprintf_r
                0x0800c914      0x1f8 /Applications/STM32CubeIDE.app/Contents/Eclipse/plugins/com.st.stm32cube.ide.mcu.externaltools.gnu-tools-for-stm32.13.3.rel1.macos64_1.0.0.202411102158/tools/bin/../lib/gcc/arm-none-eabi/13.3.1/../../../../arm-none-eabi/lib/thumb/v7-m/nofp/libc_nano.a(libc_a-nano-svfprintf.o)
                0x0800c914                _svfprintf_r
                0x0800c914                _svfiprintf_r
 .text.sbrk_aligned
                0x0800cb0c       0x44 /Applications/STM32CubeIDE.app/Contents/Eclipse/plugins/com.st.stm32cube.ide.mcu.externaltools.gnu-tools-for-stm32.13.3.rel1.macos64_1.0.0.202411102158/tools/bin/../lib/gcc/arm-none-eabi/13.3.1/../../../../arm-none-eabi/lib/thumb/v7-m/nofp/libc_nano.a(libc_a-mallocr.o)
 .text._malloc_r
                0x0800cb50      0x100 /Applications/STM32CubeIDE.app/Contents/Eclipse/plugins/com.st.stm32cube.ide.mcu.externaltools.gnu-tools-for-stm32.13.3.rel1.macos64_1.0.0.202411102158/tools/bin/../lib/gcc/arm-none-eabi/13.3.1/../../../../arm-none-eabi/lib/thumb/v7-m/nofp/libc_nano.a(libc_a-mallocr.o)
                0x0800cb50                _malloc_r
 .text._printf_common
                0x0800cc50       0xe4 /Applications/STM32CubeIDE.app/Contents/Eclipse/plugins/com.st.stm32cube.ide.mcu.externaltools.gnu-tools-for-stm32.13.3.rel1.macos64_1.0.0.202411102158/tools/bin/../lib/gcc/arm-none-eabi/13.3.1/../../../../arm-none-eabi/lib/thumb/v7-m/nofp/libc_nano.a(libc_a-nano-vfprintf_i.o)
                0x0800cc50                _printf_common
 .text._printf_i
                0x0800cd34      0x23c /Applications/STM32CubeIDE.app/Contents/Eclipse/plugins/com.st.stm32cube.ide.mcu.externaltools.gnu-tools-for-stm32.13.3.rel1.macos64_1.0.0.202411102158/tools/bin/../lib/gcc/arm-none-eabi/13.3.1/../../../../arm-none-eabi/lib/thumb/v7-m/nofp/libc_nano.a(libc_a-nano-vfprintf_i.o)
                0x0800cd34                _printf_i
 .text.__malloc_lock
                0x0800cf70        0xc /Applications/STM32CubeIDE.app/Contents/Eclipse/plugins/com.st.stm32cube.ide.mcu.externaltools.gnu-tools-for-stm32.13.3.rel1.macos64_1.0.0.202411102158/tools/bin/../lib/gcc/arm-none-eabi/13.3.1/../../../../arm-none-eabi/lib/thumb/v7-m/nofp/libc_nano.a(libc_a-mlock.o)
                0x0800cf70                __malloc_lock
 .text.__malloc_unlock
                0x0800cf7c        0xc /Applications/STM32CubeIDE.app/Contents/Eclipse/plugins/com.st.stm32cube.ide.mcu.externaltools.gnu-tools-for-stm32.13.3.rel1.macos64_1.0.0.202411102158/tools/bin/../lib/gcc/arm-none-eabi/13.3.1/../../../../arm-none-eabi/lib/thumb/v7-m/nofp/libc_nano.a(libc_a-mlock.o)
                0x0800cf7c                __malloc_unlock
 .text._realloc_r
                0x0800cf88       0x5c /Applications/STM32CubeIDE.app/Contents/Eclipse/plugins/com.st.stm32cube.ide.mcu.externaltools.gnu-tools-for-stm32.13.3.rel1.macos64_1.0.0.202411102158/tools/bin/../lib/gcc/arm-none-eabi/13.3.1/../../../../arm-none-eabi/lib/thumb/v7-m/nofp/libc_nano.a(libc_a-reallocr.o)
                0x0800cf88                _realloc_r
 .text.memmove  0x0800cfe4       0x34 /Applications/STM32CubeIDE.app/Contents/Eclipse/plugins/com.st.stm32cube.ide.mcu.externaltools.gnu-tools-for-stm32.13.3.rel1.macos64_1.0.0.202411102158/tools/bin/../lib/gcc/arm-none-eabi/13.3.1/../../../../arm-none-eabi/lib/thumb/v7-m/nofp/libc_nano.a(libc_a-memmove.o)
                0x0800cfe4                memmove
 .text._sbrk_r  0x0800d018       0x20 /Applications/STM32CubeIDE.app/Contents/Eclipse/plugins/com.st.stm32cube.ide.mcu.externaltools.gnu-tools-for-stm32.13.3.rel1.macos64_1.0.0.202411102158/tools/bin/../lib/gcc/arm-none-eabi/13.3.1/../../../../arm-none-eabi/lib/thumb/v7-m/nofp/libc_nano.a(libc_a-sbrkr.o)
                0x0800d018                _sbrk_r
 .text.memchr   0x0800d038       0x1c /Applications/STM32CubeIDE.app/Contents/Eclipse/plugins/com.st.stm32cube.ide.mcu.externaltools.gnu-tools-for-stm32.13.3.rel1.macos64_1.0.0.202411102158/tools/bin/../lib/gcc/arm-none-eabi/13.3.1/../../../../arm-none-eabi/lib/thumb/v7-m/nofp/libc_nano.a(libc_a-memchr-stub.o)
                0x0800d038                memchr
 .text.memcpy   0x0800d054       0x1c /Applications/STM32CubeIDE.app/Contents/Eclipse/plugins/com.st.stm32cube.ide.mcu.externaltools.gnu-tools-for-stm32.13.3.rel1.macos64_1.0.0.202411102158/tools/bin/../lib/gcc/arm-none-eabi/13.3.1/../../../../arm-none-eabi/lib/thumb/v7-m/nofp/libc_nano.a(libc_a-memcpy-stub.o)
                0x0800d054                memcpy
 .text._free_r  0x0800d070       0x90 /Applications/STM32CubeIDE.app/Contents/Eclipse/plugins/com.st.stm32cube.ide.mcu.externaltools.gnu-tools-for-stm32.13.3.rel1.macos64_1.0.0.202411102158/tools/bin/../lib/gcc/arm-none-eabi/13.3.1/../../../../arm-none-eabi/lib/thumb/v7-m/nofp/libc_nano.a(libc_a-freer.o)
                0x0800d070                _free_r
 .text._malloc_usable_size_r
                0x0800d100       0x10 /Applications/STM32CubeIDE.app/Contents/Eclipse/plugins/com.st.stm32cube.ide.mcu.externaltools.gnu-tools-for-stm32.13.3.rel1.macos64_1.0.0.202411102158/tools/bin/../lib/gcc/arm-none-eabi/13.3.1/../../../../arm-none-eabi/lib/thumb/v7-m/nofp/libc_nano.a(libc_a-msizer.o)
                0x0800d100                _malloc_usable_size_r
 .text.sqrtf    0x0800d110       0x34 /Applications/STM32CubeIDE.app/Contents/Eclipse/plugins/com.st.stm32cube.ide.mcu.externaltools.gnu-tools-for-stm32.13.3.rel1.macos64_1.0.0.202411102158/tools/bin/../lib/gcc/arm-none-eabi/13.3.1/../../../../arm-none-eabi/lib/thumb/v7-m/nofp/libm.a(libm_a-wf_sqrt.o)
                0x0800d110                sqrtf
 .text.__ieee754_sqrtf
                0x0800d144       0xe0 /Applications/STM32CubeIDE.app/Contents/Eclipse/plugins/com.st.stm32cube.ide.mcu.externaltools.gnu-tools-for-stm32.13.3.rel1.macos64_1.0.0.202411102158/tools/bin/../lib/gcc/arm-none-eabi/13.3.1/../../../../arm-none-eabi/lib/thumb/v7-m/nofp/libm.a(libm_a-ef_sqrt.o)
                0x0800d144                __ieee754_sqrtf
 *(.glue_7)
 .glue_7        0x0800d224        0x0 linker stubs
 *(.glue_7t)
 .glue_7t       0x0800d224        0x0 linker stubs
 *(.eh_frame)
 .eh_frame      0x0800d224        0x0 /Applications/STM32CubeIDE.app/Contents/Eclipse/plugins/com.st.stm32cube.ide.mcu.externaltools.gnu-tools-for-stm32.13.3.rel1.macos64_1.0.0.202411102158/tools/bin/../lib/gcc/arm-none-eabi/13.3.1/thumb/v7-m/nofp/crtbegin.o
 *(.init)
 .init          0x0800d224        0x4 /Applications/STM32CubeIDE.app/Contents/Eclipse/plugins/com.st.stm32cube.ide.mcu.externaltools.gnu-tools-for-stm32.13.3.rel1.macos64_1.0.0.202411102158/tools/bin/../lib/gcc/arm-none-eabi/13.3.1/thumb/v7-m/nofp/crti.o
                0x0800d224                _init
 .init          0x0800d228        0x8 /Applications/STM32CubeIDE.app/Contents/Eclipse/plugins/com.st.stm32cube.ide.mcu.externaltools.gnu-tools-for-stm32.13.3.rel1.macos64_1.0.0.202411102158/tools/bin/../lib/gcc/arm-none-eabi/13.3.1/thumb/v7-m/nofp/crtn.o
 *(.fini)
 .fini          0x0800d230        0x4 /Applications/STM32CubeIDE.app/Contents/Eclipse/plugins/com.st.stm32cube.ide.mcu.externaltools.gnu-tools-for-stm32.13.3.rel1.macos64_1.0.0.202411102158/tools/bin/../lib/gcc/arm-none-eabi/13.3.1/thumb/v7-m/nofp/crti.o
                0x0800d230                _fini
 .fini          0x0800d234        0x8 /Applications/STM32CubeIDE.app/Contents/Eclipse/plugins/com.st.stm32cube.ide.mcu.externaltools.gnu-tools-for-stm32.13.3.rel1.macos64_1.0.0.202411102158/tools/bin/../lib/gcc/arm-none-eabi/13.3.1/thumb/v7-m/nofp/crtn.o
                0x0800d23c                        . = ALIGN (0x4)
                0x0800d23c                        _etext = .

.vfp11_veneer   0x0800d23c        0x0
 .vfp11_veneer  0x0800d23c        0x0 linker stubs

.v4_bx          0x0800d23c        0x0
 .v4_bx         0x0800d23c        0x0 linker stubs

.iplt           0x0800d23c        0x0
 .iplt          0x0800d23c        0x0 /Applications/STM32CubeIDE.app/Contents/Eclipse/plugins/com.st.stm32cube.ide.mcu.externaltools.gnu-tools-for-stm32.13.3.rel1.macos64_1.0.0.202411102158/tools/bin/../lib/gcc/arm-none-eabi/13.3.1/thumb/v7-m/nofp/crtbegin.o

.rodata         0x0800d23c     0x2bb0
                0x0800d23c                        . = ALIGN (0x4)
 *(.rodata)
 .rodata        0x0800d23c      0x437 ./Core/Src/main.o
 *fill*         0x0800d673        0x1 
 .rodata        0x0800d674       0x44 ./Middlewares/Third_Party/FatFs/src/ff.o
 *(.rodata*)
 .rodata.Font7x10
                0x0800d6b8      0x76c ./Core/Src/fonts.o
                0x0800d6b8                Font7x10
 .rodata.Font11x18
                0x0800de24      0xd5c ./Core/Src/fonts.o
                0x0800de24                Font11x18
 .rodata.starter_model_feature_mean
                0x0800eb80       0x2c ./Core/Src/main.o
 .rodata.starter_model_feature_std
                0x0800ebac       0x2c ./Core/Src/main.o
 .rodata.starter_model_label_names
                0x0800ebd8       0xc8 ./Core/Src/main.o
 .rodata.starter_model_tree_0
                0x0800eca0      0x174 ./Core/Src/main.o
 .rodata.starter_model_tree_1
                0x0800ee14      0x174 ./Core/Src/main.o
 .rodata.starter_model_tree_2
                0x0800ef88      0x174 ./Core/Src/main.o
 .rodata.starter_model_tree_3
                0x0800f0fc      0x174 ./Core/Src/main.o
 .rodata.starter_model_tree_4
                0x0800f270      0x174 ./Core/Src/main.o
 .rodata.starter_model_tree_5
                0x0800f3e4      0x174 ./Core/Src/main.o
 .rodata.starter_model_tree_6
                0x0800f558      0x174 ./Core/Src/main.o
 .rodata.starter_model_tree_7
                0x0800f6cc      0x174 ./Core/Src/main.o
 .rodata.starter_model_tree_8
                0x0800f840      0x174 ./Core/Src/main.o
 .rodata.starter_model_tree_9
                0x0800f9b4      0x174 ./Core/Src/main.o
 .rodata.starter_model_tree_10
                0x0800fb28      0x174 ./Core/Src/main.o
 .rodata.starter_model_tree_sizes
                0x0800fc9c       0x16 ./Core/Src/main.o
 *fill*         0x0800fcb2        0x2 
 .rodata.starter_model_trees
                0x0800fcb4       0x2c ./Core/Src/main.o
 .rodata.baud_table.0
                0x0800fce0       0x10 ./Core/Src/main.o
 .rodata.AHBPrescTable
                0x0800fcf0       0x10 ./Core/Src/system_stm32f1xx.o
                0x0800fcf0                AHBPrescTable
 .rodata.APBPrescTable
                0x0800fd00        0x8 ./Core/Src/system_stm32f1xx.o
                0x0800fd00                APBPrescTable
 .rodata.aPLLMULFactorTable.1
                0x0800fd08       0x10 ./Drivers/STM32F1xx_HAL_Driver/Src/stm32f1xx_hal_rcc.o
 .rodata.aPredivFactorTable.0
                0x0800fd18        0x2 ./Drivers/STM32F1xx_HAL_Driver/Src/stm32f1xx_hal_rcc.o
 *fill*         0x0800fd1a        0x2 
 .rodata.aPLLMULFactorTable.1
                0x0800fd1c       0x10 ./Drivers/STM32F1xx_HAL_Driver/Src/stm32f1xx_hal_rcc_ex.o
 .rodata.aPredivFactorTable.0
                0x0800fd2c        0x2 ./Drivers/STM32F1xx_HAL_Driver/Src/stm32f1xx_hal_rcc_ex.o
 *fill*         0x0800fd2e        0x2 
 .rodata.ExCvt  0x0800fd30       0x80 ./Middlewares/Third_Party/FatFs/src/ff.o
 .rodata._svfprintf_r.str1.1
                0x0800fdb0       0x33 /Applications/STM32CubeIDE.app/Contents/Eclipse/plugins/com.st.stm32cube.ide.mcu.externaltools.gnu-tools-for-stm32.13.3.rel1.macos64_1.0.0.202411102158/tools/bin/../lib/gcc/arm-none-eabi/13.3.1/../../../../arm-none-eabi/lib/thumb/v7-m/nofp/libc_nano.a(libc_a-nano-svfprintf.o)
                                 0x11 (size before relaxing)
 .rodata._printf_i.str1.1
                0x0800fde3       0x22 /Applications/STM32CubeIDE.app/Contents/Eclipse/plugins/com.st.stm32cube.ide.mcu.externaltools.gnu-tools-for-stm32.13.3.rel1.macos64_1.0.0.202411102158/tools/bin/../lib/gcc/arm-none-eabi/13.3.1/../../../../arm-none-eabi/lib/thumb/v7-m/nofp/libc_nano.a(libc_a-nano-vfprintf_i.o)
 *fill*         0x0800fde3        0x1 
 .rodata.tiny   0x0800fde4        0x4 /Applications/STM32CubeIDE.app/Contents/Eclipse/plugins/com.st.stm32cube.ide.mcu.externaltools.gnu-tools-for-stm32.13.3.rel1.macos64_1.0.0.202411102158/tools/bin/../lib/gcc/arm-none-eabi/13.3.1/../../../../arm-none-eabi/lib/thumb/v7-m/nofp/libm.a(libm_a-ef_sqrt.o)
 .rodata.one    0x0800fde8        0x4 /Applications/STM32CubeIDE.app/Contents/Eclipse/plugins/com.st.stm32cube.ide.mcu.externaltools.gnu-tools-for-stm32.13.3.rel1.macos64_1.0.0.202411102158/tools/bin/../lib/gcc/arm-none-eabi/13.3.1/../../../../arm-none-eabi/lib/thumb/v7-m/nofp/libm.a(libm_a-ef_sqrt.o)
                0x0800fdec                        . = ALIGN (0x4)

.ARM.extab      0x0800fdec        0x0
                0x0800fdec                        . = ALIGN (0x4)
 *(.ARM.extab* .gnu.linkonce.armextab.*)
                0x0800fdec                        . = ALIGN (0x4)

.ARM            0x0800fdec        0x8
                0x0800fdec                        . = ALIGN (0x4)
                0x0800fdec                        __exidx_start = .
 *(.ARM.exidx*)
 .ARM.exidx     0x0800fdec        0x8 /Applications/STM32CubeIDE.app/Contents/Eclipse/plugins/com.st.stm32cube.ide.mcu.externaltools.gnu-tools-for-stm32.13.3.rel1.macos64_1.0.0.202411102158/tools/bin/../lib/gcc/arm-none-eabi/13.3.1/../../../../arm-none-eabi/lib/thumb/v7-m/nofp/libc_nano.a(libc_a-strlen.o)
                0x0800fdf4                        __exidx_end = .
                0x0800fdf4                        . = ALIGN (0x4)

.preinit_array  0x0800fdf4        0x0
                0x0800fdf4                        . = ALIGN (0x4)
                0x0800fdf4                        PROVIDE (__preinit_array_start = .)
 *(.preinit_array*)
                0x0800fdf4                        PROVIDE (__preinit_array_end = .)
                0x0800fdf4                        . = ALIGN (0x4)

.init_array     0x0800fdf4        0x4
                0x0800fdf4                        . = ALIGN (0x4)
                0x0800fdf4                        PROVIDE (__init_array_start = .)
 *(SORT_BY_NAME(.init_array.*))
 *(.init_array*)
 .init_array    0x0800fdf4        0x4 /Applications/STM32CubeIDE.app/Contents/Eclipse/plugins/com.st.stm32cube.ide.mcu.externaltools.gnu-tools-for-stm32.13.3.rel1.macos64_1.0.0.202411102158/tools/bin/../lib/gcc/arm-none-eabi/13.3.1/thumb/v7-m/nofp/crtbegin.o
                0x0800fdf8                        PROVIDE (__init_array_end = .)
                0x0800fdf8                        . = ALIGN (0x4)

.fini_array     0x0800fdf8        0x4
                0x0800fdf8                        . = ALIGN (0x4)
                [!provide]                        PROVIDE (__fini_array_start = .)
 *(SORT_BY_NAME(.fini_array.*))
 *(.fini_array*)
 .fini_array    0x0800fdf8        0x4 /Applications/STM32CubeIDE.app/Contents/Eclipse/plugins/com.st.stm32cube.ide.mcu.externaltools.gnu-tools-for-stm32.13.3.rel1.macos64_1.0.0.202411102158/tools/bin/../lib/gcc/arm-none-eabi/13.3.1/thumb/v7-m/nofp/crtbegin.o
                [!provide]                        PROVIDE (__fini_array_end = .)
                0x0800fdfc                        . = ALIGN (0x4)
                0x0800fdfc                        _sidata = LOADADDR (.data)

.rel.dyn        0x0800fdfc        0x0
 .rel.iplt      0x0800fdfc        0x0 /Applications/STM32CubeIDE.app/Contents/Eclipse/plugins/com.st.stm32cube.ide.mcu.externaltools.gnu-tools-for-stm32.13.3.rel1.macos64_1.0.0.202411102158/tools/bin/../lib/gcc/arm-none-eabi/13.3.1/thumb/v7-m/nofp/crtbegin.o

.data           0x20000000       0xec load address 0x0800fdfc
                0x20000000                        . = ALIGN (0x4)
                0x20000000                        _sdata = .
 *(.data)
 *(.data*)
 .data.Font_7x10
                0x20000000        0x8 ./Core/Src/fonts.o
                0x20000000                Font_7x10
 .data.Font_11x18
                0x20000008        0x8 ./Core/Src/fonts.o
                0x20000008                Font_11x18
 .data.mic_noise_floor
                0x20000010        0x6 ./Core/Src/main.o
                0x20000010                mic_noise_floor
 .data.direction_idx
                0x20000016        0x1 ./Core/Src/main.o
                0x20000016                direction_idx
 .data.pending_direction_idx
                0x20000017        0x1 ./Core/Src/main.o
                0x20000017                pending_direction_idx
 .data.servo_pulse_current
                0x20000018        0x2 ./Core/Src/main.o
                0x20000018                servo_pulse_current
 .data.event_candidate_capture_channel
                0x2000001a        0x1 ./Core/Src/main.o
                0x2000001a                event_candidate_capture_channel
 *fill*         0x2000001b        0x1 
 .data.mic_bar_full_scale
                0x2000001c        0x2 ./Core/Src/main.o
                0x2000001c                mic_bar_full_scale
 .data.last_event_direction
                0x2000001e        0x1 ./Core/Src/main.o
                0x2000001e                last_event_direction
 *fill*         0x2000001f        0x1 
 .data.last_event_text
                0x20000020       0x20 ./Core/Src/main.o
                0x20000020                last_event_text
 .data.last_timestamp
                0x20000040       0x18 ./Core/Src/main.o
                0x20000040                last_timestamp
 .data.last_sound_text
                0x20000058       0x18 ./Core/Src/main.o
                0x20000058                last_sound_text
 .data.last_sound_class
                0x20000070        0x1 ./Core/Src/main.o
                0x20000070                last_sound_class
 *fill*         0x20000071        0x3 
 .data.ssd1306_i2c
                0x20000074        0x4 ./Core/Src/ssd1306.o
 .data.ssd1306_i2c_addr
                0x20000078        0x1 ./Core/Src/ssd1306.o
 *fill*         0x20000079        0x3 
 .data.SystemCoreClock
                0x2000007c        0x4 ./Core/Src/system_stm32f1xx.o
                0x2000007c                SystemCoreClock
 .data.uwTickPrio
                0x20000080        0x4 ./Drivers/STM32F1xx_HAL_Driver/Src/stm32f1xx_hal.o
                0x20000080                uwTickPrio
 .data.uwTickFreq
                0x20000084        0x1 ./Drivers/STM32F1xx_HAL_Driver/Src/stm32f1xx_hal.o
                0x20000084                uwTickFreq
 .data.Stat     0x20000085        0x1 ./FATFS/Target/user_diskio.o
 *fill*         0x20000086        0x2 
 .data.USER_Driver
                0x20000088       0x14 ./FATFS/Target/user_diskio.o
                0x20000088                USER_Driver
 .data._impure_ptr
                0x2000009c        0x4 /Applications/STM32CubeIDE.app/Contents/Eclipse/plugins/com.st.stm32cube.ide.mcu.externaltools.gnu-tools-for-stm32.13.3.rel1.macos64_1.0.0.202411102158/tools/bin/../lib/gcc/arm-none-eabi/13.3.1/../../../../arm-none-eabi/lib/thumb/v7-m/nofp/libc_nano.a(libc_a-impure.o)
                0x2000009c                _impure_ptr
 .data._impure_data
                0x200000a0       0x4c /Applications/STM32CubeIDE.app/Contents/Eclipse/plugins/com.st.stm32cube.ide.mcu.externaltools.gnu-tools-for-stm32.13.3.rel1.macos64_1.0.0.202411102158/tools/bin/../lib/gcc/arm-none-eabi/13.3.1/../../../../arm-none-eabi/lib/thumb/v7-m/nofp/libc_nano.a(libc_a-impure.o)
                0x200000a0                _impure_data
 *(.RamFunc)
 *(.RamFunc*)
                0x200000ec                        . = ALIGN (0x4)
                0x200000ec                        _edata = .

.igot.plt       0x200000ec        0x0 load address 0x0800fee8
 .igot.plt      0x200000ec        0x0 /Applications/STM32CubeIDE.app/Contents/Eclipse/plugins/com.st.stm32cube.ide.mcu.externaltools.gnu-tools-for-stm32.13.3.rel1.macos64_1.0.0.202411102158/tools/bin/../lib/gcc/arm-none-eabi/13.3.1/thumb/v7-m/nofp/crtbegin.o
                0x200000ec                        . = ALIGN (0x4)

.bss            0x200000f0     0x1294 load address 0x0800fee8
                0x200000f0                        _sbss = .
                0x200000f0                        __bss_start__ = _sbss
 *(.bss)
 .bss           0x200000f0       0x1c /Applications/STM32CubeIDE.app/Contents/Eclipse/plugins/com.st.stm32cube.ide.mcu.externaltools.gnu-tools-for-stm32.13.3.rel1.macos64_1.0.0.202411102158/tools/bin/../lib/gcc/arm-none-eabi/13.3.1/thumb/v7-m/nofp/crtbegin.o
 *(.bss*)
 .bss.hadc1     0x2000010c       0x30 ./Core/Src/main.o
                0x2000010c                hadc1
 .bss.hdma_adc1
                0x2000013c       0x44 ./Core/Src/main.o
                0x2000013c                hdma_adc1
 .bss.hdma_tim1_ch1
                0x20000180       0x44 ./Core/Src/main.o
                0x20000180                hdma_tim1_ch1
 .bss.hi2c1     0x200001c4       0x54 ./Core/Src/main.o
                0x200001c4                hi2c1
 .bss.hi2c2     0x20000218       0x54 ./Core/Src/main.o
                0x20000218                hi2c2
 .bss.hspi1     0x2000026c       0x58 ./Core/Src/main.o
                0x2000026c                hspi1
 .bss.htim1     0x200002c4       0x48 ./Core/Src/main.o
                0x200002c4                htim1
 .bss.htim3     0x2000030c       0x48 ./Core/Src/main.o
                0x2000030c                htim3
 .bss.huart1    0x20000354       0x48 ./Core/Src/main.o
                0x20000354                huart1
 .bss.adc_dma_buf
                0x2000039c      0x180 ./Core/Src/main.o
                0x2000039c                adc_dma_buf
 .bss.adc_half_ready
                0x2000051c        0x1 ./Core/Src/main.o
                0x2000051c                adc_half_ready
 .bss.adc_full_ready
                0x2000051d        0x1 ./Core/Src/main.o
                0x2000051d                adc_full_ready
 *fill*         0x2000051e        0x2 
 .bss.mic_level
                0x20000520        0x6 ./Core/Src/main.o
                0x20000520                mic_level
 .bss.current_level
                0x20000526        0x2 ./Core/Src/main.o
                0x20000526                current_level
 .bss.pending_direction_ms
                0x20000528        0x4 ./Core/Src/main.o
                0x20000528                pending_direction_ms
 .bss.last_ui_ms
                0x2000052c        0x4 ./Core/Src/main.o
                0x2000052c                last_ui_ms
 .bss.last_oled_ms
                0x20000530        0x4 ./Core/Src/main.o
                0x20000530                last_oled_ms
 .bss.last_oled2_ms
                0x20000534        0x4 ./Core/Src/main.o
                0x20000534                last_oled2_ms
 .bss.last_rtc_ms
                0x20000538        0x4 ./Core/Src/main.o
                0x20000538                last_rtc_ms
 .bss.last_servo_ms
                0x2000053c        0x4 ./Core/Src/main.o
                0x2000053c                last_servo_ms
 .bss.event_result_hold_until_ms
                0x20000540        0x4 ./Core/Src/main.o
                0x20000540                event_result_hold_until_ms
 .bss.mic_calibration_until_ms
                0x20000544        0x4 ./Core/Src/main.o
                0x20000544                mic_calibration_until_ms
 .bss.event_candidate_start_ms
                0x20000548        0x4 ./Core/Src/main.o
                0x20000548                event_candidate_start_ms
 .bss.event_candidate_peak_level
                0x2000054c        0x2 ./Core/Src/main.o
                0x2000054c                event_candidate_peak_level
 .bss.oled1_ready
                0x2000054e        0x1 ./Core/Src/main.o
                0x2000054e                oled1_ready
 .bss.oled2_ready
                0x2000054f        0x1 ./Core/Src/main.o
                0x2000054f                oled2_ready
 .bss.bt_tx_count
                0x20000550        0x4 ./Core/Src/main.o
                0x20000550                bt_tx_count
 .bss.bt_last_tx_ms
                0x20000554        0x4 ./Core/Src/main.o
                0x20000554                bt_last_tx_ms
 .bss.last_bt_heartbeat_ms
                0x20000558        0x4 ./Core/Src/main.o
                0x20000558                last_bt_heartbeat_ms
 .bss.bt_state_changed_ms
                0x2000055c        0x4 ./Core/Src/main.o
                0x2000055c                bt_state_changed_ms
 .bss.bt_connected_since_ms
                0x20000560        0x4 ./Core/Src/main.o
                0x20000560                bt_connected_since_ms
 .bss.bt_baud_index
                0x20000564        0x1 ./Core/Src/main.o
                0x20000564                bt_baud_index
 .bss.bt_raw_connected
                0x20000565        0x1 ./Core/Src/main.o
                0x20000565                bt_raw_connected
 .bss.bt_stable_connected
                0x20000566        0x1 ./Core/Src/main.o
                0x20000566                bt_stable_connected
 .bss.bt_boot_sent
                0x20000567        0x1 ./Core/Src/main.o
                0x20000567                bt_boot_sent
 .bss.bt_last_tx_ok
                0x20000568        0x1 ./Core/Src/main.o
                0x20000568                bt_last_tx_ok
 *fill*         0x20000569        0x3 
 .bss.ring_pwm_data
                0x2000056c      0x2a0 ./Core/Src/main.o
                0x2000056c                ring_pwm_data
 .bss.ring_pixels
                0x2000080c       0x24 ./Core/Src/main.o
                0x2000080c                ring_pixels
 .bss.ring_dma_busy
                0x20000830        0x1 ./Core/Src/main.o
                0x20000830                ring_dma_busy
 *fill*         0x20000831        0x3 
 .bss.last_ring_ms
                0x20000834        0x4 ./Core/Src/main.o
                0x20000834                last_ring_ms
 .bss.sd_ready  0x20000838        0x1 ./Core/Src/main.o
                0x20000838                sd_ready
 .bss.sd_last_error
                0x20000839        0x1 ./Core/Src/main.o
                0x20000839                sd_last_error
 *fill*         0x2000083a        0x2 
 .bss.sd_log_count
                0x2000083c        0x4 ./Core/Src/main.o
                0x2000083c                sd_log_count
 .bss.sd_file_open
                0x20000840        0x1 ./Core/Src/main.o
                0x20000840                sd_file_open
 .bss.sd_log_dirty
                0x20000841        0x1 ./Core/Src/main.o
                0x20000841                sd_log_dirty
 .bss.sd_unsynced_events
                0x20000842        0x1 ./Core/Src/main.o
                0x20000842                sd_unsynced_events
 *fill*         0x20000843        0x1 
 .bss.last_sd_sync_ms
                0x20000844        0x4 ./Core/Src/main.o
                0x20000844                last_sd_sync_ms
 .bss.event_state
                0x20000848       0x2c ./Core/Src/main.o
                0x20000848                event_state
 *fill*         0x20000874        0x4 
 .bss.ai_event_acc
                0x20000878      0x120 ./Core/Src/main.o
                0x20000878                ai_event_acc
 .bss.last_event_type
                0x20000998        0x1 ./Core/Src/main.o
                0x20000998                last_event_type
 .bss.last_event_threat
                0x20000999        0x1 ./Core/Src/main.o
                0x20000999                last_event_threat
 *fill*         0x2000099a        0x2 
 .bss.SSD1306_Buffer
                0x2000099c      0x400 ./Core/Src/ssd1306.o
 .bss.SSD1306   0x20000d9c        0x6 ./Core/Src/ssd1306.o
 *fill*         0x20000da2        0x2 
 .bss.__sbrk_heap_end
                0x20000da4        0x4 ./Core/Src/sysmem.o
 .bss.uwTick    0x20000da8        0x4 ./Drivers/STM32F1xx_HAL_Driver/Src/stm32f1xx_hal.o
                0x20000da8                uwTick
 .bss.retUSER   0x20000dac        0x1 ./FATFS/App/fatfs.o
                0x20000dac                retUSER
 *fill*         0x20000dad        0x3 
 .bss.USERPath  0x20000db0        0x4 ./FATFS/App/fatfs.o
                0x20000db0                USERPath
 .bss.USERFatFS
                0x20000db4      0x230 ./FATFS/App/fatfs.o
                0x20000db4                USERFatFS
 .bss.USERFile  0x20000fe4      0x22c ./FATFS/App/fatfs.o
                0x20000fe4                USERFile
 .bss.FatFs     0x20001210        0x4 ./Middlewares/Third_Party/FatFs/src/ff.o
 .bss.Fsid      0x20001214        0x2 ./Middlewares/Third_Party/FatFs/src/ff.o
 *fill*         0x20001216        0x2 
 .bss.Files     0x20001218       0x18 ./Middlewares/Third_Party/FatFs/src/ff.o
 .bss.disk      0x20001230        0xc ./Middlewares/Third_Party/FatFs/src/ff_gen_drv.o
                0x20001230                disk
 .bss.__sf      0x2000123c      0x138 /Applications/STM32CubeIDE.app/Contents/Eclipse/plugins/com.st.stm32cube.ide.mcu.externaltools.gnu-tools-for-stm32.13.3.rel1.macos64_1.0.0.202411102158/tools/bin/../lib/gcc/arm-none-eabi/13.3.1/../../../../arm-none-eabi/lib/thumb/v7-m/nofp/libc_nano.a(libc_a-findfp.o)
                0x2000123c                __sf
 .bss.__lock___malloc_recursive_mutex
                0x20001374        0x1 /Applications/STM32CubeIDE.app/Contents/Eclipse/plugins/com.st.stm32cube.ide.mcu.externaltools.gnu-tools-for-stm32.13.3.rel1.macos64_1.0.0.202411102158/tools/bin/../lib/gcc/arm-none-eabi/13.3.1/../../../../arm-none-eabi/lib/thumb/v7-m/nofp/libc_nano.a(libc_a-lock.o)
                0x20001374                __lock___malloc_recursive_mutex
 *fill*         0x20001375        0x3 
 .bss.__malloc_sbrk_start
                0x20001378        0x4 /Applications/STM32CubeIDE.app/Contents/Eclipse/plugins/com.st.stm32cube.ide.mcu.externaltools.gnu-tools-for-stm32.13.3.rel1.macos64_1.0.0.202411102158/tools/bin/../lib/gcc/arm-none-eabi/13.3.1/../../../../arm-none-eabi/lib/thumb/v7-m/nofp/libc_nano.a(libc_a-mallocr.o)
                0x20001378                __malloc_sbrk_start
 .bss.__malloc_free_list
                0x2000137c        0x4 /Applications/STM32CubeIDE.app/Contents/Eclipse/plugins/com.st.stm32cube.ide.mcu.externaltools.gnu-tools-for-stm32.13.3.rel1.macos64_1.0.0.202411102158/tools/bin/../lib/gcc/arm-none-eabi/13.3.1/../../../../arm-none-eabi/lib/thumb/v7-m/nofp/libc_nano.a(libc_a-mallocr.o)
                0x2000137c                __malloc_free_list
 .bss.errno     0x20001380        0x4 /Applications/STM32CubeIDE.app/Contents/Eclipse/plugins/com.st.stm32cube.ide.mcu.externaltools.gnu-tools-for-stm32.13.3.rel1.macos64_1.0.0.202411102158/tools/bin/../lib/gcc/arm-none-eabi/13.3.1/../../../../arm-none-eabi/lib/thumb/v7-m/nofp/libc_nano.a(libc_a-reent.o)
                0x20001380                errno
 *(COMMON)
                0x20001384                        . = ALIGN (0x4)
                0x20001384                        _ebss = .
                0x20001384                        __bss_end__ = _ebss

._user_heap_stack
                0x20001384      0x604 load address 0x0800fee8
                0x20001388                        . = ALIGN (0x8)
 *fill*         0x20001384        0x4 
                [!provide]                        PROVIDE (end = .)
                0x20001388                        PROVIDE (_end = .)
                0x20001588                        . = (. + _Min_Heap_Size)
 *fill*         0x20001388      0x200 
                0x20001988                        . = (. + _Min_Stack_Size)
 *fill*         0x20001588      0x400 
                0x20001988                        . = ALIGN (0x8)

/DISCARD/
 libc.a(*)
 libm.a(*)
 libgcc.a(*)

.ARM.attributes
                0x00000000       0x29
 *(.ARM.attributes)
 .ARM.attributes
                0x00000000       0x1d /Applications/STM32CubeIDE.app/Contents/Eclipse/plugins/com.st.stm32cube.ide.mcu.externaltools.gnu-tools-for-stm32.13.3.rel1.macos64_1.0.0.202411102158/tools/bin/../lib/gcc/arm-none-eabi/13.3.1/thumb/v7-m/nofp/crti.o
 .ARM.attributes
                0x0000001d       0x2d /Applications/STM32CubeIDE.app/Contents/Eclipse/plugins/com.st.stm32cube.ide.mcu.externaltools.gnu-tools-for-stm32.13.3.rel1.macos64_1.0.0.202411102158/tools/bin/../lib/gcc/arm-none-eabi/13.3.1/thumb/v7-m/nofp/crtbegin.o
 .ARM.attributes
                0x0000004a       0x2d ./Core/Src/fonts.o
 .ARM.attributes
                0x00000077       0x2d ./Core/Src/main.o
 .ARM.attributes
                0x000000a4       0x2d ./Core/Src/ssd1306.o
 .ARM.attributes
                0x000000d1       0x2d ./Core/Src/stm32f1xx_hal_msp.o
 .ARM.attributes
                0x000000fe       0x2d ./Core/Src/stm32f1xx_it.o
 .ARM.attributes
                0x0000012b       0x2d ./Core/Src/sysmem.o
 .ARM.attributes
                0x00000158       0x2d ./Core/Src/system_stm32f1xx.o
 .ARM.attributes
                0x00000185       0x21 ./Core/Startup/startup_stm32f103c8tx.o
 .ARM.attributes
                0x000001a6       0x2d ./Drivers/STM32F1xx_HAL_Driver/Src/stm32f1xx_hal.o
 .ARM.attributes
                0x000001d3       0x2d ./Drivers/STM32F1xx_HAL_Driver/Src/stm32f1xx_hal_adc.o
 .ARM.attributes
                0x00000200       0x2d ./Drivers/STM32F1xx_HAL_Driver/Src/stm32f1xx_hal_adc_ex.o
 .ARM.attributes
                0x0000022d       0x2d ./Drivers/STM32F1xx_HAL_Driver/Src/stm32f1xx_hal_cortex.o
 .ARM.attributes
                0x0000025a       0x2d ./Drivers/STM32F1xx_HAL_Driver/Src/stm32f1xx_hal_dma.o
 .ARM.attributes
                0x00000287       0x2d ./Drivers/STM32F1xx_HAL_Driver/Src/stm32f1xx_hal_gpio.o
 .ARM.attributes
                0x000002b4       0x2d ./Drivers/STM32F1xx_HAL_Driver/Src/stm32f1xx_hal_i2c.o
 .ARM.attributes
                0x000002e1       0x2d ./Drivers/STM32F1xx_HAL_Driver/Src/stm32f1xx_hal_rcc.o
 .ARM.attributes
                0x0000030e       0x2d ./Drivers/STM32F1xx_HAL_Driver/Src/stm32f1xx_hal_rcc_ex.o
 .ARM.attributes
                0x0000033b       0x2d ./Drivers/STM32F1xx_HAL_Driver/Src/stm32f1xx_hal_spi.o
 .ARM.attributes
                0x00000368       0x2d ./Drivers/STM32F1xx_HAL_Driver/Src/stm32f1xx_hal_tim.o
 .ARM.attributes
                0x00000395       0x2d ./Drivers/STM32F1xx_HAL_Driver/Src/stm32f1xx_hal_tim_ex.o
 .ARM.attributes
                0x000003c2       0x2d ./Drivers/STM32F1xx_HAL_Driver/Src/stm32f1xx_hal_uart.o
 .ARM.attributes
                0x000003ef       0x2d ./FATFS/App/fatfs.o
 .ARM.attributes
                0x0000041c       0x2d ./FATFS/Target/user_diskio.o
 .ARM.attributes
                0x00000449       0x2d ./Middlewares/Third_Party/FatFs/src/diskio.o
 .ARM.attributes
                0x00000476       0x2d ./Middlewares/Third_Party/FatFs/src/ff.o
 .ARM.attributes
                0x000004a3       0x2d ./Middlewares/Third_Party/FatFs/src/ff_gen_drv.o
 .ARM.attributes
                0x000004d0       0x2d /Applications/STM32CubeIDE.app/Contents/Eclipse/plugins/com.st.stm32cube.ide.mcu.externaltools.gnu-tools-for-stm32.13.3.rel1.macos64_1.0.0.202411102158/tools/bin/../lib/gcc/arm-none-eabi/13.3.1/../../../../arm-none-eabi/lib/thumb/v7-m/nofp/libc_nano.a(libc_a-snprintf.o)
 .ARM.attributes
                0x000004fd       0x2d /Applications/STM32CubeIDE.app/Contents/Eclipse/plugins/com.st.stm32cube.ide.mcu.externaltools.gnu-tools-for-stm32.13.3.rel1.macos64_1.0.0.202411102158/tools/bin/../lib/gcc/arm-none-eabi/13.3.1/../../../../arm-none-eabi/lib/thumb/v7-m/nofp/libc_nano.a(libc_a-findfp.o)
 .ARM.attributes
                0x0000052a       0x2d /Applications/STM32CubeIDE.app/Contents/Eclipse/plugins/com.st.stm32cube.ide.mcu.externaltools.gnu-tools-for-stm32.13.3.rel1.macos64_1.0.0.202411102158/tools/bin/../lib/gcc/arm-none-eabi/13.3.1/../../../../arm-none-eabi/lib/thumb/v7-m/nofp/libc_nano.a(libc_a-memset.o)
 .ARM.attributes
                0x00000557       0x2d /Applications/STM32CubeIDE.app/Contents/Eclipse/plugins/com.st.stm32cube.ide.mcu.externaltools.gnu-tools-for-stm32.13.3.rel1.macos64_1.0.0.202411102158/tools/bin/../lib/gcc/arm-none-eabi/13.3.1/../../../../arm-none-eabi/lib/thumb/v7-m/nofp/libc_nano.a(libc_a-errno.o)
 .ARM.attributes
                0x00000584       0x2d /Applications/STM32CubeIDE.app/Contents/Eclipse/plugins/com.st.stm32cube.ide.mcu.externaltools.gnu-tools-for-stm32.13.3.rel1.macos64_1.0.0.202411102158/tools/bin/../lib/gcc/arm-none-eabi/13.3.1/../../../../arm-none-eabi/lib/thumb/v7-m/nofp/libc_nano.a(libc_a-init.o)
 .ARM.attributes
                0x000005b1       0x2d /Applications/STM32CubeIDE.app/Contents/Eclipse/plugins/com.st.stm32cube.ide.mcu.externaltools.gnu-tools-for-stm32.13.3.rel1.macos64_1.0.0.202411102158/tools/bin/../lib/gcc/arm-none-eabi/13.3.1/../../../../arm-none-eabi/lib/thumb/v7-m/nofp/libc_nano.a(libc_a-lock.o)
 .ARM.attributes
                0x000005de       0x2d /Applications/STM32CubeIDE.app/Contents/Eclipse/plugins/com.st.stm32cube.ide.mcu.externaltools.gnu-tools-for-stm32.13.3.rel1.macos64_1.0.0.202411102158/tools/bin/../lib/gcc/arm-none-eabi/13.3.1/../../../../arm-none-eabi/lib/thumb/v7-m/nofp/libc_nano.a(libc_a-impure.o)
 .ARM.attributes
                0x0000060b       0x17 /Applications/STM32CubeIDE.app/Contents/Eclipse/plugins/com.st.stm32cube.ide.mcu.externaltools.gnu-tools-for-stm32.13.3.rel1.macos64_1.0.0.202411102158/tools/bin/../lib/gcc/arm-none-eabi/13.3.1/../../../../arm-none-eabi/lib/thumb/v7-m/nofp/libc_nano.a(libc_a-strlen.o)
 .ARM.attributes
                0x00000622       0x2d /Applications/STM32CubeIDE.app/Contents/Eclipse/plugins/com.st.stm32cube.ide.mcu.externaltools.gnu-tools-for-stm32.13.3.rel1.macos64_1.0.0.202411102158/tools/bin/../lib/gcc/arm-none-eabi/13.3.1/../../../../arm-none-eabi/lib/thumb/v7-m/nofp/libc_nano.a(libc_a-nano-svfprintf.o)
 .ARM.attributes
                0x0000064f       0x2d /Applications/STM32CubeIDE.app/Contents/Eclipse/plugins/com.st.stm32cube.ide.mcu.externaltools.gnu-tools-for-stm32.13.3.rel1.macos64_1.0.0.202411102158/tools/bin/../lib/gcc/arm-none-eabi/13.3.1/../../../../arm-none-eabi/lib/thumb/v7-m/nofp/libc_nano.a(libc_a-mallocr.o)
 .ARM.attributes
                0x0000067c       0x2d /Applications/STM32CubeIDE.app/Contents/Eclipse/plugins/com.st.stm32cube.ide.mcu.externaltools.gnu-tools-for-stm32.13.3.rel1.macos64_1.0.0.202411102158/tools/bin/../lib/gcc/arm-none-eabi/13.3.1/../../../../arm-none-eabi/lib/thumb/v7-m/nofp/libc_nano.a(libc_a-nano-vfprintf_i.o)
 .ARM.attributes
                0x000006a9       0x2d /Applications/STM32CubeIDE.app/Contents/Eclipse/plugins/com.st.stm32cube.ide.mcu.externaltools.gnu-tools-for-stm32.13.3.rel1.macos64_1.0.0.202411102158/tools/bin/../lib/gcc/arm-none-eabi/13.3.1/../../../../arm-none-eabi/lib/thumb/v7-m/nofp/libc_nano.a(libc_a-mlock.o)
 .ARM.attributes
                0x000006d6       0x2d /Applications/STM32CubeIDE.app/Contents/Eclipse/plugins/com.st.stm32cube.ide.mcu.externaltools.gnu-tools-for-stm32.13.3.rel1.macos64_1.0.0.202411102158/tools/bin/../lib/gcc/arm-none-eabi/13.3.1/../../../../arm-none-eabi/lib/thumb/v7-m/nofp/libc_nano.a(libc_a-reallocr.o)
 .ARM.attributes
                0x00000703       0x2d /Applications/STM32CubeIDE.app/Contents/Eclipse/plugins/com.st.stm32cube.ide.mcu.externaltools.gnu-tools-for-stm32.13.3.rel1.macos64_1.0.0.202411102158/tools/bin/../lib/gcc/arm-none-eabi/13.3.1/../../../../arm-none-eabi/lib/thumb/v7-m/nofp/libc_nano.a(libc_a-memmove.o)
 .ARM.attributes
                0x00000730       0x2d /Applications/STM32CubeIDE.app/Contents/Eclipse/plugins/com.st.stm32cube.ide.mcu.externaltools.gnu-tools-for-stm32.13.3.rel1.macos64_1.0.0.202411102158/tools/bin/../lib/gcc/arm-none-eabi/13.3.1/../../../../arm-none-eabi/lib/thumb/v7-m/nofp/libc_nano.a(libc_a-sbrkr.o)
 .ARM.attributes
                0x0000075d       0x2d /Applications/STM32CubeIDE.app/Contents/Eclipse/plugins/com.st.stm32cube.ide.mcu.externaltools.gnu-tools-for-stm32.13.3.rel1.macos64_1.0.0.202411102158/tools/bin/../lib/gcc/arm-none-eabi/13.3.1/../../../../arm-none-eabi/lib/thumb/v7-m/nofp/libc_nano.a(libc_a-reent.o)
 .ARM.attributes
                0x0000078a       0x2d /Applications/STM32CubeIDE.app/Contents/Eclipse/plugins/com.st.stm32cube.ide.mcu.externaltools.gnu-tools-for-stm32.13.3.rel1.macos64_1.0.0.202411102158/tools/bin/../lib/gcc/arm-none-eabi/13.3.1/../../../../arm-none-eabi/lib/thumb/v7-m/nofp/libc_nano.a(libc_a-memchr-stub.o)
 .ARM.attributes
                0x000007b7       0x2d /Applications/STM32CubeIDE.app/Contents/Eclipse/plugins/com.st.stm32cube.ide.mcu.externaltools.gnu-tools-for-stm32.13.3.rel1.macos64_1.0.0.202411102158/tools/bin/../lib/gcc/arm-none-eabi/13.3.1/../../../../arm-none-eabi/lib/thumb/v7-m/nofp/libc_nano.a(libc_a-memcpy-stub.o)
 .ARM.attributes
                0x000007e4       0x2d /Applications/STM32CubeIDE.app/Contents/Eclipse/plugins/com.st.stm32cube.ide.mcu.externaltools.gnu-tools-for-stm32.13.3.rel1.macos64_1.0.0.202411102158/tools/bin/../lib/gcc/arm-none-eabi/13.3.1/../../../../arm-none-eabi/lib/thumb/v7-m/nofp/libc_nano.a(libc_a-freer.o)
 .ARM.attributes
                0x00000811       0x2d /Applications/STM32CubeIDE.app/Contents/Eclipse/plugins/com.st.stm32cube.ide.mcu.externaltools.gnu-tools-for-stm32.13.3.rel1.macos64_1.0.0.202411102158/tools/bin/../lib/gcc/arm-none-eabi/13.3.1/../../../../arm-none-eabi/lib/thumb/v7-m/nofp/libc_nano.a(libc_a-msizer.o)
 .ARM.attributes
                0x0000083e       0x2d /Applications/STM32CubeIDE.app/Contents/Eclipse/plugins/com.st.stm32cube.ide.mcu.externaltools.gnu-tools-for-stm32.13.3.rel1.macos64_1.0.0.202411102158/tools/bin/../lib/gcc/arm-none-eabi/13.3.1/../../../../arm-none-eabi/lib/thumb/v7-m/nofp/libm.a(libm_a-wf_sqrt.o)
 .ARM.attributes
                0x0000086b       0x2d /Applications/STM32CubeIDE.app/Contents/Eclipse/plugins/com.st.stm32cube.ide.mcu.externaltools.gnu-tools-for-stm32.13.3.rel1.macos64_1.0.0.202411102158/tools/bin/../lib/gcc/arm-none-eabi/13.3.1/../../../../arm-none-eabi/lib/thumb/v7-m/nofp/libm.a(libm_a-ef_sqrt.o)
 .ARM.attributes
                0x00000898       0x1d /Applications/STM32CubeIDE.app/Contents/Eclipse/plugins/com.st.stm32cube.ide.mcu.externaltools.gnu-tools-for-stm32.13.3.rel1.macos64_1.0.0.202411102158/tools/bin/../lib/gcc/arm-none-eabi/13.3.1/thumb/v7-m/nofp/libgcc.a(_arm_addsubsf3.o)
 .ARM.attributes
                0x000008b5       0x1d /Applications/STM32CubeIDE.app/Contents/Eclipse/plugins/com.st.stm32cube.ide.mcu.externaltools.gnu-tools-for-stm32.13.3.rel1.macos64_1.0.0.202411102158/tools/bin/../lib/gcc/arm-none-eabi/13.3.1/thumb/v7-m/nofp/libgcc.a(_arm_muldivsf3.o)
 .ARM.attributes
                0x000008d2       0x1d /Applications/STM32CubeIDE.app/Contents/Eclipse/plugins/com.st.stm32cube.ide.mcu.externaltools.gnu-tools-for-stm32.13.3.rel1.macos64_1.0.0.202411102158/tools/bin/../lib/gcc/arm-none-eabi/13.3.1/thumb/v7-m/nofp/libgcc.a(_arm_cmpsf2.o)
 .ARM.attributes
                0x000008ef       0x1d /Applications/STM32CubeIDE.app/Contents/Eclipse/plugins/com.st.stm32cube.ide.mcu.externaltools.gnu-tools-for-stm32.13.3.rel1.macos64_1.0.0.202411102158/tools/bin/../lib/gcc/arm-none-eabi/13.3.1/thumb/v7-m/nofp/libgcc.a(_arm_unordsf2.o)
 .ARM.attributes
                0x0000090c       0x1d /Applications/STM32CubeIDE.app/Contents/Eclipse/plugins/com.st.stm32cube.ide.mcu.externaltools.gnu-tools-for-stm32.13.3.rel1.macos64_1.0.0.202411102158/tools/bin/../lib/gcc/arm-none-eabi/13.3.1/thumb/v7-m/nofp/crtn.o
OUTPUT(331project.elf elf32-littlearm)
LOAD linker stubs
LOAD /Applications/STM32CubeIDE.app/Contents/Eclipse/plugins/com.st.stm32cube.ide.mcu.externaltools.gnu-tools-for-stm32.13.3.rel1.macos64_1.0.0.202411102158/tools/bin/../lib/gcc/arm-none-eabi/13.3.1/../../../../arm-none-eabi/lib/thumb/v7-m/nofp/libc.a
LOAD /Applications/STM32CubeIDE.app/Contents/Eclipse/plugins/com.st.stm32cube.ide.mcu.externaltools.gnu-tools-for-stm32.13.3.rel1.macos64_1.0.0.202411102158/tools/bin/../lib/gcc/arm-none-eabi/13.3.1/../../../../arm-none-eabi/lib/thumb/v7-m/nofp/libm.a
LOAD /Applications/STM32CubeIDE.app/Contents/Eclipse/plugins/com.st.stm32cube.ide.mcu.externaltools.gnu-tools-for-stm32.13.3.rel1.macos64_1.0.0.202411102158/tools/bin/../lib/gcc/arm-none-eabi/13.3.1/thumb/v7-m/nofp/libgcc.a

.debug_info     0x00000000    0x189f2
 .debug_info    0x00000000      0x265 ./Core/Src/fonts.o
 .debug_info    0x00000265     0x438a ./Core/Src/main.o
 .debug_info    0x000045ef     0x10ab ./Core/Src/ssd1306.o
 .debug_info    0x0000569a     0x1596 ./Core/Src/stm32f1xx_hal_msp.o
 .debug_info    0x00006c30      0x376 ./Core/Src/stm32f1xx_it.o
 .debug_info    0x00006fa6      0x180 ./Core/Src/sysmem.o
 .debug_info    0x00007126      0x222 ./Core/Src/system_stm32f1xx.o
 .debug_info    0x00007348       0x30 ./Core/Startup/startup_stm32f103c8tx.o
 .debug_info    0x00007378      0x704 ./Drivers/STM32F1xx_HAL_Driver/Src/stm32f1xx_hal.o
 .debug_info    0x00007a7c      0xc50 ./Drivers/STM32F1xx_HAL_Driver/Src/stm32f1xx_hal_adc.o
 .debug_info    0x000086cc      0xa10 ./Drivers/STM32F1xx_HAL_Driver/Src/stm32f1xx_hal_adc_ex.o
 .debug_info    0x000090dc      0xa87 ./Drivers/STM32F1xx_HAL_Driver/Src/stm32f1xx_hal_cortex.o
 .debug_info    0x00009b63      0x6d2 ./Drivers/STM32F1xx_HAL_Driver/Src/stm32f1xx_hal_dma.o
 .debug_info    0x0000a235      0x5ab ./Drivers/STM32F1xx_HAL_Driver/Src/stm32f1xx_hal_gpio.o
 .debug_info    0x0000a7e0     0x2524 ./Drivers/STM32F1xx_HAL_Driver/Src/stm32f1xx_hal_i2c.o
 .debug_info    0x0000cd04      0x7d5 ./Drivers/STM32F1xx_HAL_Driver/Src/stm32f1xx_hal_rcc.o
 .debug_info    0x0000d4d9      0x3c0 ./Drivers/STM32F1xx_HAL_Driver/Src/stm32f1xx_hal_rcc_ex.o
 .debug_info    0x0000d899     0x142d ./Drivers/STM32F1xx_HAL_Driver/Src/stm32f1xx_hal_spi.o
 .debug_info    0x0000ecc6     0x2959 ./Drivers/STM32F1xx_HAL_Driver/Src/stm32f1xx_hal_tim.o
 .debug_info    0x0001161f     0x149b ./Drivers/STM32F1xx_HAL_Driver/Src/stm32f1xx_hal_tim_ex.o
 .debug_info    0x00012aba     0x2eed ./Drivers/STM32F1xx_HAL_Driver/Src/stm32f1xx_hal_uart.o
 .debug_info    0x000159a7      0x4f5 ./FATFS/App/fatfs.o
 .debug_info    0x00015e9c      0x328 ./FATFS/Target/user_diskio.o
 .debug_info    0x000161c4      0x3da ./Middlewares/Third_Party/FatFs/src/diskio.o
 .debug_info    0x0001659e     0x20da ./Middlewares/Third_Party/FatFs/src/ff.o
 .debug_info    0x00018678      0x37a ./Middlewares/Third_Party/FatFs/src/ff_gen_drv.o

.debug_abbrev   0x00000000     0x35c0
 .debug_abbrev  0x00000000      0x12d ./Core/Src/fonts.o
 .debug_abbrev  0x0000012d      0x429 ./Core/Src/main.o
 .debug_abbrev  0x00000556      0x30e ./Core/Src/ssd1306.o
 .debug_abbrev  0x00000864      0x240 ./Core/Src/stm32f1xx_hal_msp.o
 .debug_abbrev  0x00000aa4      0x170 ./Core/Src/stm32f1xx_it.o
 .debug_abbrev  0x00000c14       0xbc ./Core/Src/sysmem.o
 .debug_abbrev  0x00000cd0      0x13f ./Core/Src/system_stm32f1xx.o
 .debug_abbrev  0x00000e0f       0x24 ./Core/Startup/startup_stm32f103c8tx.o
 .debug_abbrev  0x00000e33      0x201 ./Drivers/STM32F1xx_HAL_Driver/Src/stm32f1xx_hal.o
 .debug_abbrev  0x00001034      0x225 ./Drivers/STM32F1xx_HAL_Driver/Src/stm32f1xx_hal_adc.o
 .debug_abbrev  0x00001259      0x249 ./Drivers/STM32F1xx_HAL_Driver/Src/stm32f1xx_hal_adc_ex.o
 .debug_abbrev  0x000014a2      0x2f8 ./Drivers/STM32F1xx_HAL_Driver/Src/stm32f1xx_hal_cortex.o
 .debug_abbrev  0x0000179a      0x20b ./Drivers/STM32F1xx_HAL_Driver/Src/stm32f1xx_hal_dma.o
 .debug_abbrev  0x000019a5      0x1ca ./Drivers/STM32F1xx_HAL_Driver/Src/stm32f1xx_hal_gpio.o
 .debug_abbrev  0x00001b6f      0x2a3 ./Drivers/STM32F1xx_HAL_Driver/Src/stm32f1xx_hal_i2c.o
 .debug_abbrev  0x00001e12      0x2b3 ./Drivers/STM32F1xx_HAL_Driver/Src/stm32f1xx_hal_rcc.o
 .debug_abbrev  0x000020c5      0x188 ./Drivers/STM32F1xx_HAL_Driver/Src/stm32f1xx_hal_rcc_ex.o