../Core/Src/../../ai/artifacts/starter_model.h:271:12:starter_model_tree_predict	32	static
../Core/Src/../../ai/artifacts/starter_model.h:290:12:starter_model_predict_class	88	static
../Core/Src/../../ai/artifacts/starter_model.h:320:20:starter_model_class_name	16	static
../Core/Src/main.c:198:16:bcd_to_dec	16	static
../Core/Src/main.c:226:13:read_ds3231_timestamp	64	static
../Core/Src/main.c:245:20:dir_short	16	static
../Core/Src/main.c:252:20:dir_long	16	static
../Core/Src/main.c:259:20:event_short	16	static
../Core/Src/main.c:266:20:event_long	16	static
../Core/Src/main.c:273:20:threat_long	16	static
../Core/Src/main.c:278:13:ai_event_reset	8	static
../Core/Src/main.c:283:13:ai_event_capture_block	72	static
../Core/Src/main.c:317:13:ai_compute_spectral_features	96	static
../Core/Src/main.c:394:13:ai_build_feature_vector	88	static
../Core/Src/main.c:446:20:ai_sound_name	16	static
../Core/Src/main.c:455:21:event_type_from_duration	16	static
../Core/Src/main.c:460:16:ai_is_knock_like	16	static
../Core/Src/main.c:470:16:ai_is_glass_like	16	static
../Core/Src/main.c:482:16:ai_is_clap_like	16	static
../Core/Src/main.c:494:12:ai_refine_sound_class	56	static
../Core/Src/main.c:557:12:ai_guess_live_sound_class	64	static
../Core/Src/main.c:583:13:update_live_sound_lock	16	static
../Core/Src/main.c:617:17:direction_to_pulse	16	static
../Core/Src/main.c:624:17:weighted_level_for_channel	16	static
../Core/Src/main.c:635:16:select_capture_channel_from_levels	24	static
../Core/Src/main.c:664:13:sd_log_init	24	static
../Core/Src/main.c:710:13:log_event_to_sd	24	static
../Core/Src/main.c:748:13:sd_log_service	16	static
../Core/Src/main.c:775:13:update_direction_from_levels	32	static
../Core/Src/main.c:838:13:accumulate_event_direction	32	static
../Core/Src/main.c:874:20:resolve_event_direction	280	static
../Core/Src/main.c:937:13:finalize_event	232	static
../Core/Src/main.c:1000:13:update_event_engine	16	static
../Core/Src/main.c:1049:13:process_audio_block	120	static
../Core/Src/main.c:1146:17:level_to_bar	24	static
../Core/Src/main.c:1155:13:update_servo_direction	16	static
../Core/Src/main.c:1181:13:draw_mic_ui	128	static
../Core/Src/main.c:1270:6:HAL_ADC_ConvHalfCpltCallback	16	static
../Core/Src/main.c:1277:6:HAL_ADC_ConvCpltCallback	16	static
../Core/Src/main.c:1289:5:main	8	static
../Core/Src/main.c:1392:6:SystemClock_Config	88	static
../Core/Src/main.c:1432:13:MX_ADC1_Init	24	static
../Core/Src/main.c:1476:13:MX_I2C1_Init	8	static
../Core/Src/main.c:1498:13:MX_SPI1_Init	8	static
../Core/Src/main.c:1523:13:MX_TIM3_Init	48	static
../Core/Src/main.c:1563:13:MX_USART1_UART_Init	8	static
../Core/Src/main.c:1582:13:MX_DMA_Init	16	static
../Core/Src/main.c:1595:13:MX_GPIO_Init	32	static
../Core/Src/main.c:1615:6:Error_Handler	4	static,ignoring_inline_asm
