../Core/Src/../../ai/artifacts/starter_model.h:389:12:starter_model_tree_predict	32	static
../Core/Src/../../ai/artifacts/starter_model.h:408:12:starter_model_predict_class	136	static
../Core/Src/../../ai/artifacts/starter_model.h:438:20:starter_model_class_name	16	static
../Core/Src/main.c:261:16:bcd_to_dec	16	static
../Core/Src/main.c:289:13:read_ds3231_timestamp	64	static
../Core/Src/main.c:308:20:dir_long	16	static
../Core/Src/main.c:315:20:event_short	16	static
../Core/Src/main.c:322:20:event_long	16	static
../Core/Src/main.c:329:20:threat_long	16	static
../Core/Src/main.c:334:16:bt_is_connected	4	static
../Core/Src/main.c:339:17:bt_current_baud	16	static
../Core/Src/main.c:351:20:bt_baud_label	16	static
../Core/Src/main.c:362:13:bt_baud_sweep_service	16	static
../Core/Src/main.c:386:20:bt_status_short	8	static
../Core/Src/main.c:400:20:bt_display_status	8	static
../Core/Src/main.c:422:13:bt_poll_state	16	static
../Core/Src/main.c:447:16:bt_can_transmit	8	static
../Core/Src/main.c:468:13:format_oled_time_header	64	static
../Core/Src/main.c:489:13:bt_send_line	24	static
../Core/Src/main.c:510:13:bt_send_boot_message	128	static
../Core/Src/main.c:522:13:bt_send_status_message	152	static
../Core/Src/main.c:548:13:bt_service	16	static
../Core/Src/main.c:578:13:ai_event_reset	8	static
../Core/Src/main.c:583:13:ai_event_capture_block	72	static
../Core/Src/main.c:617:13:ai_compute_spectral_features	96	static
../Core/Src/main.c:694:13:ai_build_feature_vector	88	static
../Core/Src/main.c:746:20:ai_sound_name	16	static
../Core/Src/main.c:755:21:event_type_from_duration	16	static
../Core/Src/main.c:760:16:ai_is_knock_like	16	static
../Core/Src/main.c:770:16:ai_is_glass_like	16	static
../Core/Src/main.c:782:16:ai_is_clap_like	16	static
../Core/Src/main.c:794:12:ai_refine_sound_class	56	static
../Core/Src/main.c:862:12:ai_guess_live_sound_class	64	static
../Core/Src/main.c:888:13:update_live_sound_lock	16	static
../Core/Src/main.c:922:17:direction_to_pulse	16	static
../Core/Src/main.c:929:17:weighted_level_for_channel	16	static
../Core/Src/main.c:940:16:select_capture_channel_from_levels	24	static
../Core/Src/main.c:969:13:sd_log_init	24	static
../Core/Src/main.c:1015:13:log_event_to_sd	24	static
../Core/Src/main.c:1053:13:sd_log_service	16	static
../Core/Src/main.c:1080:13:update_direction_from_levels	32	static
../Core/Src/main.c:1143:13:accumulate_event_direction	32	static
../Core/Src/main.c:1179:20:resolve_event_direction	280	static
../Core/Src/main.c:1242:13:bt_send_event_message	248	static
../Core/Src/main.c:1261:13:finalize_event	232	static
../Core/Src/main.c:1329:13:reset_event_candidate	4	static
../Core/Src/main.c:1336:13:update_event_engine	16	static
../Core/Src/main.c:1409:16:mic_is_calibrating	8	static
../Core/Src/main.c:1414:13:update_noise_floor_from_raw	32	static
../Core/Src/main.c:1443:13:update_bar_scale	16	static
../Core/Src/main.c:1470:13:process_audio_block	112	static
../Core/Src/main.c:1560:17:level_to_bar	24	static
../Core/Src/main.c:1576:16:level_to_ring_brightness	24	static
../Core/Src/main.c:1587:13:ring_set_pixel	16	static
../Core/Src/main.c:1598:13:ring_fill	24	static
../Core/Src/main.c:1605:20:ring_sector_for_led	24	static
../Core/Src/main.c:1618:13:ring_show_direction	24	static
../Core/Src/main.c:1649:13:ring_apply_status_pixel	8	static
../Core/Src/main.c:1664:13:ring_build_pattern	32	static
../Core/Src/main.c:1696:13:ring_send_pixels	24	static
../Core/Src/main.c:1730:13:ring_light_init	8	static
../Core/Src/main.c:1736:13:ring_light_service	16	static
../Core/Src/main.c:1749:6:HAL_TIM_PWM_PulseFinishedCallback	16	static
../Core/Src/main.c:1757:13:select_oled1	8	static
../Core/Src/main.c:1762:13:select_oled2	8	static
../Core/Src/main.c:1767:13:draw_header	24	static
../Core/Src/main.c:1775:13:draw_big_centered	40	static
../Core/Src/main.c:1797:13:draw_status_pill	24	static
../Core/Src/main.c:1807:13:draw_dir_box	24	static
../Core/Src/main.c:1820:13:draw_direction_strip	16	static
../Core/Src/main.c:1827:13:draw_bar_row	40	static
../Core/Src/main.c:1852:13:update_servo_direction	16	static
../Core/Src/main.c:1878:13:draw_mic_ui	32	static
../Core/Src/main.c:1908:13:draw_event_ui	96	static
../Core/Src/main.c:1989:13:init_oled_displays	8	static
../Core/Src/main.c:2001:6:HAL_ADC_ConvHalfCpltCallback	16	static
../Core/Src/main.c:2008:6:HAL_ADC_ConvCpltCallback	16	static
../Core/Src/main.c:2020:5:main	8	static
../Core/Src/main.c:2138:6:SystemClock_Config	88	static
../Core/Src/main.c:2182:13:MX_ADC1_Init	24	static
../Core/Src/main.c:2247:13:MX_I2C1_Init	8	static
../Core/Src/main.c:2281:13:MX_I2C2_Init	8	static
../Core/Src/main.c:2315:13:MX_SPI1_Init	8	static
../Core/Src/main.c:2353:13:MX_TIM1_Init	80	static
../Core/Src/main.c:2418:13:MX_TIM3_Init	48	static
../Core/Src/main.c:2467:13:MX_USART1_UART_Init	8	static
../Core/Src/main.c:2498:13:MX_DMA_Init	16	static
../Core/Src/main.c:2519:13:MX_GPIO_Init	32	static
../Core/Src/main.c:2565:6:Error_Handler	4	static,ignoring_inline_asm
