../Core/Src/ssd1306.c:29:27:ssd1306_active_i2c	4	static
../Core/Src/ssd1306.c:34:16:ssd1306_active_addr	4	static
../Core/Src/ssd1306.c:60:6:SSD1306_SelectI2C	16	static
../Core/Src/ssd1306.c:83:6:SSD1306_ScrollRight	16	static
../Core/Src/ssd1306.c:96:6:SSD1306_ScrollLeft	16	static
../Core/Src/ssd1306.c:109:6:SSD1306_Scrolldiagright	16	static
../Core/Src/ssd1306.c:125:6:SSD1306_Scrolldiagleft	16	static
../Core/Src/ssd1306.c:141:6:SSD1306_Stopscroll	8	static
../Core/Src/ssd1306.c:148:6:SSD1306_InvertDisplay	16	static
../Core/Src/ssd1306.c:157:6:SSD1306_DrawBitmap	32	static
../Core/Src/ssd1306.c:187:9:SSD1306_Init	24	static
../Core/Src/ssd1306.c:253:6:SSD1306_UpdateScreen	16	static
../Core/Src/ssd1306.c:266:6:SSD1306_ToggleInvert	16	static
../Core/Src/ssd1306.c:278:6:SSD1306_Fill	16	static
../Core/Src/ssd1306.c:283:6:SSD1306_DrawPixel	16	static
../Core/Src/ssd1306.c:305:6:SSD1306_GotoXY	16	static
../Core/Src/ssd1306.c:311:6:SSD1306_Putc	32	static
../Core/Src/ssd1306.c:342:6:SSD1306_Puts	24	static
../Core/Src/ssd1306.c:360:6:SSD1306_DrawLine	40	static
../Core/Src/ssd1306.c:444:6:SSD1306_DrawRectangle	32	static
../Core/Src/ssd1306.c:469:6:SSD1306_DrawFilledRectangle	40	static
../Core/Src/ssd1306.c:496:6:SSD1306_DrawTriangle	32	static
../Core/Src/ssd1306.c:504:6:SSD1306_DrawFilledTriangle	64	static
../Core/Src/ssd1306.c:560:6:SSD1306_DrawCircle	40	static
../Core/Src/ssd1306.c:594:6:SSD1306_DrawFilledCircle	48	static
../Core/Src/ssd1306.c:627:6:SSD1306_Clear	8	static
../Core/Src/ssd1306.c:632:6:SSD1306_ON	8	static
../Core/Src/ssd1306.c:637:6:SSD1306_OFF	8	static
../Core/Src/ssd1306.c:653:6:ssd1306_I2C_Init	16	static
../Core/Src/ssd1306.c:665:6:ssd1306_I2C_WriteMulti	296	static
../Core/Src/ssd1306.c:675:6:ssd1306_I2C_Write	32	static
